Archive member included because of file (symbol)

/opt/altera/altera12.1/nios2eds/bin/gnu/H-i686-pc-linux-gnu/bin/../lib/gcc/nios2-elf/4.1.2/../../../../nios2-elf/lib/libm.a(lib_a-s_cos.o)
                              obj/default/hello_world.o (cos)
/opt/altera/altera12.1/nios2eds/bin/gnu/H-i686-pc-linux-gnu/bin/../lib/gcc/nios2-elf/4.1.2/../../../../nios2-elf/lib/libm.a(lib_a-s_sin.o)
                              obj/default/hello_world.o (sin)
/opt/altera/altera12.1/nios2eds/bin/gnu/H-i686-pc-linux-gnu/bin/../lib/gcc/nios2-elf/4.1.2/../../../../nios2-elf/lib/libm.a(lib_a-e_rem_pio2.o)
                              /opt/altera/altera12.1/nios2eds/bin/gnu/H-i686-pc-linux-gnu/bin/../lib/gcc/nios2-elf/4.1.2/../../../../nios2-elf/lib/libm.a(lib_a-s_cos.o) (__ieee754_rem_pio2)
/opt/altera/altera12.1/nios2eds/bin/gnu/H-i686-pc-linux-gnu/bin/../lib/gcc/nios2-elf/4.1.2/../../../../nios2-elf/lib/libm.a(lib_a-k_cos.o)
                              /opt/altera/altera12.1/nios2eds/bin/gnu/H-i686-pc-linux-gnu/bin/../lib/gcc/nios2-elf/4.1.2/../../../../nios2-elf/lib/libm.a(lib_a-s_cos.o) (__kernel_cos)
/opt/altera/altera12.1/nios2eds/bin/gnu/H-i686-pc-linux-gnu/bin/../lib/gcc/nios2-elf/4.1.2/../../../../nios2-elf/lib/libm.a(lib_a-k_rem_pio2.o)
                              /opt/altera/altera12.1/nios2eds/bin/gnu/H-i686-pc-linux-gnu/bin/../lib/gcc/nios2-elf/4.1.2/../../../../nios2-elf/lib/libm.a(lib_a-e_rem_pio2.o) (__kernel_rem_pio2)
/opt/altera/altera12.1/nios2eds/bin/gnu/H-i686-pc-linux-gnu/bin/../lib/gcc/nios2-elf/4.1.2/../../../../nios2-elf/lib/libm.a(lib_a-k_sin.o)
                              /opt/altera/altera12.1/nios2eds/bin/gnu/H-i686-pc-linux-gnu/bin/../lib/gcc/nios2-elf/4.1.2/../../../../nios2-elf/lib/libm.a(lib_a-s_cos.o) (__kernel_sin)
/opt/altera/altera12.1/nios2eds/bin/gnu/H-i686-pc-linux-gnu/bin/../lib/gcc/nios2-elf/4.1.2/../../../../nios2-elf/lib/libm.a(lib_a-s_fabs.o)
                              /opt/altera/altera12.1/nios2eds/bin/gnu/H-i686-pc-linux-gnu/bin/../lib/gcc/nios2-elf/4.1.2/../../../../nios2-elf/lib/libm.a(lib_a-e_rem_pio2.o) (fabs)
/opt/altera/altera12.1/nios2eds/bin/gnu/H-i686-pc-linux-gnu/bin/../lib/gcc/nios2-elf/4.1.2/../../../../nios2-elf/lib/libm.a(lib_a-s_floor.o)
                              /opt/altera/altera12.1/nios2eds/bin/gnu/H-i686-pc-linux-gnu/bin/../lib/gcc/nios2-elf/4.1.2/../../../../nios2-elf/lib/libm.a(lib_a-k_rem_pio2.o) (floor)
/opt/altera/altera12.1/nios2eds/bin/gnu/H-i686-pc-linux-gnu/bin/../lib/gcc/nios2-elf/4.1.2/../../../../nios2-elf/lib/libm.a(lib_a-s_scalbn.o)
                              /opt/altera/altera12.1/nios2eds/bin/gnu/H-i686-pc-linux-gnu/bin/../lib/gcc/nios2-elf/4.1.2/../../../../nios2-elf/lib/libm.a(lib_a-k_rem_pio2.o) (scalbn)
/opt/altera/altera12.1/nios2eds/bin/gnu/H-i686-pc-linux-gnu/bin/../lib/gcc/nios2-elf/4.1.2/../../../../nios2-elf/lib/libm.a(lib_a-s_copysign.o)
                              /opt/altera/altera12.1/nios2eds/bin/gnu/H-i686-pc-linux-gnu/bin/../lib/gcc/nios2-elf/4.1.2/../../../../nios2-elf/lib/libm.a(lib_a-s_scalbn.o) (copysign)
/opt/altera/altera12.1/nios2eds/bin/gnu/H-i686-pc-linux-gnu/bin/../lib/gcc/nios2-elf/4.1.2/libgcc.a(_addsub_df.o)
                              /opt/altera/altera12.1/nios2eds/bin/gnu/H-i686-pc-linux-gnu/bin/../lib/gcc/nios2-elf/4.1.2/../../../../nios2-elf/lib/libm.a(lib_a-s_cos.o) (__subdf3)
/opt/altera/altera12.1/nios2eds/bin/gnu/H-i686-pc-linux-gnu/bin/../lib/gcc/nios2-elf/4.1.2/libgcc.a(_mul_df.o)
                              obj/default/hello_world.o (__muldf3)
/opt/altera/altera12.1/nios2eds/bin/gnu/H-i686-pc-linux-gnu/bin/../lib/gcc/nios2-elf/4.1.2/libgcc.a(_eq_df.o)
                              /opt/altera/altera12.1/nios2eds/bin/gnu/H-i686-pc-linux-gnu/bin/../lib/gcc/nios2-elf/4.1.2/../../../../nios2-elf/lib/libm.a(lib_a-e_rem_pio2.o) (__eqdf2)
/opt/altera/altera12.1/nios2eds/bin/gnu/H-i686-pc-linux-gnu/bin/../lib/gcc/nios2-elf/4.1.2/libgcc.a(_gt_df.o)
                              /opt/altera/altera12.1/nios2eds/bin/gnu/H-i686-pc-linux-gnu/bin/../lib/gcc/nios2-elf/4.1.2/../../../../nios2-elf/lib/libm.a(lib_a-s_floor.o) (__gtdf2)
/opt/altera/altera12.1/nios2eds/bin/gnu/H-i686-pc-linux-gnu/bin/../lib/gcc/nios2-elf/4.1.2/libgcc.a(_ge_df.o)
                              /opt/altera/altera12.1/nios2eds/bin/gnu/H-i686-pc-linux-gnu/bin/../lib/gcc/nios2-elf/4.1.2/../../../../nios2-elf/lib/libm.a(lib_a-k_rem_pio2.o) (__gedf2)
/opt/altera/altera12.1/nios2eds/bin/gnu/H-i686-pc-linux-gnu/bin/../lib/gcc/nios2-elf/4.1.2/libgcc.a(_si_to_df.o)
                              obj/default/hello_world.o (__floatsidf)
/opt/altera/altera12.1/nios2eds/bin/gnu/H-i686-pc-linux-gnu/bin/../lib/gcc/nios2-elf/4.1.2/libgcc.a(_df_to_si.o)
                              obj/default/hello_world.o (__fixdfsi)
/opt/altera/altera12.1/nios2eds/bin/gnu/H-i686-pc-linux-gnu/bin/../lib/gcc/nios2-elf/4.1.2/libgcc.a(_thenan_df.o)
[...]
Memory Configuration

Name             Origin             Length             Attributes
reset            0x00800000         0x00000020
sdram_0          0x00800020         0x007fffe0
*default*        0x00000000         0xffffffff

Linker script and memory map

LOAD ../CUDoom_Fin_bsp//obj/HAL/src/crt0.o
LOAD obj/default/hello_world.o
LOAD /opt/altera/altera12.1/nios2eds/bin/gnu/H-i686-pc-linux-gnu/bin/../lib/gcc/nios2-elf/4.1.2/../../../../nios2-elf/lib/libstdc++.a
LOAD /opt/altera/altera12.1/nios2eds/bin/gnu/H-i686-pc-linux-gnu/bin/../lib/gcc/nios2-elf/4.1.2/../../../../nios2-elf/lib/libm.a
LOAD /opt/altera/altera12.1/nios2eds/bin/gnu/H-i686-pc-linux-gnu/bin/../lib/gcc/nios2-elf/4.1.2/libgcc.a
START GROUP
LOAD /opt/altera/altera12.1/nios2eds/bin/gnu/H-i686-pc-linux-gnu/bin/../lib/gcc/nios2-elf/4.1.2/../../../../nios2-elf/lib/libc.a
LOAD /opt/altera/altera12.1/nios2eds/bin/gnu/H-i686-pc-linux-gnu/bin/../lib/gcc/nios2-elf/4.1.2/libgcc.a
LOAD ../CUDoom_Fin_bsp//libhal_bsp.a
END GROUP
LOAD /opt/altera/altera12.1/nios2eds/bin/gnu/H-i686-pc-linux-gnu/bin/../lib/gcc/nios2-elf/4.1.2/libgcc.a
                0x00800000                __alt_mem_sdram_0 = 0x800000

.entry          0x00800000       0x20
 *(.entry)
 .entry         0x00800000       0x20 ../CUDoom_Fin_bsp//obj/HAL/src/crt0.o
                0x00800000                __reset

.exceptions     0x00800020      0x194
                0x00800020                PROVIDE (__ram_exceptions_start, ABSOLUTE (.))
                0x00800020                . = ALIGN (0x20)
 *(.irq)
 *(.exceptions.entry.label)
 .exceptions.entry.label
                0x00800020        0x0 ../CUDoom_Fin_bsp//libhal_bsp.a(alt_irq_entry.o)
                0x00800020                alt_irq_entry
 .exceptions.entry.label
                0x00800020        0x0 ../CUDoom_Fin_bsp//libhal_bsp.a(alt_exception_entry.o)
                0x00800020                alt_exception
 *(.exceptions.entry.user)
 *(.exceptions.entry)
 .exceptions.entry
                0x00800020       0x54 ../CUDoom_Fin_bsp//libhal_bsp.a(alt_exception_entry.o)
 *(.exceptions.irqtest.user)
 *(.exceptions.irqtest)
 .exceptions.irqtest
                0x00800074       0x10 ../CUDoom_Fin_bsp//libhal_bsp.a(alt_irq_entry.o)
 *(.exceptions.irqhandler.user)
 *(.exceptions.irqhandler)
 .exceptions.irqhandler
                0x00800084        0x4 ../CUDoom_Fin_bsp//libhal_bsp.a(alt_irq_entry.o)
 *(.exceptions.irqreturn.user)
 *(.exceptions.irqreturn)
 .exceptions.irqreturn
                0x00800088        0x4 ../CUDoom_Fin_bsp//libhal_bsp.a(alt_irq_entry.o)
 *(.exceptions.notirq.label)
 .exceptions.notirq.label
                0x0080008c        0x0 ../CUDoom_Fin_bsp//libhal_bsp.a(alt_irq_entry.o)
 *(.exceptions.notirq.user)
 *(.exceptions.notirq)
 .exceptions.notirq
                0x0080008c        0x8 ../CUDoom_Fin_bsp//libhal_bsp.a(alt_exception_entry.o)
 *(.exceptions.soft.user)
 *(.exceptions.soft)
 *(.exceptions.unknown.user)
 *(.exceptions.unknown)
 .exceptions.unknown
                0x00800094        0x4 ../CUDoom_Fin_bsp//libhal_bsp.a(alt_exception_entry.o)
 *(.exceptions.exit.label)
 .exceptions.exit.label
                0x00800098        0x0 ../CUDoom_Fin_bsp//libhal_bsp.a(alt_irq_entry.o)
 .exceptions.exit.label
                0x00800098        0x0 ../CUDoom_Fin_bsp//libhal_bsp.a(alt_exception_entry.o)
 *(.exceptions.exit.user)
 *(.exceptions.exit)
 .exceptions.exit
                0x00800098       0x54 ../CUDoom_Fin_bsp//libhal_bsp.a(alt_exception_entry.o)
 *(.exceptions)
 .exceptions    0x008000ec       0xc8 ../CUDoom_Fin_bsp//libhal_bsp.a(alt_irq_handler.o)
                0x008000ec                alt_irq_handler
                0x008001b4                PROVIDE (__ram_exceptions_end, ABSOLUTE (.))
                0x00800020                PROVIDE (__flash_exceptions_start, LOADADDR (.exceptions))

.text           0x008001b4     0xf0ac
                0x008001b4                PROVIDE (stext, ABSOLUTE (.))
 *(.interp)
 *(.hash)
 *(.dynsym)
 *(.dynstr)
 *(.gnu.version)
 *(.gnu.version_d)
 *(.gnu.version_r)
 *(.rel.init)
 *(.rela.init)
 *(.rel.text .rel.text.* .rel.gnu.linkonce.t.*)
 *(.rela.text .rela.text.* .rela.gnu.linkonce.t.*)
 *(.rel.fini)
 *(.rela.fini)
 *(.rel.rodata .rel.rodata.* .rel.gnu.linkonce.r.*)
 *(.rela.rodata .rela.rodata.* .rela.gnu.linkonce.r.*)
 *(.rel.data .rel.data.* .rel.gnu.linkonce.d.*)
 *(.rela.data .rela.data.* .rela.gnu.linkonce.d.*)
 *(.rel.tdata .rel.tdata.* .rel.gnu.linkonce.td.*)
 *(.rela.tdata .rela.tdata.* .rela.gnu.linkonce.td.*)
 *(.rel.tbss .rel.tbss.* .rel.gnu.linkonce.tb.*)
 *(.rela.tbss .rela.tbss.* .rela.gnu.linkonce.tb.*)
 *(.rel.ctors)
 *(.rela.ctors)
 *(.rel.dtors)
 *(.rela.dtors)
 *(.rel.got)
 *(.rela.got)
 *(.rel.sdata .rel.sdata.* .rel.gnu.linkonce.s.*)
 *(.rela.sdata .rela.sdata.* .rela.gnu.linkonce.s.*)
 *(.rel.sbss .rel.sbss.* .rel.gnu.linkonce.sb.*)
 *(.rela.sbss .rela.sbss.* .rela.gnu.linkonce.sb.*)
 *(.rel.sdata2 .rel.sdata2.* .rel.gnu.linkonce.s2.*)
 *(.rela.sdata2 .rela.sdata2.* .rela.gnu.linkonce.s2.*)
 *(.rel.sbss2 .rel.sbss2.* .rel.gnu.linkonce.sb2.*)
 *(.rela.sbss2 .rela.sbss2.* .rela.gnu.linkonce.sb2.*)
 *(.rel.bss .rel.bss.* .rel.gnu.linkonce.b.*)
 *(.rela.bss .rela.bss.* .rela.gnu.linkonce.b.*)
 *(.rel.plt)
 *(.rela.plt)
 *(.rel.dyn)
 *(.init)
 *(.plt)
 *(.text .stub .text.* .gnu.linkonce.t.*)
 .text          0x008001b4       0x4c ../CUDoom_Fin_bsp//obj/HAL/src/crt0.o
                0x008001b4                _start
 .text          0x00800200      0xa5c obj/default/hello_world.o
                0x00800200                main
                0x008009e0                absVal
                0x00800a1c                intToDouble
                0x00800a44                doubleToInt
                0x00800aa0                DrawTexture
                0x00800b98                DrawAccelerate
 .text          0x00800c5c      0x168 /opt/altera/altera12.1/nios2eds/bin/gnu/H-i686-pc-linux-gnu/bin/../lib/gcc/nios2-elf/4.1.2/../../../../nios2-elf/lib/libm.a(lib_a-s_cos.o)
                0x00800c5c                cos
 .text          0x00800dc4      0x16c /opt/altera/altera12.1/nios2eds/bin/gnu/H-i686-pc-linux-gnu/bin/../lib/gcc/nios2-elf/4.1.2/../../../../nios2-elf/lib/libm.a(lib_a-s_sin.o)
                0x00800dc4                sin
 .text          0x00800f30      0x828 /opt/altera/altera12.1/nios2eds/bin/gnu/H-i686-pc-linux-gnu/bin/../lib/gcc/nios2-elf/4.1.2/../../../../nios2-elf/lib/libm.a(lib_a-e_rem_pio2.o)
                0x00800f30                __ieee754_rem_pio2
 .text          0x00801758      0x52c /opt/altera/altera12.1/nios2eds/bin/gnu/H-i686-pc-linux-gnu/bin/../lib/gcc/nios2-elf/4.1.2/../../../../nios2-elf/lib/libm.a(lib_a-k_cos.o)
                0x00801758                __kernel_cos
 .text          0x00801c84      0xe7c /opt/altera/altera12.1/nios2eds/bin/gnu/H-i686-pc-linux-gnu/bin/../lib/gcc/nios2-elf/4.1.2/../../../../nios2-elf/lib/libm.a(lib_a-k_rem_pio2.o)
                0x00801c84                __kernel_rem_pio2
 .text          0x00802b00      0x318 /opt/altera/altera12.1/nios2eds/bin/gnu/H-i686-pc-linux-gnu/bin/../lib/gcc/nios2-elf/4.1.2/../../../../nios2-elf/lib/libm.a(lib_a-k_sin.o)
                0x00802b00                __kernel_sin
 .text          0x00802e18       0x18 /opt/altera/altera12.1/nios2eds/bin/gnu/H-i686-pc-linux-gnu/bin/../lib/gcc/nios2-elf/4.1.2/../../../../nios2-elf/lib/libm.a(lib_a-s_fabs.o)
                0x00802e18                fabs
 .text          0x00802e30      0x224 /opt/altera/altera12.1/nios2eds/bin/gnu/H-i686-pc-linux-gnu/bin/../lib/gcc/nios2-elf/4.1.2/../../../../nios2-elf/lib/libm.a(lib_a-s_floor.o)
                0x00802e30                floor
 .text          0x00803054      0x1e0 /opt/altera/altera12.1/nios2eds/bin/gnu/H-i686-pc-linux-gnu/bin/../lib/gcc/nios2-elf/4.1.2/../../../../nios2-elf/lib/libm.a(lib_a-s_scalbn.o)
                0x00803054                scalbn
 .text          0x00803234       0x24 /opt/altera/altera12.1/nios2eds/bin/gnu/H-i686-pc-linux-gnu/bin/../lib/gcc/nios2-elf/4.1.2/../../../../nios2-elf/lib/libm.a(lib_a-s_copysign.o)
                0x00803234                copysign
 .text          0x00803258      0x504 /opt/altera/altera12.1/nios2eds/bin/gnu/H-i686-pc-linux-gnu/bin/../lib/gcc/nios2-elf/4.1.2/libgcc.a(_addsub_df.o)
                0x00803668                __subdf3
                0x008036e8                __adddf3
 .text          0x0080375c      0x3c4 /opt/altera/altera12.1/nios2eds/bin/gnu/H-i686-pc-linux-gnu/bin/../lib/gcc/nios2-elf/4.1.2/libgcc.a(_mul_df.o)
                0x0080375c                __muldf3
 .text          0x00803b20       0x88 /opt/altera/altera12.1/nios2eds/bin/gnu/H-i686-pc-linux-gnu/bin/../lib/gcc/nios2-elf/4.1.2/libgcc.a(_eq_df.o)
                0x00803b20                __eqdf2
 .text          0x00803ba8       0x88 /opt/altera/altera12.1/nios2eds/bin/gnu/H-i686-pc-linux-gnu/bin/../lib/gcc/nios2-elf/4.1.2/libgcc.a(_gt_df.o)
                0x00803ba8                __gtdf2
 .text          0x00803c30       0x88 /opt/altera/altera12.1/nios2eds/bin/gnu/H-i686-pc-linux-gnu/bin/../lib/gcc/nios2-elf/4.1.2/libgcc.a(_ge_df.o)
                0x00803c30                __gedf2
 .text          0x00803cb8       0xf8 /opt/altera/altera12.1/nios2eds/bin/gnu/H-i686-pc-linux-gnu/bin/../lib/gcc/nios2-elf/4.1.2/libgcc.a(_si_to_df.o)
                0x00803cb8                __floatsidf
 .text          0x00803db0       0xd8 /opt/altera/altera12.1/nios2eds/bin/gnu/H-i686-pc-linux-gnu/bin/../lib/gcc/nios2-elf/4.1.2/libgcc.a(_df_to_si.o)
                0x00803db0                __fixdfsi
 .text          0x00803e88        0x0 /opt/altera/altera12.1/nios2eds/bin/gnu/H-i686-pc-linux-gnu/bin/../lib/gcc/nios2-elf/4.1.2/libgcc.a(_thenan_df.o)
 .text          0x00803e88      0x14c /opt/altera/altera12.1/nios2eds/bin/gnu/H-i686-pc-linux-gnu/bin/../lib/gcc/nios2-elf/4.1.2/libgcc.a(lib2-divmod.o)
                0x00803f04                __divsi3
                0x00803f64                __modsi3
                0x00803fc4                __udivsi3
                0x00803fcc                __umodsi3
 .text          0x00803fd4       0x98 /opt/altera/altera12.1/nios2eds/bin/gnu/H-i686-pc-linux-gnu/bin/../lib/gcc/nios2-elf/4.1.2/libgcc.a(_muldi3.o)
                0x00803fd4                __muldi3
 .text          0x0080406c       0x80 /opt/altera/altera12.1/nios2eds/bin/gnu/H-i686-pc-linux-gnu/bin/../lib/gcc/nios2-elf/4.1.2/libgcc.a(_clzsi2.o)
                0x0080406c                __clzsi2
 .text          0x008040ec      0x314 /opt/altera/altera12.1/nios2eds/bin/gnu/H-i686-pc-linux-gnu/bin/../lib/gcc/nios2-elf/4.1.2/libgcc.a(_pack_df.o)
                0x008040ec                __pack_d
 .text          0x00804400      0x138 /opt/altera/altera12.1/nios2eds/bin/gnu/H-i686-pc-linux-gnu/bin/../lib/gcc/nios2-elf/4.1.2/libgcc.a(_unpack_df.o)
                0x00804400                __unpack_d
 .text          0x00804538       0xc8 /opt/altera/altera12.1/nios2eds/bin/gnu/H-i686-pc-linux-gnu/bin/../lib/gcc/nios2-elf/4.1.2/libgcc.a(_fpcmp_parts_df.o)
                0x00804538                __fpcmp_parts_d
 .text          0x00804600        0x0 /opt/altera/altera12.1/nios2eds/bin/gnu/H-i686-pc-linux-gnu/bin/../lib/gcc/nios2-elf/4.1.2/libgcc.a(_clz.o)
 .text          0x00804600       0x78 /opt/altera/altera12.1/nios2eds/bin/gnu/H-i686-pc-linux-gnu/bin/../lib/gcc/nios2-elf/4.1.2/../../../../nios2-elf/lib/libc.a(lib_a-printf.o)
                0x00804600                printf
                0x00804644                _printf_r
 .text          0x00804678     0x1f28 /opt/altera/altera12.1/nios2eds/bin/gnu/H-i686-pc-linux-gnu/bin/../lib/gcc/nios2-elf/4.1.2/../../../../nios2-elf/lib/libc.a(lib_a-vfprintf.o)
                0x008046d0                ___vfprintf_internal_r
                0x0080657c                __vfprintf_internal
 .text          0x008065a0      0x13c /opt/altera/altera12.1/nios2eds/bin/gnu/H-i686-pc-linux-gnu/bin/../lib/gcc/nios2-elf/4.1.2/../../../../nios2-elf/lib/libc.a(lib_a-wsetup.o)
                0x008065a0                __swsetup_r
 .text          0x008066dc     0x17cc /opt/altera/altera12.1/nios2eds/bin/gnu/H-i686-pc-linux-gnu/bin/../lib/gcc/nios2-elf/4.1.2/../../../../nios2-elf/lib/libc.a(lib_a-dtoa.o)
                0x008068f4                _dtoa_r
 .text          0x00807ea8      0x230 /opt/altera/altera12.1/nios2eds/bin/gnu/H-i686-pc-linux-gnu/bin/../lib/gcc/nios2-elf/4.1.2/../../../../nios2-elf/lib/libc.a(lib_a-fflush.o)
                0x00807ea8                _fflush_r
                0x008080a4                fflush
 .text          0x008080d8      0x2c0 /opt/altera/altera12.1/nios2eds/bin/gnu/H-i686-pc-linux-gnu/bin/../lib/gcc/nios2-elf/4.1.2/../../../../nios2-elf/lib/libc.a(lib_a-findfp.o)
                0x00808130                __sfp_lock_acquire
                0x00808134                __sfp_lock_release
                0x00808138                __sinit_lock_acquire
                0x0080813c                __sinit_lock_release
                0x00808140                __sinit
                0x008081f4                __fp_unlock_all
                0x0080820c                __fp_lock_all
                0x00808224                _cleanup_r
                0x00808230                _cleanup
                0x00808240                __sfmoreglue
                0x008082a8                __sfp
 .text          0x00808398      0x440 /opt/altera/altera12.1/nios2eds/bin/gnu/H-i686-pc-linux-gnu/bin/../lib/gcc/nios2-elf/4.1.2/../../../../nios2-elf/lib/libc.a(lib_a-freer.o)
                0x00808398                _malloc_trim_r
                0x008084c4                _free_r
 .text          0x008087d8      0x49c /opt/altera/altera12.1/nios2eds/bin/gnu/H-i686-pc-linux-gnu/bin/../lib/gcc/nios2-elf/4.1.2/../../../../nios2-elf/lib/libc.a(lib_a-fvwrite.o)
                0x008087d8                __sfvwrite_r
 .text          0x00808c74      0x180 /opt/altera/altera12.1/nios2eds/bin/gnu/H-i686-pc-linux-gnu/bin/../lib/gcc/nios2-elf/4.1.2/../../../../nios2-elf/lib/libc.a(lib_a-fwalk.o)
                0x00808c74                _fwalk_reent
                0x00808d3c                _fwalk
 .text          0x00808df4        0x0 /opt/altera/altera12.1/nios2eds/bin/gnu/H-i686-pc-linux-gnu/bin/../lib/gcc/nios2-elf/4.1.2/../../../../nios2-elf/lib/libc.a(lib_a-impure.o)
 .text          0x00808df4       0xc4 /opt/altera/altera12.1/nios2eds/bin/gnu/H-i686-pc-linux-gnu/bin/../lib/gcc/nios2-elf/4.1.2/../../../../nios2-elf/lib/libc.a(lib_a-locale.o)
                0x00808df4                __locale_charset
                0x00808dfc                _localeconv_r
                0x00808e08                localeconv
                0x00808e18                _setlocale_r
                0x00808e9c                setlocale
 .text          0x00808eb8      0x194 /opt/altera/altera12.1/nios2eds/bin/gnu/H-i686-pc-linux-gnu/bin/../lib/gcc/nios2-elf/4.1.2/../../../../nios2-elf/lib/libc.a(lib_a-makebuf.o)
                0x00808eb8                __smakebuf_r
 .text          0x0080904c      0x740 /opt/altera/altera12.1/nios2eds/bin/gnu/H-i686-pc-linux-gnu/bin/../lib/gcc/nios2-elf/4.1.2/../../../../nios2-elf/lib/libc.a(lib_a-mallocr.o)
                0x0080904c                _malloc_r
 .text          0x0080978c       0xe4 /opt/altera/altera12.1/nios2eds/bin/gnu/H-i686-pc-linux-gnu/bin/../lib/gcc/nios2-elf/4.1.2/../../../../nios2-elf/lib/libc.a(lib_a-memchr.o)
                0x0080978c                memchr
 .text          0x00809870       0xa0 /opt/altera/altera12.1/nios2eds/bin/gnu/H-i686-pc-linux-gnu/bin/../lib/gcc/nios2-elf/4.1.2/../../../../nios2-elf/lib/libc.a(lib_a-memcpy.o)
                0x00809870                memcpy
 .text          0x00809910       0xe0 /opt/altera/altera12.1/nios2eds/bin/gnu/H-i686-pc-linux-gnu/bin/../lib/gcc/nios2-elf/4.1.2/../../../../nios2-elf/lib/libc.a(lib_a-memmove.o)
                0x00809910                memmove
 .text          0x008099f0       0x98 /opt/altera/altera12.1/nios2eds/bin/gnu/H-i686-pc-linux-gnu/bin/../lib/gcc/nios2-elf/4.1.2/../../../../nios2-elf/lib/libc.a(lib_a-memset.o)
                0x008099f0                memset
 .text          0x00809a88      0xff4 /opt/altera/altera12.1/nios2eds/bin/gnu/H-i686-pc-linux-gnu/bin/../lib/gcc/nios2-elf/4.1.2/../../../../nios2-elf/lib/libc.a(lib_a-mprec.o)
                0x00809a88                _Bfree
                0x00809ab0                __hi0bits
                0x00809b20                __lo0bits
                0x00809be4                __mcmp
                0x00809c44                __ulp
                0x00809cc4                __b2d
                0x00809de4                __ratio
                0x00809e94                _mprec_log10
                0x00809f28                __copybits
                0x00809f80                __any_on
                0x0080a008                _Balloc
                0x0080a0c4                __d2b
                0x0080a240                __mdiff
                0x0080a3cc                __lshift
                0x0080a518                __multiply
                0x0080a700                __i2b
                0x0080a73c                __multadd
                0x0080a83c                __pow5mult
                0x0080a95c                __s2b
 .text          0x0080aa7c      0x5f4 /opt/altera/altera12.1/nios2eds/bin/gnu/H-i686-pc-linux-gnu/bin/../lib/gcc/nios2-elf/4.1.2/../../../../nios2-elf/lib/libc.a(lib_a-reallocr.o)
                0x0080aa7c                _realloc_r
 .text          0x0080b070       0x40 /opt/altera/altera12.1/nios2eds/bin/gnu/H-i686-pc-linux-gnu/bin/../lib/gcc/nios2-elf/4.1.2/../../../../nios2-elf/lib/libc.a(lib_a-s_isinfd.o)
                0x0080b070                __isinfd
 .text          0x0080b0b0       0x30 /opt/altera/altera12.1/nios2eds/bin/gnu/H-i686-pc-linux-gnu/bin/../lib/gcc/nios2-elf/4.1.2/../../../../nios2-elf/lib/libc.a(lib_a-s_isnand.o)
                0x0080b0b0                __isnand
 .text          0x0080b0e0       0x70 /opt/altera/altera12.1/nios2eds/bin/gnu/H-i686-pc-linux-gnu/bin/../lib/gcc/nios2-elf/4.1.2/../../../../nios2-elf/lib/libc.a(lib_a-sbrkr.o)
                0x0080b0e0                _sbrk_r
 .text          0x0080b150      0x14c /opt/altera/altera12.1/nios2eds/bin/gnu/H-i686-pc-linux-gnu/bin/../lib/gcc/nios2-elf/4.1.2/../../../../nios2-elf/lib/libc.a(lib_a-stdio.o)
                0x0080b150                __sclose
                0x0080b158                __sseek
                0x0080b1c0                __swrite
                0x0080b23c                __sread
 .text          0x0080b29c       0xbc /opt/altera/altera12.1/nios2eds/bin/gnu/H-i686-pc-linux-gnu/bin/../lib/gcc/nios2-elf/4.1.2/../../../../nios2-elf/lib/libc.a(lib_a-strcmp.o)
                0x0080b29c                strcmp
 .text          0x0080b358       0x74 /opt/altera/altera12.1/nios2eds/bin/gnu/H-i686-pc-linux-gnu/bin/../lib/gcc/nios2-elf/4.1.2/../../../../nios2-elf/lib/libc.a(lib_a-strlen.o)
                0x0080b358                strlen
 .text          0x0080b3cc       0x78 /opt/altera/altera12.1/nios2eds/bin/gnu/H-i686-pc-linux-gnu/bin/../lib/gcc/nios2-elf/4.1.2/../../../../nios2-elf/lib/libc.a(lib_a-writer.o)
                0x0080b3cc                _write_r
 .text          0x0080b444       0xb4 /opt/altera/altera12.1/nios2eds/bin/gnu/H-i686-pc-linux-gnu/bin/../lib/gcc/nios2-elf/4.1.2/../../../../nios2-elf/lib/libc.a(lib_a-callocr.o)
                0x0080b444                _calloc_r
 .text          0x0080b4f8       0x70 /opt/altera/altera12.1/nios2eds/bin/gnu/H-i686-pc-linux-gnu/bin/../lib/gcc/nios2-elf/4.1.2/../../../../nios2-elf/lib/libc.a(lib_a-closer.o)
                0x0080b4f8                _close_r
 .text          0x0080b568      0x124 /opt/altera/altera12.1/nios2eds/bin/gnu/H-i686-pc-linux-gnu/bin/../lib/gcc/nios2-elf/4.1.2/../../../../nios2-elf/lib/libc.a(lib_a-fclose.o)
                0x0080b568                _fclose_r
                0x0080b678                fclose
 .text          0x0080b68c       0x74 /opt/altera/altera12.1/nios2eds/bin/gnu/H-i686-pc-linux-gnu/bin/../lib/gcc/nios2-elf/4.1.2/../../../../nios2-elf/lib/libc.a(lib_a-fstatr.o)
                0x0080b68c                _fstat_r
 .text          0x0080b700        0x0 /opt/altera/altera12.1/nios2eds/bin/gnu/H-i686-pc-linux-gnu/bin/../lib/gcc/nios2-elf/4.1.2/../../../../nios2-elf/lib/libc.a(lib_a-int_errno.o)
 .text          0x0080b700       0x70 /opt/altera/altera12.1/nios2eds/bin/gnu/H-i686-pc-linux-gnu/bin/../lib/gcc/nios2-elf/4.1.2/../../../../nios2-elf/lib/libc.a(lib_a-isattyr.o)
                0x0080b700                _isatty_r
 .text          0x0080b770       0x78 /opt/altera/altera12.1/nios2eds/bin/gnu/H-i686-pc-linux-gnu/bin/../lib/gcc/nios2-elf/4.1.2/../../../../nios2-elf/lib/libc.a(lib_a-lseekr.o)
                0x0080b770                _lseek_r
 .text          0x0080b7e8       0x78 /opt/altera/altera12.1/nios2eds/bin/gnu/H-i686-pc-linux-gnu/bin/../lib/gcc/nios2-elf/4.1.2/../../../../nios2-elf/lib/libc.a(lib_a-readr.o)
                0x0080b7e8                _read_r
 .text          0x0080b860      0x5dc /opt/altera/altera12.1/nios2eds/bin/gnu/H-i686-pc-linux-gnu/bin/../lib/gcc/nios2-elf/4.1.2/libgcc.a(_udivdi3.o)
                0x0080b860                __udivdi3
 .text          0x0080be3c      0x5b0 /opt/altera/altera12.1/nios2eds/bin/gnu/H-i686-pc-linux-gnu/bin/../lib/gcc/nios2-elf/4.1.2/libgcc.a(_umoddi3.o)
                0x0080be3c                __umoddi3
 .text          0x0080c3ec      0x258 /opt/altera/altera12.1/nios2eds/bin/gnu/H-i686-pc-linux-gnu/bin/../lib/gcc/nios2-elf/4.1.2/libgcc.a(_div_df.o)
                0x0080c3ec                __divdf3
 .text          0x0080c644       0x88 /opt/altera/altera12.1/nios2eds/bin/gnu/H-i686-pc-linux-gnu/bin/../lib/gcc/nios2-elf/4.1.2/libgcc.a(_ne_df.o)
                0x0080c644                __nedf2
 .text          0x0080c6cc       0x88 /opt/altera/altera12.1/nios2eds/bin/gnu/H-i686-pc-linux-gnu/bin/../lib/gcc/nios2-elf/4.1.2/libgcc.a(_lt_df.o)
                0x0080c6cc                __ltdf2
 .text          0x0080c754      0x194 /opt/altera/altera12.1/nios2eds/bin/gnu/H-i686-pc-linux-gnu/bin/../lib/gcc/nios2-elf/4.1.2/libgcc.a(_usi_to_df.o)
                0x0080c754                __floatunsidf
 .text          0x0080c8e8      0x15c ../CUDoom_Fin_bsp//libhal_bsp.a(alt_close.o)
                0x0080c8e8                close
 .text          0x0080ca44       0x2c ../CUDoom_Fin_bsp//libhal_bsp.a(alt_dev.o)
 .text          0x0080ca70        0x0 ../CUDoom_Fin_bsp//libhal_bsp.a(alt_errno.o)
 .text          0x0080ca70      0x134 ../CUDoom_Fin_bsp//libhal_bsp.a(alt_fstat.o)
                0x0080ca70                fstat
 .text          0x0080cba4      0x120 ../CUDoom_Fin_bsp//libhal_bsp.a(alt_isatty.o)
                0x0080cba4                isatty
 .text          0x0080ccc4       0xec ../CUDoom_Fin_bsp//libhal_bsp.a(alt_load.o)
                0x0080ccc4                alt_load
 .text          0x0080cdb0      0x150 ../CUDoom_Fin_bsp//libhal_bsp.a(alt_lseek.o)
                0x0080cdb0                lseek
 .text          0x0080cf00       0x6c ../CUDoom_Fin_bsp//libhal_bsp.a(alt_main.o)
                0x0080cf00                alt_main
 .text          0x0080cf6c       0x40 ../CUDoom_Fin_bsp//libhal_bsp.a(alt_malloc_lock.o)
                0x0080cf6c                __malloc_lock
                0x0080cf8c                __malloc_unlock
 .text          0x0080cfac      0x180 ../CUDoom_Fin_bsp//libhal_bsp.a(alt_read.o)
                0x0080cfac                read
 .text          0x0080d12c       0x60 ../CUDoom_Fin_bsp//libhal_bsp.a(alt_release_fd.o)
                0x0080d12c                alt_release_fd
 .text          0x0080d18c       0xbc ../CUDoom_Fin_bsp//libhal_bsp.a(alt_sbrk.o)
                0x0080d18c                sbrk
 .text          0x0080d248      0x180 ../CUDoom_Fin_bsp//libhal_bsp.a(alt_write.o)
                0x0080d248                write
 .text          0x0080d3c8       0xb0 ../CUDoom_Fin_bsp//libhal_bsp.a(alt_sys_init.o)
                0x0080d3c8                alt_irq_init
                0x0080d3fc                alt_sys_init
 .text          0x0080d478      0x148 ../CUDoom_Fin_bsp//libhal_bsp.a(altera_avalon_jtag_uart_fd.o)
                0x0080d478                altera_avalon_jtag_uart_read_fd
                0x0080d4d0                altera_avalon_jtag_uart_write_fd
                0x0080d528                altera_avalon_jtag_uart_close_fd
                0x0080d570                altera_avalon_jtag_uart_ioctl_fd
 .text          0x0080d5c0      0x40c ../CUDoom_Fin_bsp//libhal_bsp.a(altera_avalon_jtag_uart_init.o)
                0x0080d5c0                altera_avalon_jtag_uart_init
                0x0080d958                altera_avalon_jtag_uart_close
 .text          0x0080d9cc       0xf4 ../CUDoom_Fin_bsp//libhal_bsp.a(altera_avalon_jtag_uart_ioctl.o)
                0x0080d9cc                altera_avalon_jtag_uart_ioctl
 .text          0x0080dac0      0x224 ../CUDoom_Fin_bsp//libhal_bsp.a(altera_avalon_jtag_uart_read.o)
                0x0080dac0                altera_avalon_jtag_uart_read
 .text          0x0080dce4      0x240 ../CUDoom_Fin_bsp//libhal_bsp.a(altera_avalon_jtag_uart_write.o)
                0x0080dce4                altera_avalon_jtag_uart_write
 .text          0x0080df24      0x154 ../CUDoom_Fin_bsp//libhal_bsp.a(alt_alarm_start.o)
                0x0080df24                alt_alarm_start
 .text          0x0080e078       0x44 ../CUDoom_Fin_bsp//libhal_bsp.a(alt_dcache_flush_all.o)
                0x0080e078                alt_dcache_flush_all
 .text          0x0080e0bc      0x114 ../CUDoom_Fin_bsp//libhal_bsp.a(alt_dev_llist_insert.o)
                0x0080e0bc                alt_dev_llist_insert
 .text          0x0080e1d0       0x64 ../CUDoom_Fin_bsp//libhal_bsp.a(alt_do_ctors.o)
                0x0080e1d0                _do_ctors
 .text          0x0080e234       0x64 ../CUDoom_Fin_bsp//libhal_bsp.a(alt_do_dtors.o)
                0x0080e234                _do_dtors
 .text          0x0080e298       0x30 ../CUDoom_Fin_bsp//libhal_bsp.a(alt_icache_flush_all.o)
                0x0080e298                alt_icache_flush_all
 .text          0x0080e2c8      0x1d4 ../CUDoom_Fin_bsp//libhal_bsp.a(alt_iic.o)
                0x0080e2c8                alt_ic_isr_register
                0x0080e318                alt_ic_irq_enable
                0x0080e3b4                alt_ic_irq_disable
                0x0080e454                alt_ic_irq_enabled
 .text          0x0080e49c       0xf8 ../CUDoom_Fin_bsp//libhal_bsp.a(alt_iic_isr_register.o)
                0x0080e49c                alt_iic_isr_register
 .text          0x0080e594      0x13c ../CUDoom_Fin_bsp//libhal_bsp.a(alt_io_redirect.o)
                0x0080e658                alt_io_redirect
 .text          0x0080e6d0        0x0 ../CUDoom_Fin_bsp//libhal_bsp.a(alt_irq_entry.o)
 .text          0x0080e6d0        0x0 ../CUDoom_Fin_bsp//libhal_bsp.a(alt_irq_handler.o)
 .text          0x0080e6d0        0x0 ../CUDoom_Fin_bsp//libhal_bsp.a(alt_irq_vars.o)
 .text          0x0080e6d0      0x2c4 ../CUDoom_Fin_bsp//libhal_bsp.a(alt_open.o)
                0x0080e7ac                open
 .text          0x0080e994      0x1a4 ../CUDoom_Fin_bsp//libhal_bsp.a(alt_tick.o)
                0x0080e994                alt_alarm_stop
                0x0080ea2c                alt_tick
 .text          0x0080eb38       0x20 ../CUDoom_Fin_bsp//libhal_bsp.a(altera_nios2_irq.o)
                0x0080eb38                altera_nios2_irq_init
 .text          0x0080eb58        0x0 ../CUDoom_Fin_bsp//libhal_bsp.a(alt_exception_entry.o)
 .text          0x0080eb58       0x94 ../CUDoom_Fin_bsp//libhal_bsp.a(alt_find_dev.o)
                0x0080eb58                alt_find_dev
 .text          0x0080ebec      0x120 ../CUDoom_Fin_bsp//libhal_bsp.a(alt_find_file.o)
                0x0080ebec                alt_find_file
 .text          0x0080ed0c       0xb8 ../CUDoom_Fin_bsp//libhal_bsp.a(alt_get_fd.o)
                0x0080ed0c                alt_get_fd
 .text          0x0080edc4       0x90 ../CUDoom_Fin_bsp//libhal_bsp.a(alt_icache_flush.o)
                0x0080edc4                alt_icache_flush
 .text          0x0080ee54       0x14 /opt/altera/altera12.1/nios2eds/bin/gnu/H-i686-pc-linux-gnu/bin/../lib/gcc/nios2-elf/4.1.2/../../../../nios2-elf/lib/libc.a(lib_a-atexit.o)
                0x0080ee54                atexit
 .text          0x0080ee68       0x38 /opt/altera/altera12.1/nios2eds/bin/gnu/H-i686-pc-linux-gnu/bin/../lib/gcc/nios2-elf/4.1.2/../../../../nios2-elf/lib/libc.a(lib_a-exit.o)
                0x0080ee68                exit
 .text          0x0080eea0       0x74 /opt/altera/altera12.1/nios2eds/bin/gnu/H-i686-pc-linux-gnu/bin/../lib/gcc/nios2-elf/4.1.2/../../../../nios2-elf/lib/libc.a(lib_a-memcmp.o)
                0x0080eea0                memcmp
 .text          0x0080ef14      0x134 /opt/altera/altera12.1/nios2eds/bin/gnu/H-i686-pc-linux-gnu/bin/../lib/gcc/nios2-elf/4.1.2/../../../../nios2-elf/lib/libc.a(lib_a-__atexit.o)
                0x0080ef14                __register_exitproc
 .text          0x0080f048      0x1b4 /opt/altera/altera12.1/nios2eds/bin/gnu/H-i686-pc-linux-gnu/bin/../lib/gcc/nios2-elf/4.1.2/../../../../nios2-elf/lib/libc.a(lib_a-__call_atexit.o)
                0x0080f04c                __call_exitprocs
 .text          0x0080f1fc       0x60 ../CUDoom_Fin_bsp//libhal_bsp.a(alt_exit.o)
                0x0080f23c                _exit
 *(.gnu.warning.*)
 *(.fini)
                0x0080f25c                PROVIDE (__etext, ABSOLUTE (.))
                0x0080f25c                PROVIDE (_etext, ABSOLUTE (.))
                0x0080f25c                PROVIDE (etext, ABSOLUTE (.))
 *(.eh_frame_hdr)
                0x0080f25c                . = ALIGN (0x4)
                0x0080f25c                PROVIDE (__preinit_array_start, ABSOLUTE (.))
 *(.preinit_array)
                0x0080f25c                PROVIDE (__preinit_array_end, ABSOLUTE (.))
                0x0080f25c                PROVIDE (__init_array_start, ABSOLUTE (.))
 *(.init_array)
                0x0080f25c                PROVIDE (__init_array_end, ABSOLUTE (.))
                0x0080f25c                PROVIDE (__fini_array_start, ABSOLUTE (.))
 *(.fini_array)
                0x0080f25c                PROVIDE (__fini_array_end, ABSOLUTE (.))
 *(.eh_frame)
 *(.gcc_except_table)
 *(.dynamic)
                0x0080f25c                PROVIDE (__CTOR_LIST__, ABSOLUTE (.))
 *(.ctors)
 *(SORT(.ctors.*))
 .ctors.65535   0x0080f25c        0x4 /opt/altera/altera12.1/nios2eds/bin/gnu/H-i686-pc-linux-gnu/bin/../lib/gcc/nios2-elf/4.1.2/../../../../nios2-elf/lib/libc.a(lib_a-__call_atexit.o)
                0x0080f260                PROVIDE (__CTOR_END__, ABSOLUTE (.))
                0x0080f260                PROVIDE (__DTOR_LIST__, ABSOLUTE (.))
 *(.dtors)
 *(SORT(.dtors.*))
                0x0080f260                PROVIDE (__DTOR_END__, ABSOLUTE (.))
 *(.jcr)
                0x0080f260                . = ALIGN (0x4)

.rodata         0x0080f260    0x78524
                0x0080f260                PROVIDE (__ram_rodata_start, ABSOLUTE (.))
                0x0080f260                . = ALIGN (0x4)
 *(.rodata .rodata.* .gnu.linkonce.r.*)
 .rodata        0x0080f260    0x7800c obj/default/hello_world.o
                0x0080f260                sky
 .rodata        0x0088726c      0x188 /opt/altera/altera12.1/nios2eds/bin/gnu/H-i686-pc-linux-gnu/bin/../lib/gcc/nios2-elf/4.1.2/../../../../nios2-elf/lib/libm.a(lib_a-e_rem_pio2.o)
 .rodata        0x008873f4       0x50 /opt/altera/altera12.1/nios2eds/bin/gnu/H-i686-pc-linux-gnu/bin/../lib/gcc/nios2-elf/4.1.2/../../../../nios2-elf/lib/libm.a(lib_a-k_rem_pio2.o)
 .rodata        0x00887444       0x14 /opt/altera/altera12.1/nios2eds/bin/gnu/H-i686-pc-linux-gnu/bin/../lib/gcc/nios2-elf/4.1.2/libgcc.a(_thenan_df.o)
                0x00887444                __thenan_df
 .rodata        0x00887458      0x100 /opt/altera/altera12.1/nios2eds/bin/gnu/H-i686-pc-linux-gnu/bin/../lib/gcc/nios2-elf/4.1.2/libgcc.a(_clz.o)
                0x00887458                __clz_tab
 .rodata.str1.4
                0x00887558       0x5e /opt/altera/altera12.1/nios2eds/bin/gnu/H-i686-pc-linux-gnu/bin/../lib/gcc/nios2-elf/4.1.2/../../../../nios2-elf/lib/libc.a(lib_a-vfprintf.o)
                                 0x60 (size before relaxing)
 .rodata        0x008875b6       0x20 /opt/altera/altera12.1/nios2eds/bin/gnu/H-i686-pc-linux-gnu/bin/../lib/gcc/nios2-elf/4.1.2/../../../../nios2-elf/lib/libc.a(lib_a-vfprintf.o)
 *fill*         0x008875d6        0x2 00
 .rodata.str1.4
                0x008875d8       0x10 /opt/altera/altera12.1/nios2eds/bin/gnu/H-i686-pc-linux-gnu/bin/../lib/gcc/nios2-elf/4.1.2/../../../../nios2-elf/lib/libc.a(lib_a-dtoa.o)
                                 0x14 (size before relaxing)
 .rodata.str1.4
                0x008875e8        0x2 /opt/altera/altera12.1/nios2eds/bin/gnu/H-i686-pc-linux-gnu/bin/../lib/gcc/nios2-elf/4.1.2/../../../../nios2-elf/lib/libc.a(lib_a-impure.o)
                                  0x4 (size before relaxing)
 *fill*         0x008875ea        0x2 00
 .rodata.str1.4
                0x008875ec       0x10 /opt/altera/altera12.1/nios2eds/bin/gnu/H-i686-pc-linux-gnu/bin/../lib/gcc/nios2-elf/4.1.2/../../../../nios2-elf/lib/libc.a(lib_a-locale.o)
                                 0x18 (size before relaxing)
 .rodata        0x008875fc       0x30 /opt/altera/altera12.1/nios2eds/bin/gnu/H-i686-pc-linux-gnu/bin/../lib/gcc/nios2-elf/4.1.2/../../../../nios2-elf/lib/libc.a(lib_a-locale.o)
 .rodata        0x0088762c      0x124 /opt/altera/altera12.1/nios2eds/bin/gnu/H-i686-pc-linux-gnu/bin/../lib/gcc/nios2-elf/4.1.2/../../../../nios2-elf/lib/libc.a(lib_a-mprec.o)
                0x0088762c                __mprec_tens
                0x008876f4                __mprec_bigtens
                0x0088771c                __mprec_tinytens
 .rodata        0x00887750        0xc ../CUDoom_Fin_bsp//libhal_bsp.a(alt_dev.o)
 .rodata        0x0088775c       0x14 ../CUDoom_Fin_bsp//libhal_bsp.a(alt_main.o)
 .rodata        0x00887770       0x14 ../CUDoom_Fin_bsp//libhal_bsp.a(alt_sys_init.o)
 *(.rodata1)
                0x00887784                . = ALIGN (0x4)
                0x00887784                PROVIDE (__ram_rodata_end, ABSOLUTE (.))
                0x0080f260                PROVIDE (__flash_rodata_start, LOADADDR (.rodata))

.rwdata         0x00887784     0x1c9c load address 0x00889420
                0x00887784                PROVIDE (__ram_rwdata_start, ABSOLUTE (.))
                0x00887784                . = ALIGN (0x4)
 *(.got.plt)
 *(.got)
 *(.data1)
 *(.data .data.* .gnu.linkonce.d.*)
 .data          0x00887784        0x0 ../CUDoom_Fin_bsp//obj/HAL/src/crt0.o
 .data          0x00887784      0x240 obj/default/hello_world.o
                0x00887784                worldMap
 .data          0x008879c4        0x0 /opt/altera/altera12.1/nios2eds/bin/gnu/H-i686-pc-linux-gnu/bin/../lib/gcc/nios2-elf/4.1.2/../../../../nios2-elf/lib/libm.a(lib_a-s_cos.o)
 .data          0x008879c4        0x0 /opt/altera/altera12.1/nios2eds/bin/gnu/H-i686-pc-linux-gnu/bin/../lib/gcc/nios2-elf/4.1.2/../../../../nios2-elf/lib/libm.a(lib_a-s_sin.o)
 .data          0x008879c4        0x0 /opt/altera/altera12.1/nios2eds/bin/gnu/H-i686-pc-linux-gnu/bin/../lib/gcc/nios2-elf/4.1.2/../../../../nios2-elf/lib/libm.a(lib_a-e_rem_pio2.o)
 .data          0x008879c4        0x0 /opt/altera/altera12.1/nios2eds/bin/gnu/H-i686-pc-linux-gnu/bin/../lib/gcc/nios2-elf/4.1.2/../../../../nios2-elf/lib/libm.a(lib_a-k_cos.o)
 .data          0x008879c4        0x0 /opt/altera/altera12.1/nios2eds/bin/gnu/H-i686-pc-linux-gnu/bin/../lib/gcc/nios2-elf/4.1.2/../../../../nios2-elf/lib/libm.a(lib_a-k_rem_pio2.o)
 .data          0x008879c4        0x0 /opt/altera/altera12.1/nios2eds/bin/gnu/H-i686-pc-linux-gnu/bin/../lib/gcc/nios2-elf/4.1.2/../../../../nios2-elf/lib/libm.a(lib_a-k_sin.o)
 .data          0x008879c4        0x0 /opt/altera/altera12.1/nios2eds/bin/gnu/H-i686-pc-linux-gnu/bin/../lib/gcc/nios2-elf/4.1.2/../../../../nios2-elf/lib/libm.a(lib_a-s_fabs.o)
 .data          0x008879c4        0x0 /opt/altera/altera12.1/nios2eds/bin/gnu/H-i686-pc-linux-gnu/bin/../lib/gcc/nios2-elf/4.1.2/../../../../nios2-elf/lib/libm.a(lib_a-s_floor.o)
 .data          0x008879c4        0x0 /opt/altera/altera12.1/nios2eds/bin/gnu/H-i686-pc-linux-gnu/bin/../lib/gcc/nios2-elf/4.1.2/../../../../nios2-elf/lib/libm.a(lib_a-s_scalbn.o)
 .data          0x008879c4        0x0 /opt/altera/altera12.1/nios2eds/bin/gnu/H-i686-pc-linux-gnu/bin/../lib/gcc/nios2-elf/4.1.2/../../../../nios2-elf/lib/libm.a(lib_a-s_copysign.o)
 .data          0x008879c4        0x0 /opt/altera/altera12.1/nios2eds/bin/gnu/H-i686-pc-linux-gnu/bin/../lib/gcc/nios2-elf/4.1.2/libgcc.a(_addsub_df.o)
 .data          0x008879c4        0x0 /opt/altera/altera12.1/nios2eds/bin/gnu/H-i686-pc-linux-gnu/bin/../lib/gcc/nios2-elf/4.1.2/libgcc.a(_mul_df.o)
 .data          0x008879c4        0x0 /opt/altera/altera12.1/nios2eds/bin/gnu/H-i686-pc-linux-gnu/bin/../lib/gcc/nios2-elf/4.1.2/libgcc.a(_eq_df.o)
 .data          0x008879c4        0x0 /opt/altera/altera12.1/nios2eds/bin/gnu/H-i686-pc-linux-gnu/bin/../lib/gcc/nios2-elf/4.1.2/libgcc.a(_gt_df.o)
 .data          0x008879c4        0x0 /opt/altera/altera12.1/nios2eds/bin/gnu/H-i686-pc-linux-gnu/bin/../lib/gcc/nios2-elf/4.1.2/libgcc.a(_ge_df.o)
 .data          0x008879c4        0x0 /opt/altera/altera12.1/nios2eds/bin/gnu/H-i686-pc-linux-gnu/bin/../lib/gcc/nios2-elf/4.1.2/libgcc.a(_si_to_df.o)
 .data          0x008879c4        0x0 /opt/altera/altera12.1/nios2eds/bin/gnu/H-i686-pc-linux-gnu/bin/../lib/gcc/nios2-elf/4.1.2/libgcc.a(_df_to_si.o)
 .data          0x008879c4        0x0 /opt/altera/altera12.1/nios2eds/bin/gnu/H-i686-pc-linux-gnu/bin/../lib/gcc/nios2-elf/4.1.2/libgcc.a(_thenan_df.o)
 .data          0x008879c4        0x0 /opt/altera/altera12.1/nios2eds/bin/gnu/H-i686-pc-linux-gnu/bin/../lib/gcc/nios2-elf/4.1.2/libgcc.a(lib2-divmod.o)
 .data          0x008879c4        0x0 /opt/altera/altera12.1/nios2eds/bin/gnu/H-i686-pc-linux-gnu/bin/../lib/gcc/nios2-elf/4.1.2/libgcc.a(_muldi3.o)
 .data          0x008879c4        0x0 /opt/altera/altera12.1/nios2eds/bin/gnu/H-i686-pc-linux-gnu/bin/../lib/gcc/nios2-elf/4.1.2/libgcc.a(_clzsi2.o)
 .data          0x008879c4        0x0 /opt/altera/altera12.1/nios2eds/bin/gnu/H-i686-pc-linux-gnu/bin/../lib/gcc/nios2-elf/4.1.2/libgcc.a(_pack_df.o)
 .data          0x008879c4        0x0 /opt/altera/altera12.1/nios2eds/bin/gnu/H-i686-pc-linux-gnu/bin/../lib/gcc/nios2-elf/4.1.2/libgcc.a(_unpack_df.o)
 .data          0x008879c4        0x0 /opt/altera/altera12.1/nios2eds/bin/gnu/H-i686-pc-linux-gnu/bin/../lib/gcc/nios2-elf/4.1.2/libgcc.a(_fpcmp_parts_df.o)
 .data          0x008879c4        0x0 /opt/altera/altera12.1/nios2eds/bin/gnu/H-i686-pc-linux-gnu/bin/../lib/gcc/nios2-elf/4.1.2/libgcc.a(_clz.o)
 .data          0x008879c4        0x0 /opt/altera/altera12.1/nios2eds/bin/gnu/H-i686-pc-linux-gnu/bin/../lib/gcc/nios2-elf/4.1.2/../../../../nios2-elf/lib/libc.a(lib_a-printf.o)
 .data          0x008879c4        0x0 /opt/altera/altera12.1/nios2eds/bin/gnu/H-i686-pc-linux-gnu/bin/../lib/gcc/nios2-elf/4.1.2/../../../../nios2-elf/lib/libc.a(lib_a-vfprintf.o)
 .data          0x008879c4        0x0 /opt/altera/altera12.1/nios2eds/bin/gnu/H-i686-pc-linux-gnu/bin/../lib/gcc/nios2-elf/4.1.2/../../../../nios2-elf/lib/libc.a(lib_a-wsetup.o)
 .data          0x008879c4        0x0 /opt/altera/altera12.1/nios2eds/bin/gnu/H-i686-pc-linux-gnu/bin/../lib/gcc/nios2-elf/4.1.2/../../../../nios2-elf/lib/libc.a(lib_a-dtoa.o)
 .data          0x008879c4        0x0 /opt/altera/altera12.1/nios2eds/bin/gnu/H-i686-pc-linux-gnu/bin/../lib/gcc/nios2-elf/4.1.2/../../../../nios2-elf/lib/libc.a(lib_a-fflush.o)
 .data          0x008879c4        0x0 /opt/altera/altera12.1/nios2eds/bin/gnu/H-i686-pc-linux-gnu/bin/../lib/gcc/nios2-elf/4.1.2/../../../../nios2-elf/lib/libc.a(lib_a-findfp.o)
 .data          0x008879c4        0x0 /opt/altera/altera12.1/nios2eds/bin/gnu/H-i686-pc-linux-gnu/bin/../lib/gcc/nios2-elf/4.1.2/../../../../nios2-elf/lib/libc.a(lib_a-freer.o)
 .data          0x008879c4        0x0 /opt/altera/altera12.1/nios2eds/bin/gnu/H-i686-pc-linux-gnu/bin/../lib/gcc/nios2-elf/4.1.2/../../../../nios2-elf/lib/libc.a(lib_a-fvwrite.o)
 .data          0x008879c4        0x0 /opt/altera/altera12.1/nios2eds/bin/gnu/H-i686-pc-linux-gnu/bin/../lib/gcc/nios2-elf/4.1.2/../../../../nios2-elf/lib/libc.a(lib_a-fwalk.o)
 .data          0x008879c4      0x400 /opt/altera/altera12.1/nios2eds/bin/gnu/H-i686-pc-linux-gnu/bin/../lib/gcc/nios2-elf/4.1.2/../../../../nios2-elf/lib/libc.a(lib_a-impure.o)
 .data          0x00887dc4        0xc /opt/altera/altera12.1/nios2eds/bin/gnu/H-i686-pc-linux-gnu/bin/../lib/gcc/nios2-elf/4.1.2/../../../../nios2-elf/lib/libc.a(lib_a-locale.o)
                0x00887dc4                __lc_ctype
 .data          0x00887dd0        0x0 /opt/altera/altera12.1/nios2eds/bin/gnu/H-i686-pc-linux-gnu/bin/../lib/gcc/nios2-elf/4.1.2/../../../../nios2-elf/lib/libc.a(lib_a-makebuf.o)
 .data          0x00887dd0      0x408 /opt/altera/altera12.1/nios2eds/bin/gnu/H-i686-pc-linux-gnu/bin/../lib/gcc/nios2-elf/4.1.2/../../../../nios2-elf/lib/libc.a(lib_a-mallocr.o)
                0x00887dd0                __malloc_av_
 .data          0x008881d8        0x0 /opt/altera/altera12.1/nios2eds/bin/gnu/H-i686-pc-linux-gnu/bin/../lib/gcc/nios2-elf/4.1.2/../../../../nios2-elf/lib/libc.a(lib_a-memchr.o)
 .data          0x008881d8        0x0 /opt/altera/altera12.1/nios2eds/bin/gnu/H-i686-pc-linux-gnu/bin/../lib/gcc/nios2-elf/4.1.2/../../../../nios2-elf/lib/libc.a(lib_a-memcpy.o)
 .data          0x008881d8        0x0 /opt/altera/altera12.1/nios2eds/bin/gnu/H-i686-pc-linux-gnu/bin/../lib/gcc/nios2-elf/4.1.2/../../../../nios2-elf/lib/libc.a(lib_a-memmove.o)
 .data          0x008881d8        0x0 /opt/altera/altera12.1/nios2eds/bin/gnu/H-i686-pc-linux-gnu/bin/../lib/gcc/nios2-elf/4.1.2/../../../../nios2-elf/lib/libc.a(lib_a-memset.o)
 .data          0x008881d8        0x0 /opt/altera/altera12.1/nios2eds/bin/gnu/H-i686-pc-linux-gnu/bin/../lib/gcc/nios2-elf/4.1.2/../../../../nios2-elf/lib/libc.a(lib_a-mprec.o)
 .data          0x008881d8        0x0 /opt/altera/altera12.1/nios2eds/bin/gnu/H-i686-pc-linux-gnu/bin/../lib/gcc/nios2-elf/4.1.2/../../../../nios2-elf/lib/libc.a(lib_a-reallocr.o)
 .data          0x008881d8        0x0 /opt/altera/altera12.1/nios2eds/bin/gnu/H-i686-pc-linux-gnu/bin/../lib/gcc/nios2-elf/4.1.2/../../../../nios2-elf/lib/libc.a(lib_a-s_isinfd.o)
 .data          0x008881d8        0x0 /opt/altera/altera12.1/nios2eds/bin/gnu/H-i686-pc-linux-gnu/bin/../lib/gcc/nios2-elf/4.1.2/../../../../nios2-elf/lib/libc.a(lib_a-s_isnand.o)
 .data          0x008881d8        0x0 /opt/altera/altera12.1/nios2eds/bin/gnu/H-i686-pc-linux-gnu/bin/../lib/gcc/nios2-elf/4.1.2/../../../../nios2-elf/lib/libc.a(lib_a-sbrkr.o)
 .data          0x008881d8        0x0 /opt/altera/altera12.1/nios2eds/bin/gnu/H-i686-pc-linux-gnu/bin/../lib/gcc/nios2-elf/4.1.2/../../../../nios2-elf/lib/libc.a(lib_a-stdio.o)
 .data          0x008881d8        0x0 /opt/altera/altera12.1/nios2eds/bin/gnu/H-i686-pc-linux-gnu/bin/../lib/gcc/nios2-elf/4.1.2/../../../../nios2-elf/lib/libc.a(lib_a-strcmp.o)
 .data          0x008881d8        0x0 /opt/altera/altera12.1/nios2eds/bin/gnu/H-i686-pc-linux-gnu/bin/../lib/gcc/nios2-elf/4.1.2/../../../../nios2-elf/lib/libc.a(lib_a-strlen.o)
 .data          0x008881d8        0x0 /opt/altera/altera12.1/nios2eds/bin/gnu/H-i686-pc-linux-gnu/bin/../lib/gcc/nios2-elf/4.1.2/../../../../nios2-elf/lib/libc.a(lib_a-writer.o)
 .data          0x008881d8        0x0 /opt/altera/altera12.1/nios2eds/bin/gnu/H-i686-pc-linux-gnu/bin/../lib/gcc/nios2-elf/4.1.2/../../../../nios2-elf/lib/libc.a(lib_a-callocr.o)
 .data          0x008881d8        0x0 /opt/altera/altera12.1/nios2eds/bin/gnu/H-i686-pc-linux-gnu/bin/../lib/gcc/nios2-elf/4.1.2/../../../../nios2-elf/lib/libc.a(lib_a-closer.o)
 .data          0x008881d8        0x0 /opt/altera/altera12.1/nios2eds/bin/gnu/H-i686-pc-linux-gnu/bin/../lib/gcc/nios2-elf/4.1.2/../../../../nios2-elf/lib/libc.a(lib_a-fclose.o)
 .data          0x008881d8        0x0 /opt/altera/altera12.1/nios2eds/bin/gnu/H-i686-pc-linux-gnu/bin/../lib/gcc/nios2-elf/4.1.2/../../../../nios2-elf/lib/libc.a(lib_a-fstatr.o)
 .data          0x008881d8        0x0 /opt/altera/altera12.1/nios2eds/bin/gnu/H-i686-pc-linux-gnu/bin/../lib/gcc/nios2-elf/4.1.2/../../../../nios2-elf/lib/libc.a(lib_a-int_errno.o)
 .data          0x008881d8        0x0 /opt/altera/altera12.1/nios2eds/bin/gnu/H-i686-pc-linux-gnu/bin/../lib/gcc/nios2-elf/4.1.2/../../../../nios2-elf/lib/libc.a(lib_a-isattyr.o)
 .data          0x008881d8        0x0 /opt/altera/altera12.1/nios2eds/bin/gnu/H-i686-pc-linux-gnu/bin/../lib/gcc/nios2-elf/4.1.2/../../../../nios2-elf/lib/libc.a(lib_a-lseekr.o)
 .data          0x008881d8        0x0 /opt/altera/altera12.1/nios2eds/bin/gnu/H-i686-pc-linux-gnu/bin/../lib/gcc/nios2-elf/4.1.2/../../../../nios2-elf/lib/libc.a(lib_a-readr.o)
 .data          0x008881d8        0x0 /opt/altera/altera12.1/nios2eds/bin/gnu/H-i686-pc-linux-gnu/bin/../lib/gcc/nios2-elf/4.1.2/libgcc.a(_udivdi3.o)
 .data          0x008881d8        0x0 /opt/altera/altera12.1/nios2eds/bin/gnu/H-i686-pc-linux-gnu/bin/../lib/gcc/nios2-elf/4.1.2/libgcc.a(_umoddi3.o)
 .data          0x008881d8        0x0 /opt/altera/altera12.1/nios2eds/bin/gnu/H-i686-pc-linux-gnu/bin/../lib/gcc/nios2-elf/4.1.2/libgcc.a(_div_df.o)
 .data          0x008881d8        0x0 /opt/altera/altera12.1/nios2eds/bin/gnu/H-i686-pc-linux-gnu/bin/../lib/gcc/nios2-elf/4.1.2/libgcc.a(_ne_df.o)
 .data          0x008881d8        0x0 /opt/altera/altera12.1/nios2eds/bin/gnu/H-i686-pc-linux-gnu/bin/../lib/gcc/nios2-elf/4.1.2/libgcc.a(_lt_df.o)
 .data          0x008881d8        0x0 /opt/altera/altera12.1/nios2eds/bin/gnu/H-i686-pc-linux-gnu/bin/../lib/gcc/nios2-elf/4.1.2/libgcc.a(_usi_to_df.o)
 .data          0x008881d8        0x0 ../CUDoom_Fin_bsp//libhal_bsp.a(alt_close.o)
 .data          0x008881d8      0x1a8 ../CUDoom_Fin_bsp//libhal_bsp.a(alt_dev.o)
                0x008881d8                alt_dev_null
                0x00888200                alt_fd_list
 .data          0x00888380        0x0 ../CUDoom_Fin_bsp//libhal_bsp.a(alt_errno.o)
 .data          0x00888380        0x0 ../CUDoom_Fin_bsp//libhal_bsp.a(alt_fstat.o)
 .data          0x00888380        0x0 ../CUDoom_Fin_bsp//libhal_bsp.a(alt_isatty.o)
 .data          0x00888380        0x0 ../CUDoom_Fin_bsp//libhal_bsp.a(alt_load.o)
 .data          0x00888380        0x0 ../CUDoom_Fin_bsp//libhal_bsp.a(alt_lseek.o)
 .data          0x00888380        0x0 ../CUDoom_Fin_bsp//libhal_bsp.a(alt_main.o)
 .data          0x00888380        0x0 ../CUDoom_Fin_bsp//libhal_bsp.a(alt_malloc_lock.o)
 .data          0x00888380        0x0 ../CUDoom_Fin_bsp//libhal_bsp.a(alt_read.o)
 .data          0x00888380        0x0 ../CUDoom_Fin_bsp//libhal_bsp.a(alt_release_fd.o)
 .data          0x00888380        0x0 ../CUDoom_Fin_bsp//libhal_bsp.a(alt_sbrk.o)
 .data          0x00888380        0x0 ../CUDoom_Fin_bsp//libhal_bsp.a(alt_write.o)
 .data          0x00888380     0x1060 ../CUDoom_Fin_bsp//libhal_bsp.a(alt_sys_init.o)
 .data          0x008893e0        0x0 ../CUDoom_Fin_bsp//libhal_bsp.a(altera_avalon_jtag_uart_fd.o)
 .data          0x008893e0        0x0 ../CUDoom_Fin_bsp//libhal_bsp.a(altera_avalon_jtag_uart_init.o)
 .data          0x008893e0        0x0 ../CUDoom_Fin_bsp//libhal_bsp.a(altera_avalon_jtag_uart_ioctl.o)
 .data          0x008893e0        0x0 ../CUDoom_Fin_bsp//libhal_bsp.a(altera_avalon_jtag_uart_read.o)
 .data          0x008893e0        0x0 ../CUDoom_Fin_bsp//libhal_bsp.a(altera_avalon_jtag_uart_write.o)
 .data          0x008893e0        0x0 ../CUDoom_Fin_bsp//libhal_bsp.a(alt_alarm_start.o)
 .data          0x008893e0        0x0 ../CUDoom_Fin_bsp//libhal_bsp.a(alt_dcache_flush_all.o)
 .data          0x008893e0        0x0 ../CUDoom_Fin_bsp//libhal_bsp.a(alt_dev_llist_insert.o)
 .data          0x008893e0        0x0 ../CUDoom_Fin_bsp//libhal_bsp.a(alt_do_ctors.o)
 .data          0x008893e0        0x0 ../CUDoom_Fin_bsp//libhal_bsp.a(alt_do_dtors.o)
 .data          0x008893e0        0x0 ../CUDoom_Fin_bsp//libhal_bsp.a(alt_icache_flush_all.o)
 .data          0x008893e0        0x0 ../CUDoom_Fin_bsp//libhal_bsp.a(alt_iic.o)
 .data          0x008893e0        0x0 ../CUDoom_Fin_bsp//libhal_bsp.a(alt_iic_isr_register.o)
 .data          0x008893e0        0x0 ../CUDoom_Fin_bsp//libhal_bsp.a(alt_io_redirect.o)
 .data          0x008893e0        0x0 ../CUDoom_Fin_bsp//libhal_bsp.a(alt_irq_entry.o)
 .data          0x008893e0        0x0 ../CUDoom_Fin_bsp//libhal_bsp.a(alt_irq_handler.o)
 .data          0x008893e0        0x0 ../CUDoom_Fin_bsp//libhal_bsp.a(alt_irq_vars.o)
 .data          0x008893e0        0x0 ../CUDoom_Fin_bsp//libhal_bsp.a(alt_open.o)
 .data          0x008893e0        0x0 ../CUDoom_Fin_bsp//libhal_bsp.a(alt_tick.o)
 .data          0x008893e0        0x0 ../CUDoom_Fin_bsp//libhal_bsp.a(altera_nios2_irq.o)
 .data          0x008893e0        0x0 ../CUDoom_Fin_bsp//libhal_bsp.a(alt_exception_entry.o)
 .data          0x008893e0        0x0 ../CUDoom_Fin_bsp//libhal_bsp.a(alt_find_dev.o)
 .data          0x008893e0        0x0 ../CUDoom_Fin_bsp//libhal_bsp.a(alt_find_file.o)
 .data          0x008893e0        0x0 ../CUDoom_Fin_bsp//libhal_bsp.a(alt_get_fd.o)
 .data          0x008893e0        0x0 ../CUDoom_Fin_bsp//libhal_bsp.a(alt_icache_flush.o)
 .data          0x008893e0        0x0 /opt/altera/altera12.1/nios2eds/bin/gnu/H-i686-pc-linux-gnu/bin/../lib/gcc/nios2-elf/4.1.2/../../../../nios2-elf/lib/libc.a(lib_a-atexit.o)
 .data          0x008893e0        0x0 /opt/altera/altera12.1/nios2eds/bin/gnu/H-i686-pc-linux-gnu/bin/../lib/gcc/nios2-elf/4.1.2/../../../../nios2-elf/lib/libc.a(lib_a-exit.o)
 .data          0x008893e0        0x0 /opt/altera/altera12.1/nios2eds/bin/gnu/H-i686-pc-linux-gnu/bin/../lib/gcc/nios2-elf/4.1.2/../../../../nios2-elf/lib/libc.a(lib_a-memcmp.o)
 .data          0x008893e0        0x0 /opt/altera/altera12.1/nios2eds/bin/gnu/H-i686-pc-linux-gnu/bin/../lib/gcc/nios2-elf/4.1.2/../../../../nios2-elf/lib/libc.a(lib_a-__atexit.o)
 .data          0x008893e0        0x0 /opt/altera/altera12.1/nios2eds/bin/gnu/H-i686-pc-linux-gnu/bin/../lib/gcc/nios2-elf/4.1.2/../../../../nios2-elf/lib/libc.a(lib_a-__call_atexit.o)
 .data          0x008893e0        0x0 ../CUDoom_Fin_bsp//libhal_bsp.a(alt_exit.o)
                0x008913e0                _gp = ABSOLUTE ((. + 0x8000))
                0x008913e0                PROVIDE (gp, _gp)
 *(.rwdata .rwdata.*)
 *(.sdata .sdata.* .gnu.linkonce.s.*)
 .sdata         0x008893e0        0x8 /opt/altera/altera12.1/nios2eds/bin/gnu/H-i686-pc-linux-gnu/bin/../lib/gcc/nios2-elf/4.1.2/../../../../nios2-elf/lib/libc.a(lib_a-impure.o)
                0x008893e0                _impure_ptr
                0x008893e4                _global_impure_ptr
 .sdata         0x008893e8        0x8 /opt/altera/altera12.1/nios2eds/bin/gnu/H-i686-pc-linux-gnu/bin/../lib/gcc/nios2-elf/4.1.2/../../../../nios2-elf/lib/libc.a(lib_a-locale.o)
                0x008893e8                __mb_cur_max
 .sdata         0x008893f0        0x8 /opt/altera/altera12.1/nios2eds/bin/gnu/H-i686-pc-linux-gnu/bin/../lib/gcc/nios2-elf/4.1.2/../../../../nios2-elf/lib/libc.a(lib_a-mallocr.o)
                0x008893f0                __malloc_trim_threshold
                0x008893f4                __malloc_sbrk_base
 .sdata         0x008893f8       0x14 ../CUDoom_Fin_bsp//libhal_bsp.a(alt_dev.o)
                0x008893f8                alt_fs_list
                0x00889400                alt_dev_list
                0x00889408                alt_max_fd
 .sdata         0x0088940c        0x4 ../CUDoom_Fin_bsp//libhal_bsp.a(alt_errno.o)
                0x0088940c                alt_errno
 .sdata         0x00889410        0x4 ../CUDoom_Fin_bsp//libhal_bsp.a(alt_sbrk.o)
 .sdata         0x00889414        0x4 ../CUDoom_Fin_bsp//libhal_bsp.a(alt_irq_vars.o)
                0x00889414                alt_priority_mask
 .sdata         0x00889418        0x8 ../CUDoom_Fin_bsp//libhal_bsp.a(alt_tick.o)
                0x00889418                alt_alarm_list
 *(.sdata2 .sdata2.* .gnu.linkonce.s2.*)
                0x00889420                . = ALIGN (0x4)
                0x00889420                _edata = ABSOLUTE (.)
                0x00889420                PROVIDE (edata, ABSOLUTE (.))
                0x00889420                PROVIDE (__ram_rwdata_end, ABSOLUTE (.))
                0x00889420                PROVIDE (__flash_rwdata_start, LOADADDR (.rwdata))

.bss            0x0088b0bc     0xf06c
                0x0088b0bc                __bss_start = ABSOLUTE (.)
                0x0088b0bc                PROVIDE (__sbss_start, ABSOLUTE (.))
                0x0088b0bc                PROVIDE (___sbss_start, ABSOLUTE (.))
 *(.dynsbss)
 *(.sbss .sbss.* .gnu.linkonce.sb.*)
 .sbss          0x0088b0bc        0xc /opt/altera/altera12.1/nios2eds/bin/gnu/H-i686-pc-linux-gnu/bin/../lib/gcc/nios2-elf/4.1.2/../../../../nios2-elf/lib/libc.a(lib_a-locale.o)
                0x0088b0bc                __nlocale_changed
                0x0088b0c0                __mlocale_changed
                0x0088b0c4                _PathLocale
 .sbss          0x0088b0c8        0xc /opt/altera/altera12.1/nios2eds/bin/gnu/H-i686-pc-linux-gnu/bin/../lib/gcc/nios2-elf/4.1.2/../../../../nios2-elf/lib/libc.a(lib_a-mallocr.o)
                0x0088b0c8                __malloc_top_pad
                0x0088b0cc                __malloc_max_sbrked_mem
                0x0088b0d0                __malloc_max_total_mem
 .sbss          0x0088b0d4        0x4 /opt/altera/altera12.1/nios2eds/bin/gnu/H-i686-pc-linux-gnu/bin/../lib/gcc/nios2-elf/4.1.2/../../../../nios2-elf/lib/libc.a(lib_a-int_errno.o)
                0x0088b0d4                errno
 .sbss          0x0088b0d8        0xc ../CUDoom_Fin_bsp//libhal_bsp.a(alt_main.o)
                0x0088b0d8                alt_argc
                0x0088b0dc                alt_argv
                0x0088b0e0                alt_envp
 .sbss          0x0088b0e4        0x4 ../CUDoom_Fin_bsp//libhal_bsp.a(alt_irq_vars.o)
                0x0088b0e4                alt_irq_active
 .sbss          0x0088b0e8        0x8 ../CUDoom_Fin_bsp//libhal_bsp.a(alt_tick.o)
                0x0088b0e8                _alt_tick_rate
                0x0088b0ec                _alt_nticks
 *(.sbss2 .sbss2.* .gnu.linkonce.sb2.*)
 *(.scommon)
                0x0088b0f0                PROVIDE (__sbss_end, ABSOLUTE (.))
                0x0088b0f0                PROVIDE (___sbss_end, ABSOLUTE (.))
 *(.dynbss)
 *(.bss .bss.* .gnu.linkonce.b.*)
 .bss           0x0088b0f0        0x0 ../CUDoom_Fin_bsp//obj/HAL/src/crt0.o
 .bss           0x0088b0f0        0x0 obj/default/hello_world.o
 .bss           0x0088b0f0        0x0 /opt/altera/altera12.1/nios2eds/bin/gnu/H-i686-pc-linux-gnu/bin/../lib/gcc/nios2-elf/4.1.2/../../../../nios2-elf/lib/libm.a(lib_a-s_cos.o)
 .bss           0x0088b0f0        0x0 /opt/altera/altera12.1/nios2eds/bin/gnu/H-i686-pc-linux-gnu/bin/../lib/gcc/nios2-elf/4.1.2/../../../../nios2-elf/lib/libm.a(lib_a-s_sin.o)
 .bss           0x0088b0f0        0x0 /opt/altera/altera12.1/nios2eds/bin/gnu/H-i686-pc-linux-gnu/bin/../lib/gcc/nios2-elf/4.1.2/../../../../nios2-elf/lib/libm.a(lib_a-e_rem_pio2.o)
 .bss           0x0088b0f0        0x0 /opt/altera/altera12.1/nios2eds/bin/gnu/H-i686-pc-linux-gnu/bin/../lib/gcc/nios2-elf/4.1.2/../../../../nios2-elf/lib/libm.a(lib_a-k_cos.o)
 .bss           0x0088b0f0        0x0 /opt/altera/altera12.1/nios2eds/bin/gnu/H-i686-pc-linux-gnu/bin/../lib/gcc/nios2-elf/4.1.2/../../../../nios2-elf/lib/libm.a(lib_a-k_rem_pio2.o)
 .bss           0x0088b0f0        0x0 /opt/altera/altera12.1/nios2eds/bin/gnu/H-i686-pc-linux-gnu/bin/../lib/gcc/nios2-elf/4.1.2/../../../../nios2-elf/lib/libm.a(lib_a-k_sin.o)
 .bss           0x0088b0f0        0x0 /opt/altera/altera12.1/nios2eds/bin/gnu/H-i686-pc-linux-gnu/bin/../lib/gcc/nios2-elf/4.1.2/../../../../nios2-elf/lib/libm.a(lib_a-s_fabs.o)
 .bss           0x0088b0f0        0x0 /opt/altera/altera12.1/nios2eds/bin/gnu/H-i686-pc-linux-gnu/bin/../lib/gcc/nios2-elf/4.1.2/../../../../nios2-elf/lib/libm.a(lib_a-s_floor.o)
 .bss           0x0088b0f0        0x0 /opt/altera/altera12.1/nios2eds/bin/gnu/H-i686-pc-linux-gnu/bin/../lib/gcc/nios2-elf/4.1.2/../../../../nios2-elf/lib/libm.a(lib_a-s_scalbn.o)
 .bss           0x0088b0f0        0x0 /opt/altera/altera12.1/nios2eds/bin/gnu/H-i686-pc-linux-gnu/bin/../lib/gcc/nios2-elf/4.1.2/../../../../nios2-elf/lib/libm.a(lib_a-s_copysign.o)
 .bss           0x0088b0f0        0x0 /opt/altera/altera12.1/nios2eds/bin/gnu/H-i686-pc-linux-gnu/bin/../lib/gcc/nios2-elf/4.1.2/libgcc.a(_addsub_df.o)
 .bss           0x0088b0f0        0x0 /opt/altera/altera12.1/nios2eds/bin/gnu/H-i686-pc-linux-gnu/bin/../lib/gcc/nios2-elf/4.1.2/libgcc.a(_mul_df.o)
 .bss           0x0088b0f0        0x0 /opt/altera/altera12.1/nios2eds/bin/gnu/H-i686-pc-linux-gnu/bin/../lib/gcc/nios2-elf/4.1.2/libgcc.a(_eq_df.o)
 .bss           0x0088b0f0        0x0 /opt/altera/altera12.1/nios2eds/bin/gnu/H-i686-pc-linux-gnu/bin/../lib/gcc/nios2-elf/4.1.2/libgcc.a(_gt_df.o)
 .bss           0x0088b0f0        0x0 /opt/altera/altera12.1/nios2eds/bin/gnu/H-i686-pc-linux-gnu/bin/../lib/gcc/nios2-elf/4.1.2/libgcc.a(_ge_df.o)
 .bss           0x0088b0f0        0x0 /opt/altera/altera12.1/nios2eds/bin/gnu/H-i686-pc-linux-gnu/bin/../lib/gcc/nios2-elf/4.1.2/libgcc.a(_si_to_df.o)
 .bss           0x0088b0f0        0x0 /opt/altera/altera12.1/nios2eds/bin/gnu/H-i686-pc-linux-gnu/bin/../lib/gcc/nios2-elf/4.1.2/libgcc.a(_df_to_si.o)
 .bss           0x0088b0f0        0x0 /opt/altera/altera12.1/nios2eds/bin/gnu/H-i686-pc-linux-gnu/bin/../lib/gcc/nios2-elf/4.1.2/libgcc.a(_thenan_df.o)
 .bss           0x0088b0f0        0x0 /opt/altera/altera12.1/nios2eds/bin/gnu/H-i686-pc-linux-gnu/bin/../lib/gcc/nios2-elf/4.1.2/libgcc.a(lib2-divmod.o)
 .bss           0x0088b0f0        0x0 /opt/altera/altera12.1/nios2eds/bin/gnu/H-i686-pc-linux-gnu/bin/../lib/gcc/nios2-elf/4.1.2/libgcc.a(_muldi3.o)
 .bss           0x0088b0f0        0x0 /opt/altera/altera12.1/nios2eds/bin/gnu/H-i686-pc-linux-gnu/bin/../lib/gcc/nios2-elf/4.1.2/libgcc.a(_clzsi2.o)
 .bss           0x0088b0f0        0x0 /opt/altera/altera12.1/nios2eds/bin/gnu/H-i686-pc-linux-gnu/bin/../lib/gcc/nios2-elf/4.1.2/libgcc.a(_pack_df.o)
 .bss           0x0088b0f0        0x0 /opt/altera/altera12.1/nios2eds/bin/gnu/H-i686-pc-linux-gnu/bin/../lib/gcc/nios2-elf/4.1.2/libgcc.a(_unpack_df.o)
 .bss           0x0088b0f0        0x0 /opt/altera/altera12.1/nios2eds/bin/gnu/H-i686-pc-linux-gnu/bin/../lib/gcc/nios2-elf/4.1.2/libgcc.a(_fpcmp_parts_df.o)
 .bss           0x0088b0f0        0x0 /opt/altera/altera12.1/nios2eds/bin/gnu/H-i686-pc-linux-gnu/bin/../lib/gcc/nios2-elf/4.1.2/libgcc.a(_clz.o)
 .bss           0x0088b0f0        0x0 /opt/altera/altera12.1/nios2eds/bin/gnu/H-i686-pc-linux-gnu/bin/../lib/gcc/nios2-elf/4.1.2/../../../../nios2-elf/lib/libc.a(lib_a-printf.o)
 .bss           0x0088b0f0        0x0 /opt/altera/altera12.1/nios2eds/bin/gnu/H-i686-pc-linux-gnu/bin/../lib/gcc/nios2-elf/4.1.2/../../../../nios2-elf/lib/libc.a(lib_a-vfprintf.o)
 .bss           0x0088b0f0        0x0 /opt/altera/altera12.1/nios2eds/bin/gnu/H-i686-pc-linux-gnu/bin/../lib/gcc/nios2-elf/4.1.2/../../../../nios2-elf/lib/libc.a(lib_a-wsetup.o)
 .bss           0x0088b0f0        0x0 /opt/altera/altera12.1/nios2eds/bin/gnu/H-i686-pc-linux-gnu/bin/../lib/gcc/nios2-elf/4.1.2/../../../../nios2-elf/lib/libc.a(lib_a-dtoa.o)
 .bss           0x0088b0f0        0x0 /opt/altera/altera12.1/nios2eds/bin/gnu/H-i686-pc-linux-gnu/bin/../lib/gcc/nios2-elf/4.1.2/../../../../nios2-elf/lib/libc.a(lib_a-fflush.o)
 .bss           0x0088b0f0        0x0 /opt/altera/altera12.1/nios2eds/bin/gnu/H-i686-pc-linux-gnu/bin/../lib/gcc/nios2-elf/4.1.2/../../../../nios2-elf/lib/libc.a(lib_a-findfp.o)
 .bss           0x0088b0f0        0x0 /opt/altera/altera12.1/nios2eds/bin/gnu/H-i686-pc-linux-gnu/bin/../lib/gcc/nios2-elf/4.1.2/../../../../nios2-elf/lib/libc.a(lib_a-freer.o)
 .bss           0x0088b0f0        0x0 /opt/altera/altera12.1/nios2eds/bin/gnu/H-i686-pc-linux-gnu/bin/../lib/gcc/nios2-elf/4.1.2/../../../../nios2-elf/lib/libc.a(lib_a-fvwrite.o)
 .bss           0x0088b0f0        0x0 /opt/altera/altera12.1/nios2eds/bin/gnu/H-i686-pc-linux-gnu/bin/../lib/gcc/nios2-elf/4.1.2/../../../../nios2-elf/lib/libc.a(lib_a-fwalk.o)
 .bss           0x0088b0f0        0x0 /opt/altera/altera12.1/nios2eds/bin/gnu/H-i686-pc-linux-gnu/bin/../lib/gcc/nios2-elf/4.1.2/../../../../nios2-elf/lib/libc.a(lib_a-impure.o)
 .bss           0x0088b0f0        0x0 /opt/altera/altera12.1/nios2eds/bin/gnu/H-i686-pc-linux-gnu/bin/../lib/gcc/nios2-elf/4.1.2/../../../../nios2-elf/lib/libc.a(lib_a-locale.o)
 .bss           0x0088b0f0        0x0 /opt/altera/altera12.1/nios2eds/bin/gnu/H-i686-pc-linux-gnu/bin/../lib/gcc/nios2-elf/4.1.2/../../../../nios2-elf/lib/libc.a(lib_a-makebuf.o)
 .bss           0x0088b0f0       0x28 /opt/altera/altera12.1/nios2eds/bin/gnu/H-i686-pc-linux-gnu/bin/../lib/gcc/nios2-elf/4.1.2/../../../../nios2-elf/lib/libc.a(lib_a-mallocr.o)
                0x0088b0f0                __malloc_current_mallinfo
 .bss           0x0088b118        0x0 /opt/altera/altera12.1/nios2eds/bin/gnu/H-i686-pc-linux-gnu/bin/../lib/gcc/nios2-elf/4.1.2/../../../../nios2-elf/lib/libc.a(lib_a-memchr.o)
 .bss           0x0088b118        0x0 /opt/altera/altera12.1/nios2eds/bin/gnu/H-i686-pc-linux-gnu/bin/../lib/gcc/nios2-elf/4.1.2/../../../../nios2-elf/lib/libc.a(lib_a-memcpy.o)
 .bss           0x0088b118        0x0 /opt/altera/altera12.1/nios2eds/bin/gnu/H-i686-pc-linux-gnu/bin/../lib/gcc/nios2-elf/4.1.2/../../../../nios2-elf/lib/libc.a(lib_a-memmove.o)
 .bss           0x0088b118        0x0 /opt/altera/altera12.1/nios2eds/bin/gnu/H-i686-pc-linux-gnu/bin/../lib/gcc/nios2-elf/4.1.2/../../../../nios2-elf/lib/libc.a(lib_a-memset.o)
 .bss           0x0088b118        0x0 /opt/altera/altera12.1/nios2eds/bin/gnu/H-i686-pc-linux-gnu/bin/../lib/gcc/nios2-elf/4.1.2/../../../../nios2-elf/lib/libc.a(lib_a-mprec.o)
 .bss           0x0088b118        0x0 /opt/altera/altera12.1/nios2eds/bin/gnu/H-i686-pc-linux-gnu/bin/../lib/gcc/nios2-elf/4.1.2/../../../../nios2-elf/lib/libc.a(lib_a-reallocr.o)
 .bss           0x0088b118        0x0 /opt/altera/altera12.1/nios2eds/bin/gnu/H-i686-pc-linux-gnu/bin/../lib/gcc/nios2-elf/4.1.2/../../../../nios2-elf/lib/libc.a(lib_a-s_isinfd.o)
 .bss           0x0088b118        0x0 /opt/altera/altera12.1/nios2eds/bin/gnu/H-i686-pc-linux-gnu/bin/../lib/gcc/nios2-elf/4.1.2/../../../../nios2-elf/lib/libc.a(lib_a-s_isnand.o)
 .bss           0x0088b118        0x0 /opt/altera/altera12.1/nios2eds/bin/gnu/H-i686-pc-linux-gnu/bin/../lib/gcc/nios2-elf/4.1.2/../../../../nios2-elf/lib/libc.a(lib_a-sbrkr.o)
 .bss           0x0088b118        0x0 /opt/altera/altera12.1/nios2eds/bin/gnu/H-i686-pc-linux-gnu/bin/../lib/gcc/nios2-elf/4.1.2/../../../../nios2-elf/lib/libc.a(lib_a-stdio.o)
 .bss           0x0088b118        0x0 /opt/altera/altera12.1/nios2eds/bin/gnu/H-i686-pc-linux-gnu/bin/../lib/gcc/nios2-elf/4.1.2/../../../../nios2-elf/lib/libc.a(lib_a-strcmp.o)
 .bss           0x0088b118        0x0 /opt/altera/altera12.1/nios2eds/bin/gnu/H-i686-pc-linux-gnu/bin/../lib/gcc/nios2-elf/4.1.2/../../../../nios2-elf/lib/libc.a(lib_a-strlen.o)
 .bss           0x0088b118        0x0 /opt/altera/altera12.1/nios2eds/bin/gnu/H-i686-pc-linux-gnu/bin/../lib/gcc/nios2-elf/4.1.2/../../../../nios2-elf/lib/libc.a(lib_a-writer.o)
 .bss           0x0088b118        0x0 /opt/altera/altera12.1/nios2eds/bin/gnu/H-i686-pc-linux-gnu/bin/../lib/gcc/nios2-elf/4.1.2/../../../../nios2-elf/lib/libc.a(lib_a-callocr.o)
 .bss           0x0088b118        0x0 /opt/altera/altera12.1/nios2eds/bin/gnu/H-i686-pc-linux-gnu/bin/../lib/gcc/nios2-elf/4.1.2/../../../../nios2-elf/lib/libc.a(lib_a-closer.o)
 .bss           0x0088b118        0x0 /opt/altera/altera12.1/nios2eds/bin/gnu/H-i686-pc-linux-gnu/bin/../lib/gcc/nios2-elf/4.1.2/../../../../nios2-elf/lib/libc.a(lib_a-fclose.o)
 .bss           0x0088b118        0x0 /opt/altera/altera12.1/nios2eds/bin/gnu/H-i686-pc-linux-gnu/bin/../lib/gcc/nios2-elf/4.1.2/../../../../nios2-elf/lib/libc.a(lib_a-fstatr.o)
 .bss           0x0088b118        0x0 /opt/altera/altera12.1/nios2eds/bin/gnu/H-i686-pc-linux-gnu/bin/../lib/gcc/nios2-elf/4.1.2/../../../../nios2-elf/lib/libc.a(lib_a-int_errno.o)
 .bss           0x0088b118        0x0 /opt/altera/altera12.1/nios2eds/bin/gnu/H-i686-pc-linux-gnu/bin/../lib/gcc/nios2-elf/4.1.2/../../../../nios2-elf/lib/libc.a(lib_a-isattyr.o)
 .bss           0x0088b118        0x0 /opt/altera/altera12.1/nios2eds/bin/gnu/H-i686-pc-linux-gnu/bin/../lib/gcc/nios2-elf/4.1.2/../../../../nios2-elf/lib/libc.a(lib_a-lseekr.o)
 .bss           0x0088b118        0x0 /opt/altera/altera12.1/nios2eds/bin/gnu/H-i686-pc-linux-gnu/bin/../lib/gcc/nios2-elf/4.1.2/../../../../nios2-elf/lib/libc.a(lib_a-readr.o)
 .bss           0x0088b118        0x0 /opt/altera/altera12.1/nios2eds/bin/gnu/H-i686-pc-linux-gnu/bin/../lib/gcc/nios2-elf/4.1.2/libgcc.a(_udivdi3.o)
 .bss           0x0088b118        0x0 /opt/altera/altera12.1/nios2eds/bin/gnu/H-i686-pc-linux-gnu/bin/../lib/gcc/nios2-elf/4.1.2/libgcc.a(_umoddi3.o)
 .bss           0x0088b118        0x0 /opt/altera/altera12.1/nios2eds/bin/gnu/H-i686-pc-linux-gnu/bin/../lib/gcc/nios2-elf/4.1.2/libgcc.a(_div_df.o)
 .bss           0x0088b118        0x0 /opt/altera/altera12.1/nios2eds/bin/gnu/H-i686-pc-linux-gnu/bin/../lib/gcc/nios2-elf/4.1.2/libgcc.a(_ne_df.o)
 .bss           0x0088b118        0x0 /opt/altera/altera12.1/nios2eds/bin/gnu/H-i686-pc-linux-gnu/bin/../lib/gcc/nios2-elf/4.1.2/libgcc.a(_lt_df.o)
 .bss           0x0088b118        0x0 /opt/altera/altera12.1/nios2eds/bin/gnu/H-i686-pc-linux-gnu/bin/../lib/gcc/nios2-elf/4.1.2/libgcc.a(_usi_to_df.o)
 .bss           0x0088b118        0x0 ../CUDoom_Fin_bsp//libhal_bsp.a(alt_close.o)
 .bss           0x0088b118        0x0 ../CUDoom_Fin_bsp//libhal_bsp.a(alt_dev.o)
 .bss           0x0088b118        0x0 ../CUDoom_Fin_bsp//libhal_bsp.a(alt_errno.o)
 .bss           0x0088b118        0x0 ../CUDoom_Fin_bsp//libhal_bsp.a(alt_fstat.o)
 .bss           0x0088b118        0x0 ../CUDoom_Fin_bsp//libhal_bsp.a(alt_isatty.o)
 .bss           0x0088b118        0x0 ../CUDoom_Fin_bsp//libhal_bsp.a(alt_load.o)
 .bss           0x0088b118        0x0 ../CUDoom_Fin_bsp//libhal_bsp.a(alt_lseek.o)
 .bss           0x0088b118        0x0 ../CUDoom_Fin_bsp//libhal_bsp.a(alt_main.o)
 .bss           0x0088b118        0x0 ../CUDoom_Fin_bsp//libhal_bsp.a(alt_malloc_lock.o)
 .bss           0x0088b118        0x0 ../CUDoom_Fin_bsp//libhal_bsp.a(alt_read.o)
 .bss           0x0088b118        0x0 ../CUDoom_Fin_bsp//libhal_bsp.a(alt_release_fd.o)
 .bss           0x0088b118        0x0 ../CUDoom_Fin_bsp//libhal_bsp.a(alt_sbrk.o)
 .bss           0x0088b118        0x0 ../CUDoom_Fin_bsp//libhal_bsp.a(alt_write.o)
 .bss           0x0088b118        0x0 ../CUDoom_Fin_bsp//libhal_bsp.a(alt_sys_init.o)
 .bss           0x0088b118        0x0 ../CUDoom_Fin_bsp//libhal_bsp.a(altera_avalon_jtag_uart_fd.o)
 .bss           0x0088b118        0x0 ../CUDoom_Fin_bsp//libhal_bsp.a(altera_avalon_jtag_uart_init.o)
 .bss           0x0088b118        0x0 ../CUDoom_Fin_bsp//libhal_bsp.a(altera_avalon_jtag_uart_ioctl.o)
 .bss           0x0088b118        0x0 ../CUDoom_Fin_bsp//libhal_bsp.a(altera_avalon_jtag_uart_read.o)
 .bss           0x0088b118        0x0 ../CUDoom_Fin_bsp//libhal_bsp.a(altera_avalon_jtag_uart_write.o)
 .bss           0x0088b118        0x0 ../CUDoom_Fin_bsp//libhal_bsp.a(alt_alarm_start.o)
 .bss           0x0088b118        0x0 ../CUDoom_Fin_bsp//libhal_bsp.a(alt_dcache_flush_all.o)
 .bss           0x0088b118        0x0 ../CUDoom_Fin_bsp//libhal_bsp.a(alt_dev_llist_insert.o)
 .bss           0x0088b118        0x0 ../CUDoom_Fin_bsp//libhal_bsp.a(alt_do_ctors.o)
 .bss           0x0088b118        0x0 ../CUDoom_Fin_bsp//libhal_bsp.a(alt_do_dtors.o)
 .bss           0x0088b118        0x0 ../CUDoom_Fin_bsp//libhal_bsp.a(alt_icache_flush_all.o)
 .bss           0x0088b118        0x0 ../CUDoom_Fin_bsp//libhal_bsp.a(alt_iic.o)
 .bss           0x0088b118        0x0 ../CUDoom_Fin_bsp//libhal_bsp.a(alt_iic_isr_register.o)
 .bss           0x0088b118        0x0 ../CUDoom_Fin_bsp//libhal_bsp.a(alt_io_redirect.o)
 .bss           0x0088b118        0x0 ../CUDoom_Fin_bsp//libhal_bsp.a(alt_irq_entry.o)
 .bss           0x0088b118        0x0 ../CUDoom_Fin_bsp//libhal_bsp.a(alt_irq_handler.o)
 .bss           0x0088b118        0x0 ../CUDoom_Fin_bsp//libhal_bsp.a(alt_irq_vars.o)
 .bss           0x0088b118        0x0 ../CUDoom_Fin_bsp//libhal_bsp.a(alt_open.o)
 .bss           0x0088b118        0x0 ../CUDoom_Fin_bsp//libhal_bsp.a(alt_tick.o)
 .bss           0x0088b118        0x0 ../CUDoom_Fin_bsp//libhal_bsp.a(altera_nios2_irq.o)
 .bss           0x0088b118        0x0 ../CUDoom_Fin_bsp//libhal_bsp.a(alt_exception_entry.o)
 .bss           0x0088b118        0x0 ../CUDoom_Fin_bsp//libhal_bsp.a(alt_find_dev.o)
 .bss           0x0088b118        0x0 ../CUDoom_Fin_bsp//libhal_bsp.a(alt_find_file.o)
 .bss           0x0088b118        0x0 ../CUDoom_Fin_bsp//libhal_bsp.a(alt_get_fd.o)
 .bss           0x0088b118        0x0 ../CUDoom_Fin_bsp//libhal_bsp.a(alt_icache_flush.o)
 .bss           0x0088b118        0x0 /opt/altera/altera12.1/nios2eds/bin/gnu/H-i686-pc-linux-gnu/bin/../lib/gcc/nios2-elf/4.1.2/../../../../nios2-elf/lib/libc.a(lib_a-atexit.o)
 .bss           0x0088b118        0x0 /opt/altera/altera12.1/nios2eds/bin/gnu/H-i686-pc-linux-gnu/bin/../lib/gcc/nios2-elf/4.1.2/../../../../nios2-elf/lib/libc.a(lib_a-exit.o)
 .bss           0x0088b118        0x0 /opt/altera/altera12.1/nios2eds/bin/gnu/H-i686-pc-linux-gnu/bin/../lib/gcc/nios2-elf/4.1.2/../../../../nios2-elf/lib/libc.a(lib_a-memcmp.o)
 .bss           0x0088b118        0x0 /opt/altera/altera12.1/nios2eds/bin/gnu/H-i686-pc-linux-gnu/bin/../lib/gcc/nios2-elf/4.1.2/../../../../nios2-elf/lib/libc.a(lib_a-__atexit.o)
 .bss           0x0088b118        0x0 /opt/altera/altera12.1/nios2eds/bin/gnu/H-i686-pc-linux-gnu/bin/../lib/gcc/nios2-elf/4.1.2/../../../../nios2-elf/lib/libc.a(lib_a-__call_atexit.o)
 .bss           0x0088b118        0x0 ../CUDoom_Fin_bsp//libhal_bsp.a(alt_exit.o)
 *(COMMON)
 COMMON         0x0088b118     0xed80 obj/default/hello_world.o
                0x0088b118                dirsine
                0x0088e778                sine
                0x00891dd8                cosine
                0x00895438                stoparray
                0x00895e38                startarray
                0x00896838                dircosine
 COMMON         0x00899e98      0x100 ../CUDoom_Fin_bsp//libhal_bsp.a(alt_irq_handler.o)
                0x00899e98                alt_irq
 COMMON         0x00899f98      0x190 /opt/altera/altera12.1/nios2eds/bin/gnu/H-i686-pc-linux-gnu/bin/../lib/gcc/nios2-elf/4.1.2/../../../../nios2-elf/lib/libc.a(lib_a-atexit.o)
                0x00899f98                _atexit0
                0x0089a128                . = ALIGN (0x4)
                0x0089a128                __bss_end = ABSOLUTE (.)

.sdram_0        0x0089a128        0x0
                0x0089a128                PROVIDE (_alt_partition_sdram_0_start, ABSOLUTE (.))
 *(.sdram_0. sdram_0.*)
                0x0089a128                . = ALIGN (0x4)
                0x0089a128                PROVIDE (_alt_partition_sdram_0_end, ABSOLUTE (.))
                0x0089a128                _end = ABSOLUTE (.)
                0x0089a128                end = ABSOLUTE (.)
                0x0089a128                __alt_stack_base = ABSOLUTE (.)
                0x0089a128                PROVIDE (_alt_partition_sdram_0_load_addr, LOADADDR (.sdram_0))

.stab
 *(.stab)

.stabstr
 *(.stabstr)

.stab.excl
 *(.stab.excl)

.stab.exclstr
 *(.stab.exclstr)

.stab.index
 *(.stab.index)

.stab.indexstr
 *(.stab.indexstr)

.comment        0x00000000       0x23
 *(.comment)
 .comment       0x00000000       0x23 obj/default/hello_world.o
                                 0x24 (size before relaxing)
 .comment       0x00000000       0x24 /opt/altera/altera12.1/nios2eds/bin/gnu/H-i686-pc-linux-gnu/bin/../lib/gcc/nios2-elf/4.1.2/../../../../nios2-elf/lib/libm.a(lib_a-s_cos.o)
 .comment       0x00000000       0x24 /opt/altera/altera12.1/nios2eds/bin/gnu/H-i686-pc-linux-gnu/bin/../lib/gcc/nios2-elf/4.1.2/../../../../nios2-elf/lib/libm.a(lib_a-s_sin.o)
 .comment       0x00000000       0x24 /opt/altera/altera12.1/nios2eds/bin/gnu/H-i686-pc-linux-gnu/bin/../lib/gcc/nios2-elf/4.1.2/../../../../nios2-elf/lib/libm.a(lib_a-e_rem_pio2.o)
 .comment       0x00000000       0x24 /opt/altera/altera12.1/nios2eds/bin/gnu/H-i686-pc-linux-gnu/bin/../lib/gcc/nios2-elf/4.1.2/../../../../nios2-elf/lib/libm.a(lib_a-k_cos.o)
 .comment       0x00000000       0x24 /opt/altera/altera12.1/nios2eds/bin/gnu/H-i686-pc-linux-gnu/bin/../lib/gcc/nios2-elf/4.1.2/../../../../nios2-elf/lib/libm.a(lib_a-k_rem_pio2.o)
 .comment       0x00000000       0x24 /opt/altera/altera12.1/nios2eds/bin/gnu/H-i686-pc-linux-gnu/bin/../lib/gcc/nios2-elf/4.1.2/../../../../nios2-elf/lib/libm.a(lib_a-k_sin.o)
 .comment       0x00000000       0x24 /opt/altera/altera12.1/nios2eds/bin/gnu/H-i686-pc-linux-gnu/bin/../lib/gcc/nios2-elf/4.1.2/../../../../nios2-elf/lib/libm.a(lib_a-s_fabs.o)
 .comment       0x00000000       0x24 /opt/altera/altera12.1/nios2eds/bin/gnu/H-i686-pc-linux-gnu/bin/../lib/gcc/nios2-elf/4.1.2/../../../../nios2-elf/lib/libm.a(lib_a-s_floor.o)
 .comment       0x00000000       0x24 /opt/altera/altera12.1/nios2eds/bin/gnu/H-i686-pc-linux-gnu/bin/../lib/gcc/nios2-elf/4.1.2/../../../../nios2-elf/lib/libm.a(lib_a-s_scalbn.o)
 .comment       0x00000000       0x24 /opt/altera/altera12.1/nios2eds/bin/gnu/H-i686-pc-linux-gnu/bin/../lib/gcc/nios2-elf/4.1.2/../../../../nios2-elf/lib/libm.a(lib_a-s_copysign.o)
 .comment       0x00000000       0x24 /opt/altera/altera12.1/nios2eds/bin/gnu/H-i686-pc-linux-gnu/bin/../lib/gcc/nios2-elf/4.1.2/libgcc.a(_addsub_df.o)
 .comment       0x00000000       0x24 /opt/altera/altera12.1/nios2eds/bin/gnu/H-i686-pc-linux-gnu/bin/../lib/gcc/nios2-elf/4.1.2/libgcc.a(_mul_df.o)
 .comment       0x00000000       0x24 /opt/altera/altera12.1/nios2eds/bin/gnu/H-i686-pc-linux-gnu/bin/../lib/gcc/nios2-elf/4.1.2/libgcc.a(_eq_df.o)
 .comment       0x00000000       0x24 /opt/altera/altera12.1/nios2eds/bin/gnu/H-i686-pc-linux-gnu/bin/../lib/gcc/nios2-elf/4.1.2/libgcc.a(_gt_df.o)
 .comment       0x00000000       0x24 /opt/altera/altera12.1/nios2eds/bin/gnu/H-i686-pc-linux-gnu/bin/../lib/gcc/nios2-elf/4.1.2/libgcc.a(_ge_df.o)
 .comment       0x00000000       0x24 /opt/altera/altera12.1/nios2eds/bin/gnu/H-i686-pc-linux-gnu/bin/../lib/gcc/nios2-elf/4.1.2/libgcc.a(_si_to_df.o)
 .comment       0x00000000       0x24 /opt/altera/altera12.1/nios2eds/bin/gnu/H-i686-pc-linux-gnu/bin/../lib/gcc/nios2-elf/4.1.2/libgcc.a(_df_to_si.o)
 .comment       0x00000000       0x24 /opt/altera/altera12.1/nios2eds/bin/gnu/H-i686-pc-linux-gnu/bin/../lib/gcc/nios2-elf/4.1.2/libgcc.a(_thenan_df.o)
 .comment       0x00000000       0x24 /opt/altera/altera12.1/nios2eds/bin/gnu/H-i686-pc-linux-gnu/bin/../lib/gcc/nios2-elf/4.1.2/libgcc.a(lib2-divmod.o)
 .comment       0x00000000       0x24 /opt/altera/altera12.1/nios2eds/bin/gnu/H-i686-pc-linux-gnu/bin/../lib/gcc/nios2-elf/4.1.2/libgcc.a(_muldi3.o)
 .comment       0x00000000       0x24 /opt/altera/altera12.1/nios2eds/bin/gnu/H-i686-pc-linux-gnu/bin/../lib/gcc/nios2-elf/4.1.2/libgcc.a(_clzsi2.o)
 .comment       0x00000000       0x24 /opt/altera/altera12.1/nios2eds/bin/gnu/H-i686-pc-linux-gnu/bin/../lib/gcc/nios2-elf/4.1.2/libgcc.a(_pack_df.o)
 .comment       0x00000000       0x24 /opt/altera/altera12.1/nios2eds/bin/gnu/H-i686-pc-linux-gnu/bin/../lib/gcc/nios2-elf/4.1.2/libgcc.a(_unpack_df.o)
 .comment       0x00000000       0x24 /opt/altera/altera12.1/nios2eds/bin/gnu/H-i686-pc-linux-gnu/bin/../lib/gcc/nios2-elf/4.1.2/libgcc.a(_fpcmp_parts_df.o)
 .comment       0x00000000       0x24 /opt/altera/altera12.1/nios2eds/bin/gnu/H-i686-pc-linux-gnu/bin/../lib/gcc/nios2-elf/4.1.2/libgcc.a(_clz.o)
 .comment       0x00000000       0x24 /opt/altera/altera12.1/nios2eds/bin/gnu/H-i686-pc-linux-gnu/bin/../lib/gcc/nios2-elf/4.1.2/../../../../nios2-elf/lib/libc.a(lib_a-printf.o)
 .comment       0x00000000       0x24 /opt/altera/altera12.1/nios2eds/bin/gnu/H-i686-pc-linux-gnu/bin/../lib/gcc/nios2-elf/4.1.2/../../../../nios2-elf/lib/libc.a(lib_a-vfprintf.o)
 .comment       0x00000000       0x24 /opt/altera/altera12.1/nios2eds/bin/gnu/H-i686-pc-linux-gnu/bin/../lib/gcc/nios2-elf/4.1.2/../../../../nios2-elf/lib/libc.a(lib_a-wsetup.o)
 .comment       0x00000000       0x24 /opt/altera/altera12.1/nios2eds/bin/gnu/H-i686-pc-linux-gnu/bin/../lib/gcc/nios2-elf/4.1.2/../../../../nios2-elf/lib/libc.a(lib_a-dtoa.o)
 .comment       0x00000000       0x24 /opt/altera/altera12.1/nios2eds/bin/gnu/H-i686-pc-linux-gnu/bin/../lib/gcc/nios2-elf/4.1.2/../../../../nios2-elf/lib/libc.a(lib_a-fflush.o)
 .comment       0x00000000       0x24 /opt/altera/altera12.1/nios2eds/bin/gnu/H-i686-pc-linux-gnu/bin/../lib/gcc/nios2-elf/4.1.2/../../../../nios2-elf/lib/libc.a(lib_a-findfp.o)
 .comment       0x00000000       0x24 /opt/altera/altera12.1/nios2eds/bin/gnu/H-i686-pc-linux-gnu/bin/../lib/gcc/nios2-elf/4.1.2/../../../../nios2-elf/lib/libc.a(lib_a-freer.o)
 .comment       0x00000000       0x24 /opt/altera/altera12.1/nios2eds/bin/gnu/H-i686-pc-linux-gnu/bin/../lib/gcc/nios2-elf/4.1.2/../../../../nios2-elf/lib/libc.a(lib_a-fvwrite.o)
 .comment       0x00000000       0x24 /opt/altera/altera12.1/nios2eds/bin/gnu/H-i686-pc-linux-gnu/bin/../lib/gcc/nios2-elf/4.1.2/../../../../nios2-elf/lib/libc.a(lib_a-fwalk.o)
 .comment       0x00000000       0x24 /opt/altera/altera12.1/nios2eds/bin/gnu/H-i686-pc-linux-gnu/bin/../lib/gcc/nios2-elf/4.1.2/../../../../nios2-elf/lib/libc.a(lib_a-impure.o)
 .comment       0x00000000       0x24 /opt/altera/altera12.1/nios2eds/bin/gnu/H-i686-pc-linux-gnu/bin/../lib/gcc/nios2-elf/4.1.2/../../../../nios2-elf/lib/libc.a(lib_a-locale.o)
 .comment       0x00000000       0x24 /opt/altera/altera12.1/nios2eds/bin/gnu/H-i686-pc-linux-gnu/bin/../lib/gcc/nios2-elf/4.1.2/../../../../nios2-elf/lib/libc.a(lib_a-makebuf.o)
 .comment       0x00000000       0x24 /opt/altera/altera12.1/nios2eds/bin/gnu/H-i686-pc-linux-gnu/bin/../lib/gcc/nios2-elf/4.1.2/../../../../nios2-elf/lib/libc.a(lib_a-mallocr.o)
 .comment       0x00000000       0x24 /opt/altera/altera12.1/nios2eds/bin/gnu/H-i686-pc-linux-gnu/bin/../lib/gcc/nios2-elf/4.1.2/../../../../nios2-elf/lib/libc.a(lib_a-memchr.o)
 .comment       0x00000000       0x24 /opt/altera/altera12.1/nios2eds/bin/gnu/H-i686-pc-linux-gnu/bin/../lib/gcc/nios2-elf/4.1.2/../../../../nios2-elf/lib/libc.a(lib_a-memcpy.o)
 .comment       0x00000000       0x24 /opt/altera/altera12.1/nios2eds/bin/gnu/H-i686-pc-linux-gnu/bin/../lib/gcc/nios2-elf/4.1.2/../../../../nios2-elf/lib/libc.a(lib_a-memmove.o)
 .comment       0x00000000       0x24 /opt/altera/altera12.1/nios2eds/bin/gnu/H-i686-pc-linux-gnu/bin/../lib/gcc/nios2-elf/4.1.2/../../../../nios2-elf/lib/libc.a(lib_a-memset.o)
 .comment       0x00000000       0x24 /opt/altera/altera12.1/nios2eds/bin/gnu/H-i686-pc-linux-gnu/bin/../lib/gcc/nios2-elf/4.1.2/../../../../nios2-elf/lib/libc.a(lib_a-mprec.o)
 .comment       0x00000000       0x24 /opt/altera/altera12.1/nios2eds/bin/gnu/H-i686-pc-linux-gnu/bin/../lib/gcc/nios2-elf/4.1.2/../../../../nios2-elf/lib/libc.a(lib_a-reallocr.o)
 .comment       0x00000000       0x24 /opt/altera/altera12.1/nios2eds/bin/gnu/H-i686-pc-linux-gnu/bin/../lib/gcc/nios2-elf/4.1.2/../../../../nios2-elf/lib/libc.a(lib_a-s_isinfd.o)
 .comment       0x00000000       0x24 /opt/altera/altera12.1/nios2eds/bin/gnu/H-i686-pc-linux-gnu/bin/../lib/gcc/nios2-elf/4.1.2/../../../../nios2-elf/lib/libc.a(lib_a-s_isnand.o)
 .comment       0x00000000       0x24 /opt/altera/altera12.1/nios2eds/bin/gnu/H-i686-pc-linux-gnu/bin/../lib/gcc/nios2-elf/4.1.2/../../../../nios2-elf/lib/libc.a(lib_a-sbrkr.o)
 .comment       0x00000000       0x24 /opt/altera/altera12.1/nios2eds/bin/gnu/H-i686-pc-linux-gnu/bin/../lib/gcc/nios2-elf/4.1.2/../../../../nios2-elf/lib/libc.a(lib_a-stdio.o)
 .comment       0x00000000       0x24 /opt/altera/altera12.1/nios2eds/bin/gnu/H-i686-pc-linux-gnu/bin/../lib/gcc/nios2-elf/4.1.2/../../../../nios2-elf/lib/libc.a(lib_a-strcmp.o)
 .comment       0x00000000       0x24 /opt/altera/altera12.1/nios2eds/bin/gnu/H-i686-pc-linux-gnu/bin/../lib/gcc/nios2-elf/4.1.2/../../../../nios2-elf/lib/libc.a(lib_a-strlen.o)
 .comment       0x00000000       0x24 /opt/altera/altera12.1/nios2eds/bin/gnu/H-i686-pc-linux-gnu/bin/../lib/gcc/nios2-elf/4.1.2/../../../../nios2-elf/lib/libc.a(lib_a-writer.o)
 .comment       0x00000000       0x24 /opt/altera/altera12.1/nios2eds/bin/gnu/H-i686-pc-linux-gnu/bin/../lib/gcc/nios2-elf/4.1.2/../../../../nios2-elf/lib/libc.a(lib_a-callocr.o)
 .comment       0x00000000       0x24 /opt/altera/altera12.1/nios2eds/bin/gnu/H-i686-pc-linux-gnu/bin/../lib/gcc/nios2-elf/4.1.2/../../../../nios2-elf/lib/libc.a(lib_a-closer.o)
 .comment       0x00000000       0x24 /opt/altera/altera12.1/nios2eds/bin/gnu/H-i686-pc-linux-gnu/bin/../lib/gcc/nios2-elf/4.1.2/../../../../nios2-elf/lib/libc.a(lib_a-fclose.o)
 .comment       0x00000000       0x24 /opt/altera/altera12.1/nios2eds/bin/gnu/H-i686-pc-linux-gnu/bin/../lib/gcc/nios2-elf/4.1.2/../../../../nios2-elf/lib/libc.a(lib_a-fstatr.o)
 .comment       0x00000000       0x24 /opt/altera/altera12.1/nios2eds/bin/gnu/H-i686-pc-linux-gnu/bin/../lib/gcc/nios2-elf/4.1.2/../../../../nios2-elf/lib/libc.a(lib_a-int_errno.o)
 .comment       0x00000000       0x24 /opt/altera/altera12.1/nios2eds/bin/gnu/H-i686-pc-linux-gnu/bin/../lib/gcc/nios2-elf/4.1.2/../../../../nios2-elf/lib/libc.a(lib_a-isattyr.o)
 .comment       0x00000000       0x24 /opt/altera/altera12.1/nios2eds/bin/gnu/H-i686-pc-linux-gnu/bin/../lib/gcc/nios2-elf/4.1.2/../../../../nios2-elf/lib/libc.a(lib_a-lseekr.o)
 .comment       0x00000000       0x24 /opt/altera/altera12.1/nios2eds/bin/gnu/H-i686-pc-linux-gnu/bin/../lib/gcc/nios2-elf/4.1.2/../../../../nios2-elf/lib/libc.a(lib_a-readr.o)
 .comment       0x00000000       0x24 /opt/altera/altera12.1/nios2eds/bin/gnu/H-i686-pc-linux-gnu/bin/../lib/gcc/nios2-elf/4.1.2/libgcc.a(_udivdi3.o)
 .comment       0x00000000       0x24 /opt/altera/altera12.1/nios2eds/bin/gnu/H-i686-pc-linux-gnu/bin/../lib/gcc/nios2-elf/4.1.2/libgcc.a(_umoddi3.o)
 .comment       0x00000000       0x24 /opt/altera/altera12.1/nios2eds/bin/gnu/H-i686-pc-linux-gnu/bin/../lib/gcc/nios2-elf/4.1.2/libgcc.a(_div_df.o)
 .comment       0x00000000       0x24 /opt/altera/altera12.1/nios2eds/bin/gnu/H-i686-pc-linux-gnu/bin/../lib/gcc/nios2-elf/4.1.2/libgcc.a(_ne_df.o)
 .comment       0x00000000       0x24 /opt/altera/altera12.1/nios2eds/bin/gnu/H-i686-pc-linux-gnu/bin/../lib/gcc/nios2-elf/4.1.2/libgcc.a(_lt_df.o)
 .comment       0x00000000       0x24 /opt/altera/altera12.1/nios2eds/bin/gnu/H-i686-pc-linux-gnu/bin/../lib/gcc/nios2-elf/4.1.2/libgcc.a(_usi_to_df.o)
 .comment       0x00000000       0x24 ../CUDoom_Fin_bsp//libhal_bsp.a(alt_close.o)
 .comment       0x00000000       0x24 ../CUDoom_Fin_bsp//libhal_bsp.a(alt_dev.o)
 .comment       0x00000000       0x24 ../CUDoom_Fin_bsp//libhal_bsp.a(alt_errno.o)
 .comment       0x00000000       0x24 ../CUDoom_Fin_bsp//libhal_bsp.a(alt_fstat.o)
 .comment       0x00000000       0x24 ../CUDoom_Fin_bsp//libhal_bsp.a(alt_isatty.o)
 .comment       0x00000000       0x24 ../CUDoom_Fin_bsp//libhal_bsp.a(alt_load.o)
 .comment       0x00000000       0x24 ../CUDoom_Fin_bsp//libhal_bsp.a(alt_lseek.o)
 .comment       0x00000000       0x24 ../CUDoom_Fin_bsp//libhal_bsp.a(alt_main.o)
 .comment       0x00000000       0x24 ../CUDoom_Fin_bsp//libhal_bsp.a(alt_malloc_lock.o)
 .comment       0x00000000       0x24 ../CUDoom_Fin_bsp//libhal_bsp.a(alt_read.o)
 .comment       0x00000000       0x24 ../CUDoom_Fin_bsp//libhal_bsp.a(alt_release_fd.o)
 .comment       0x00000000       0x24 ../CUDoom_Fin_bsp//libhal_bsp.a(alt_sbrk.o)
 .comment       0x00000000       0x24 ../CUDoom_Fin_bsp//libhal_bsp.a(alt_write.o)
 .comment       0x00000000       0x24 ../CUDoom_Fin_bsp//libhal_bsp.a(alt_sys_init.o)
 .comment       0x00000000       0x24 ../CUDoom_Fin_bsp//libhal_bsp.a(altera_avalon_jtag_uart_fd.o)
 .comment       0x00000000       0x24 ../CUDoom_Fin_bsp//libhal_bsp.a(altera_avalon_jtag_uart_init.o)
 .comment       0x00000000       0x24 ../CUDoom_Fin_bsp//libhal_bsp.a(altera_avalon_jtag_uart_ioctl.o)
 .comment       0x00000000       0x24 ../CUDoom_Fin_bsp//libhal_bsp.a(altera_avalon_jtag_uart_read.o)
 .comment       0x00000000       0x24 ../CUDoom_Fin_bsp//libhal_bsp.a(altera_avalon_jtag_uart_write.o)
 .comment       0x00000000       0x24 ../CUDoom_Fin_bsp//libhal_bsp.a(alt_alarm_start.o)
 .comment       0x00000000       0x24 ../CUDoom_Fin_bsp//libhal_bsp.a(alt_dcache_flush_all.o)
 .comment       0x00000000       0x24 ../CUDoom_Fin_bsp//libhal_bsp.a(alt_dev_llist_insert.o)
 .comment       0x00000000       0x24 ../CUDoom_Fin_bsp//libhal_bsp.a(alt_do_ctors.o)
 .comment       0x00000000       0x24 ../CUDoom_Fin_bsp//libhal_bsp.a(alt_do_dtors.o)
 .comment       0x00000000       0x24 ../CUDoom_Fin_bsp//libhal_bsp.a(alt_icache_flush_all.o)
 .comment       0x00000000       0x24 ../CUDoom_Fin_bsp//libhal_bsp.a(alt_iic.o)
 .comment       0x00000000       0x24 ../CUDoom_Fin_bsp//libhal_bsp.a(alt_iic_isr_register.o)
 .comment       0x00000000       0x24 ../CUDoom_Fin_bsp//libhal_bsp.a(alt_io_redirect.o)
 .comment       0x00000000       0x24 ../CUDoom_Fin_bsp//libhal_bsp.a(alt_irq_handler.o)
 .comment       0x00000000       0x24 ../CUDoom_Fin_bsp//libhal_bsp.a(alt_irq_vars.o)
 .comment       0x00000000       0x24 ../CUDoom_Fin_bsp//libhal_bsp.a(alt_open.o)
 .comment       0x00000000       0x24 ../CUDoom_Fin_bsp//libhal_bsp.a(alt_tick.o)
 .comment       0x00000000       0x24 ../CUDoom_Fin_bsp//libhal_bsp.a(altera_nios2_irq.o)
 .comment       0x00000000       0x24 ../CUDoom_Fin_bsp//libhal_bsp.a(alt_find_dev.o)
 .comment       0x00000000       0x24 ../CUDoom_Fin_bsp//libhal_bsp.a(alt_find_file.o)
 .comment       0x00000000       0x24 ../CUDoom_Fin_bsp//libhal_bsp.a(alt_get_fd.o)
 .comment       0x00000000       0x24 ../CUDoom_Fin_bsp//libhal_bsp.a(alt_icache_flush.o)
 .comment       0x00000000       0x24 /opt/altera/altera12.1/nios2eds/bin/gnu/H-i686-pc-linux-gnu/bin/../lib/gcc/nios2-elf/4.1.2/../../../../nios2-elf/lib/libc.a(lib_a-atexit.o)
 .comment       0x00000000       0x24 /opt/altera/altera12.1/nios2eds/bin/gnu/H-i686-pc-linux-gnu/bin/../lib/gcc/nios2-elf/4.1.2/../../../../nios2-elf/lib/libc.a(lib_a-exit.o)
 .comment       0x00000000       0x24 /opt/altera/altera12.1/nios2eds/bin/gnu/H-i686-pc-linux-gnu/bin/../lib/gcc/nios2-elf/4.1.2/../../../../nios2-elf/lib/libc.a(lib_a-memcmp.o)
 .comment       0x00000000       0x24 /opt/altera/altera12.1/nios2eds/bin/gnu/H-i686-pc-linux-gnu/bin/../lib/gcc/nios2-elf/4.1.2/../../../../nios2-elf/lib/libc.a(lib_a-__atexit.o)
 .comment       0x00000000       0x24 /opt/altera/altera12.1/nios2eds/bin/gnu/H-i686-pc-linux-gnu/bin/../lib/gcc/nios2-elf/4.1.2/../../../../nios2-elf/lib/libc.a(lib_a-__call_atexit.o)
 .comment       0x00000000       0x24 ../CUDoom_Fin_bsp//libhal_bsp.a(alt_exit.o)

.debug
 *(.debug)

.line
 *(.line)

.debug_srcinfo
 *(.debug_srcinfo)

.debug_sfnames
 *(.debug_sfnames)

.debug_aranges  0x00000000      0xd78
 *(.debug_aranges)
 .debug_aranges
                0x00000000       0x28 ../CUDoom_Fin_bsp//obj/HAL/src/crt0.o
 .debug_aranges
                0x00000028       0x20 obj/default/hello_world.o
 .debug_aranges
                0x00000048       0x20 /opt/altera/altera12.1/nios2eds/bin/gnu/H-i686-pc-linux-gnu/bin/../lib/gcc/nios2-elf/4.1.2/../../../../nios2-elf/lib/libm.a(lib_a-s_cos.o)
 .debug_aranges
                0x00000068       0x20 /opt/altera/altera12.1/nios2eds/bin/gnu/H-i686-pc-linux-gnu/bin/../lib/gcc/nios2-elf/4.1.2/../../../../nios2-elf/lib/libm.a(lib_a-s_sin.o)
 .debug_aranges
                0x00000088       0x20 /opt/altera/altera12.1/nios2eds/bin/gnu/H-i686-pc-linux-gnu/bin/../lib/gcc/nios2-elf/4.1.2/../../../../nios2-elf/lib/libm.a(lib_a-e_rem_pio2.o)
 .debug_aranges
                0x000000a8       0x20 /opt/altera/altera12.1/nios2eds/bin/gnu/H-i686-pc-linux-gnu/bin/../lib/gcc/nios2-elf/4.1.2/../../../../nios2-elf/lib/libm.a(lib_a-k_cos.o)
 .debug_aranges
                0x000000c8       0x20 /opt/altera/altera12.1/nios2eds/bin/gnu/H-i686-pc-linux-gnu/bin/../lib/gcc/nios2-elf/4.1.2/../../../../nios2-elf/lib/libm.a(lib_a-k_rem_pio2.o)
 .debug_aranges
                0x000000e8       0x20 /opt/altera/altera12.1/nios2eds/bin/gnu/H-i686-pc-linux-gnu/bin/../lib/gcc/nios2-elf/4.1.2/../../../../nios2-elf/lib/libm.a(lib_a-k_sin.o)
 .debug_aranges
                0x00000108       0x20 /opt/altera/altera12.1/nios2eds/bin/gnu/H-i686-pc-linux-gnu/bin/../lib/gcc/nios2-elf/4.1.2/../../../../nios2-elf/lib/libm.a(lib_a-s_fabs.o)
 .debug_aranges
                0x00000128       0x20 /opt/altera/altera12.1/nios2eds/bin/gnu/H-i686-pc-linux-gnu/bin/../lib/gcc/nios2-elf/4.1.2/../../../../nios2-elf/lib/libm.a(lib_a-s_floor.o)
 .debug_aranges
                0x00000148       0x20 /opt/altera/altera12.1/nios2eds/bin/gnu/H-i686-pc-linux-gnu/bin/../lib/gcc/nios2-elf/4.1.2/../../../../nios2-elf/lib/libm.a(lib_a-s_scalbn.o)
 .debug_aranges
                0x00000168       0x20 /opt/altera/altera12.1/nios2eds/bin/gnu/H-i686-pc-linux-gnu/bin/../lib/gcc/nios2-elf/4.1.2/../../../../nios2-elf/lib/libm.a(lib_a-s_copysign.o)
 .debug_aranges
                0x00000188       0x20 /opt/altera/altera12.1/nios2eds/bin/gnu/H-i686-pc-linux-gnu/bin/../lib/gcc/nios2-elf/4.1.2/libgcc.a(_addsub_df.o)
 .debug_aranges
                0x000001a8       0x20 /opt/altera/altera12.1/nios2eds/bin/gnu/H-i686-pc-linux-gnu/bin/../lib/gcc/nios2-elf/4.1.2/libgcc.a(_mul_df.o)
 .debug_aranges
                0x000001c8       0x20 /opt/altera/altera12.1/nios2eds/bin/gnu/H-i686-pc-linux-gnu/bin/../lib/gcc/nios2-elf/4.1.2/libgcc.a(_eq_df.o)
 .debug_aranges
                0x000001e8       0x20 /opt/altera/altera12.1/nios2eds/bin/gnu/H-i686-pc-linux-gnu/bin/../lib/gcc/nios2-elf/4.1.2/libgcc.a(_gt_df.o)
 .debug_aranges
                0x00000208       0x20 /opt/altera/altera12.1/nios2eds/bin/gnu/H-i686-pc-linux-gnu/bin/../lib/gcc/nios2-elf/4.1.2/libgcc.a(_ge_df.o)
 .debug_aranges
                0x00000228       0x20 /opt/altera/altera12.1/nios2eds/bin/gnu/H-i686-pc-linux-gnu/bin/../lib/gcc/nios2-elf/4.1.2/libgcc.a(_si_to_df.o)
 .debug_aranges
                0x00000248       0x20 /opt/altera/altera12.1/nios2eds/bin/gnu/H-i686-pc-linux-gnu/bin/../lib/gcc/nios2-elf/4.1.2/libgcc.a(_df_to_si.o)
 .debug_aranges
                0x00000268       0x20 /opt/altera/altera12.1/nios2eds/bin/gnu/H-i686-pc-linux-gnu/bin/../lib/gcc/nios2-elf/4.1.2/libgcc.a(lib2-divmod.o)
 .debug_aranges
                0x00000288       0x20 /opt/altera/altera12.1/nios2eds/bin/gnu/H-i686-pc-linux-gnu/bin/../lib/gcc/nios2-elf/4.1.2/libgcc.a(_muldi3.o)
 .debug_aranges
                0x000002a8       0x20 /opt/altera/altera12.1/nios2eds/bin/gnu/H-i686-pc-linux-gnu/bin/../lib/gcc/nios2-elf/4.1.2/libgcc.a(_clzsi2.o)
 .debug_aranges
                0x000002c8       0x20 /opt/altera/altera12.1/nios2eds/bin/gnu/H-i686-pc-linux-gnu/bin/../lib/gcc/nios2-elf/4.1.2/libgcc.a(_pack_df.o)
 .debug_aranges
                0x000002e8       0x20 /opt/altera/altera12.1/nios2eds/bin/gnu/H-i686-pc-linux-gnu/bin/../lib/gcc/nios2-elf/4.1.2/libgcc.a(_unpack_df.o)
 .debug_aranges
                0x00000308       0x20 /opt/altera/altera12.1/nios2eds/bin/gnu/H-i686-pc-linux-gnu/bin/../lib/gcc/nios2-elf/4.1.2/libgcc.a(_fpcmp_parts_df.o)
 .debug_aranges
                0x00000328       0x20 /opt/altera/altera12.1/nios2eds/bin/gnu/H-i686-pc-linux-gnu/bin/../lib/gcc/nios2-elf/4.1.2/../../../../nios2-elf/lib/libc.a(lib_a-printf.o)
 .debug_aranges
                0x00000348       0x20 /opt/altera/altera12.1/nios2eds/bin/gnu/H-i686-pc-linux-gnu/bin/../lib/gcc/nios2-elf/4.1.2/../../../../nios2-elf/lib/libc.a(lib_a-vfprintf.o)
 .debug_aranges
                0x00000368       0x20 /opt/altera/altera12.1/nios2eds/bin/gnu/H-i686-pc-linux-gnu/bin/../lib/gcc/nios2-elf/4.1.2/../../../../nios2-elf/lib/libc.a(lib_a-wsetup.o)
 .debug_aranges
                0x00000388       0x20 /opt/altera/altera12.1/nios2eds/bin/gnu/H-i686-pc-linux-gnu/bin/../lib/gcc/nios2-elf/4.1.2/../../../../nios2-elf/lib/libc.a(lib_a-dtoa.o)
 .debug_aranges
                0x000003a8       0x20 /opt/altera/altera12.1/nios2eds/bin/gnu/H-i686-pc-linux-gnu/bin/../lib/gcc/nios2-elf/4.1.2/../../../../nios2-elf/lib/libc.a(lib_a-fflush.o)
 .debug_aranges
                0x000003c8       0x20 /opt/altera/altera12.1/nios2eds/bin/gnu/H-i686-pc-linux-gnu/bin/../lib/gcc/nios2-elf/4.1.2/../../../../nios2-elf/lib/libc.a(lib_a-findfp.o)
 .debug_aranges
                0x000003e8       0x20 /opt/altera/altera12.1/nios2eds/bin/gnu/H-i686-pc-linux-gnu/bin/../lib/gcc/nios2-elf/4.1.2/../../../../nios2-elf/lib/libc.a(lib_a-freer.o)
 .debug_aranges
                0x00000408       0x20 /opt/altera/altera12.1/nios2eds/bin/gnu/H-i686-pc-linux-gnu/bin/../lib/gcc/nios2-elf/4.1.2/../../../../nios2-elf/lib/libc.a(lib_a-fvwrite.o)
 .debug_aranges
                0x00000428       0x20 /opt/altera/altera12.1/nios2eds/bin/gnu/H-i686-pc-linux-gnu/bin/../lib/gcc/nios2-elf/4.1.2/../../../../nios2-elf/lib/libc.a(lib_a-fwalk.o)
 .debug_aranges
                0x00000448       0x20 /opt/altera/altera12.1/nios2eds/bin/gnu/H-i686-pc-linux-gnu/bin/../lib/gcc/nios2-elf/4.1.2/../../../../nios2-elf/lib/libc.a(lib_a-locale.o)
 .debug_aranges
                0x00000468       0x20 /opt/altera/altera12.1/nios2eds/bin/gnu/H-i686-pc-linux-gnu/bin/../lib/gcc/nios2-elf/4.1.2/../../../../nios2-elf/lib/libc.a(lib_a-makebuf.o)
 .debug_aranges
                0x00000488       0x20 /opt/altera/altera12.1/nios2eds/bin/gnu/H-i686-pc-linux-gnu/bin/../lib/gcc/nios2-elf/4.1.2/../../../../nios2-elf/lib/libc.a(lib_a-mallocr.o)
 .debug_aranges
                0x000004a8       0x20 /opt/altera/altera12.1/nios2eds/bin/gnu/H-i686-pc-linux-gnu/bin/../lib/gcc/nios2-elf/4.1.2/../../../../nios2-elf/lib/libc.a(lib_a-memchr.o)
 .debug_aranges
                0x000004c8       0x20 /opt/altera/altera12.1/nios2eds/bin/gnu/H-i686-pc-linux-gnu/bin/../lib/gcc/nios2-elf/4.1.2/../../../../nios2-elf/lib/libc.a(lib_a-memcpy.o)
 .debug_aranges