Archive member included because of file (symbol)

/opt/altera/altera12.1/nios2eds/bin/gnu/H-i686-pc-linux-gnu/bin/../lib/gcc/nios2-elf/4.1.2/../../../../nios2-elf/lib/libm.a(lib_a-s_cos.o)
                              obj/default/hello_world.o (cos)
/opt/altera/altera12.1/nios2eds/bin/gnu/H-i686-pc-linux-gnu/bin/../lib/gcc/nios2-elf/4.1.2/../../../../nios2-elf/lib/libm.a(lib_a-s_sin.o)
                              obj/default/hello_world.o (sin)
/opt/altera/altera12.1/nios2eds/bin/gnu/H-i686-pc-linux-gnu/bin/../lib/gcc/nios2-elf/4.1.2/../../../../nios2-elf/lib/libm.a(lib_a-e_rem_pio2.o)
                              /opt/altera/altera12.1/nios2eds/bin/gnu/H-i686-pc-linux-gnu/bin/../lib/gcc/nios2-elf/4.1.2/../../../../nios2-elf/lib/libm.a(lib_a-s_cos.o) (__ieee754_rem_pio2)
/opt/altera/altera12.1/nios2eds/bin/gnu/H-i686-pc-linux-gnu/bin/../lib/gcc/nios2-elf/4.1.2/../../../../nios2-elf/lib/libm.a(lib_a-k_cos.o)
                              /opt/altera/altera12.1/nios2eds/bin/gnu/H-i686-pc-linux-gnu/bin/../lib/gcc/nios2-elf/4.1.2/../../../../nios2-elf/lib/libm.a(lib_a-s_cos.o) (__kernel_cos)
/opt/altera/altera12.1/nios2eds/bin/gnu/H-i686-pc-linux-gnu/bin/../lib/gcc/nios2-elf/4.1.2/../../../../nios2-elf/lib/libm.a(lib_a-k_rem_pio2.o)
                              /opt/altera/altera12.1/nios2eds/bin/gnu/H-i686-pc-linux-gnu/bin/../lib/gcc/nios2-elf/4.1.2/../../../../nios2-elf/lib/libm.a(lib_a-e_rem_pio2.o) (__kernel_rem_pio2)
/opt/altera/altera12.1/nios2eds/bin/gnu/H-i686-pc-linux-gnu/bin/../lib/gcc/nios2-elf/4.1.2/../../../../nios2-elf/lib/libm.a(lib_a-k_sin.o)
                              /opt/altera/altera12.1/nios2eds/bin/gnu/H-i686-pc-linux-gnu/bin/../lib/gcc/nios2-elf/4.1.2/../../../../nios2-elf/lib/libm.a(lib_a-s_cos.o) (__kernel_sin)
/opt/altera/altera12.1/nios2eds/bin/gnu/H-i686-pc-linux-gnu/bin/../lib/gcc/nios2-elf/4.1.2/../../../../nios2-elf/lib/libm.a(lib_a-s_fabs.o)
                              /opt/altera/altera12.1/nios2eds/bin/gnu/H-i686-pc-linux-gnu/bin/../lib/gcc/nios2-elf/4.1.2/../../../../nios2-elf/lib/libm.a(lib_a-e_rem_pio2.o) (fabs)
/opt/altera/altera12.1/nios2eds/bin/gnu/H-i686-pc-linux-gnu/bin/../lib/gcc/nios2-elf/4.1.2/../../../../nios2-elf/lib/libm.a(lib_a-s_floor.o)
                              /opt/altera/altera12.1/nios2eds/bin/gnu/H-i686-pc-linux-gnu/bin/../lib/gcc/nios2-elf/4.1.2/../../../../nios2-elf/lib/libm.a(lib_a-k_rem_pio2.o) (floor)
/opt/altera/altera12.1/nios2eds/bin/gnu/H-i686-pc-linux-gnu/bin/../lib/gcc/nios2-elf/4.1.2/../../../../nios2-elf/lib/libm.a(lib_a-s_scalbn.o)
                              /opt/altera/altera12.1/nios2eds/bin/gnu/H-i686-pc-linux-gnu/bin/../lib/gcc/nios2-elf/4.1.2/../../../../nios2-elf/lib/libm.a(lib_a-k_rem_pio2.o) (scalbn)
/opt/altera/altera12.1/nios2eds/bin/gnu/H-i686-pc-linux-gnu/bin/../lib/gcc/nios2-elf/4.1.2/../../../../nios2-elf/lib/libm.a(lib_a-s_copysign.o)
                              /opt/altera/altera12.1/nios2eds/bin/gnu/H-i686-pc-linux-gnu/bin/../lib/gcc/nios2-elf/4.1.2/../../../../nios2-elf/lib/libm.a(lib_a-s_scalbn.o) (copysign)
/opt/altera/altera12.1/nios2eds/bin/gnu/H-i686-pc-linux-gnu/bin/../lib/gcc/nios2-elf/4.1.2/libgcc.a(_addsub_df.o)
                              /opt/altera/altera12.1/nios2eds/bin/gnu/H-i686-pc-linux-gnu/bin/../lib/gcc/nios2-elf/4.1.2/../../../../nios2-elf/lib/libm.a(lib_a-s_cos.o) (__subdf3)
/opt/altera/altera12.1/nios2eds/bin/gnu/H-i686-pc-linux-gnu/bin/../lib/gcc/nios2-elf/4.1.2/libgcc.a(_mul_df.o)
                              obj/default/hello_world.o (__muldf3)
/opt/altera/altera12.1/nios2eds/bin/gnu/H-i686-pc-linux-gnu/bin/../lib/gcc/nios2-elf/4.1.2/libgcc.a(_eq_df.o)
                              /opt/altera/altera12.1/nios2eds/bin/gnu/H-i686-pc-linux-gnu/bin/../lib/gcc/nios2-elf/4.1.2/../../../../nios2-elf/lib/libm.a(lib_a-e_rem_pio2.o) (__eqdf2)
/opt/altera/altera12.1/nios2eds/bin/gnu/H-i686-pc-linux-gnu/bin/../lib/gcc/nios2-elf/4.1.2/libgcc.a(_gt_df.o)
                              /opt/altera/altera12.1/nios2eds/bin/gnu/H-i686-pc-linux-gnu/bin/../lib/gcc/nios2-elf/4.1.2/../../../../nios2-elf/lib/libm.a(lib_a-s_floor.o) (__gtdf2)
/opt/altera/altera12.1/nios2eds/bin/gnu/H-i686-pc-linux-gnu/bin/../lib/gcc/nios2-elf/4.1.2/libgcc.a(_ge_df.o)
                              /opt/altera/altera12.1/nios2eds/bin/gnu/H-i686-pc-linux-gnu/bin/../lib/gcc/nios2-elf/4.1.2/../../../../nios2-elf/lib/libm.a(lib_a-k_rem_pio2.o) (__gedf2)
/opt/altera/altera12.1/nios2eds/bin/gnu/H-i686-pc-linux-gnu/bin/../lib/gcc/nios2-elf/4.1.2/libgcc.a(_si_to_df.o)
                              obj/default/hello_world.o (__floatsidf)
/opt/altera/altera12.1/nios2eds/bin/gnu/H-i686-pc-linux-gnu/bin/../lib/gcc/nios2-elf/4.1.2/libgcc.a(_df_to_si.o)
                              obj/default/hello_world.o (__fixdfsi)
/opt/altera/altera12.1/nios2eds/bin/gnu/H-i686-pc-linux-gnu/bin/../lib/gcc/nios2-elf/4.1.2/libgcc.a(_thenan_df.o)
[...]
Memory Configuration

Name             Origin             Length             Attributes
reset            0x00800000         0x00000020
sdram_0          0x00800020         0x007fffe0
*default*        0x00000000         0xffffffff

Linker script and memory map

LOAD ../CUDoom_2_bsp//obj/HAL/src/crt0.o
LOAD obj/default/hello_world.o
LOAD /opt/altera/altera12.1/nios2eds/bin/gnu/H-i686-pc-linux-gnu/bin/../lib/gcc/nios2-elf/4.1.2/../../../../nios2-elf/lib/libstdc++.a
LOAD /opt/altera/altera12.1/nios2eds/bin/gnu/H-i686-pc-linux-gnu/bin/../lib/gcc/nios2-elf/4.1.2/../../../../nios2-elf/lib/libm.a
LOAD /opt/altera/altera12.1/nios2eds/bin/gnu/H-i686-pc-linux-gnu/bin/../lib/gcc/nios2-elf/4.1.2/libgcc.a
START GROUP
LOAD /opt/altera/altera12.1/nios2eds/bin/gnu/H-i686-pc-linux-gnu/bin/../lib/gcc/nios2-elf/4.1.2/../../../../nios2-elf/lib/libc.a
LOAD /opt/altera/altera12.1/nios2eds/bin/gnu/H-i686-pc-linux-gnu/bin/../lib/gcc/nios2-elf/4.1.2/libgcc.a
LOAD ../CUDoom_2_bsp//libhal_bsp.a
END GROUP
LOAD /opt/altera/altera12.1/nios2eds/bin/gnu/H-i686-pc-linux-gnu/bin/../lib/gcc/nios2-elf/4.1.2/libgcc.a
                0x00800000                __alt_mem_sdram_0 = 0x800000

.entry          0x00800000       0x20
 *(.entry)
 .entry         0x00800000       0x20 ../CUDoom_2_bsp//obj/HAL/src/crt0.o
                0x00800000                __reset

.exceptions     0x00800020      0x194
                0x00800020                PROVIDE (__ram_exceptions_start, ABSOLUTE (.))
                0x00800020                . = ALIGN (0x20)
 *(.irq)
 *(.exceptions.entry.label)
 .exceptions.entry.label
                0x00800020        0x0 ../CUDoom_2_bsp//libhal_bsp.a(alt_irq_entry.o)
                0x00800020                alt_irq_entry
 .exceptions.entry.label
                0x00800020        0x0 ../CUDoom_2_bsp//libhal_bsp.a(alt_exception_entry.o)
                0x00800020                alt_exception
 *(.exceptions.entry.user)
 *(.exceptions.entry)
 .exceptions.entry
                0x00800020       0x54 ../CUDoom_2_bsp//libhal_bsp.a(alt_exception_entry.o)
 *(.exceptions.irqtest.user)
 *(.exceptions.irqtest)
 .exceptions.irqtest
                0x00800074       0x10 ../CUDoom_2_bsp//libhal_bsp.a(alt_irq_entry.o)
 *(.exceptions.irqhandler.user)
 *(.exceptions.irqhandler)
 .exceptions.irqhandler
                0x00800084        0x4 ../CUDoom_2_bsp//libhal_bsp.a(alt_irq_entry.o)
 *(.exceptions.irqreturn.user)
 *(.exceptions.irqreturn)
 .exceptions.irqreturn
                0x00800088        0x4 ../CUDoom_2_bsp//libhal_bsp.a(alt_irq_entry.o)
 *(.exceptions.notirq.label)
 .exceptions.notirq.label
                0x0080008c        0x0 ../CUDoom_2_bsp//libhal_bsp.a(alt_irq_entry.o)
 *(.exceptions.notirq.user)
 *(.exceptions.notirq)
 .exceptions.notirq
                0x0080008c        0x8 ../CUDoom_2_bsp//libhal_bsp.a(alt_exception_entry.o)
 *(.exceptions.soft.user)
 *(.exceptions.soft)
 *(.exceptions.unknown.user)
 *(.exceptions.unknown)
 .exceptions.unknown
                0x00800094        0x4 ../CUDoom_2_bsp//libhal_bsp.a(alt_exception_entry.o)
 *(.exceptions.exit.label)
 .exceptions.exit.label
                0x00800098        0x0 ../CUDoom_2_bsp//libhal_bsp.a(alt_irq_entry.o)
 .exceptions.exit.label
                0x00800098        0x0 ../CUDoom_2_bsp//libhal_bsp.a(alt_exception_entry.o)
 *(.exceptions.exit.user)
 *(.exceptions.exit)
 .exceptions.exit
                0x00800098       0x54 ../CUDoom_2_bsp//libhal_bsp.a(alt_exception_entry.o)
 *(.exceptions)
 .exceptions    0x008000ec       0xc8 ../CUDoom_2_bsp//libhal_bsp.a(alt_irq_handler.o)
                0x008000ec                alt_irq_handler
                0x008001b4                PROVIDE (__ram_exceptions_end, ABSOLUTE (.))
                0x00800020                PROVIDE (__flash_exceptions_start, LOADADDR (.exceptions))

.text           0x008001b4     0x68ac
                0x008001b4                PROVIDE (stext, ABSOLUTE (.))
 *(.interp)
 *(.hash)
 *(.dynsym)
 *(.dynstr)
 *(.gnu.version)
 *(.gnu.version_d)
 *(.gnu.version_r)
 *(.rel.init)
 *(.rela.init)
 *(.rel.text .rel.text.* .rel.gnu.linkonce.t.*)
 *(.rela.text .rela.text.* .rela.gnu.linkonce.t.*)
 *(.rel.fini)
 *(.rela.fini)
 *(.rel.rodata .rel.rodata.* .rel.gnu.linkonce.r.*)
 *(.rela.rodata .rela.rodata.* .rela.gnu.linkonce.r.*)
 *(.rel.data .rel.data.* .rel.gnu.linkonce.d.*)
 *(.rela.data .rela.data.* .rela.gnu.linkonce.d.*)
 *(.rel.tdata .rel.tdata.* .rel.gnu.linkonce.td.*)
 *(.rela.tdata .rela.tdata.* .rela.gnu.linkonce.td.*)
 *(.rel.tbss .rel.tbss.* .rel.gnu.linkonce.tb.*)
 *(.rela.tbss .rela.tbss.* .rela.gnu.linkonce.tb.*)
 *(.rel.ctors)
 *(.rela.ctors)
 *(.rel.dtors)
 *(.rela.dtors)
 *(.rel.got)
 *(.rela.got)
 *(.rel.sdata .rel.sdata.* .rel.gnu.linkonce.s.*)
 *(.rela.sdata .rela.sdata.* .rela.gnu.linkonce.s.*)
 *(.rel.sbss .rel.sbss.* .rel.gnu.linkonce.sb.*)
 *(.rela.sbss .rela.sbss.* .rela.gnu.linkonce.sb.*)
 *(.rel.sdata2 .rel.sdata2.* .rel.gnu.linkonce.s2.*)
 *(.rela.sdata2 .rela.sdata2.* .rela.gnu.linkonce.s2.*)
 *(.rel.sbss2 .rel.sbss2.* .rel.gnu.linkonce.sb2.*)
 *(.rela.sbss2 .rela.sbss2.* .rela.gnu.linkonce.sb2.*)
 *(.rel.bss .rel.bss.* .rel.gnu.linkonce.b.*)
 *(.rela.bss .rela.bss.* .rela.gnu.linkonce.b.*)
 *(.rel.plt)
 *(.rela.plt)
 *(.rel.dyn)
 *(.init)
 *(.plt)
 *(.text .stub .text.* .gnu.linkonce.t.*)
 .text          0x008001b4       0x3c ../CUDoom_2_bsp//obj/HAL/src/crt0.o
                0x008001b4                _start
 .text          0x008001f0      0xc08 obj/default/hello_world.o
                0x008001f0                main
                0x00800b98                absVal
                0x00800bd4                intToDouble
                0x00800bfc                doubleToInt
                0x00800c58                DrawTexture
                0x00800d50                DrawAccelerate
 .text          0x00800df8      0x168 /opt/altera/altera12.1/nios2eds/bin/gnu/H-i686-pc-linux-gnu/bin/../lib/gcc/nios2-elf/4.1.2/../../../../nios2-elf/lib/libm.a(lib_a-s_cos.o)
                0x00800df8                cos
 .text          0x00800f60      0x16c /opt/altera/altera12.1/nios2eds/bin/gnu/H-i686-pc-linux-gnu/bin/../lib/gcc/nios2-elf/4.1.2/../../../../nios2-elf/lib/libm.a(lib_a-s_sin.o)
                0x00800f60                sin
 .text          0x008010cc      0x828 /opt/altera/altera12.1/nios2eds/bin/gnu/H-i686-pc-linux-gnu/bin/../lib/gcc/nios2-elf/4.1.2/../../../../nios2-elf/lib/libm.a(lib_a-e_rem_pio2.o)
                0x008010cc                __ieee754_rem_pio2
 .text          0x008018f4      0x52c /opt/altera/altera12.1/nios2eds/bin/gnu/H-i686-pc-linux-gnu/bin/../lib/gcc/nios2-elf/4.1.2/../../../../nios2-elf/lib/libm.a(lib_a-k_cos.o)
                0x008018f4                __kernel_cos
 .text          0x00801e20      0xe7c /opt/altera/altera12.1/nios2eds/bin/gnu/H-i686-pc-linux-gnu/bin/../lib/gcc/nios2-elf/4.1.2/../../../../nios2-elf/lib/libm.a(lib_a-k_rem_pio2.o)
                0x00801e20                __kernel_rem_pio2
 .text          0x00802c9c      0x318 /opt/altera/altera12.1/nios2eds/bin/gnu/H-i686-pc-linux-gnu/bin/../lib/gcc/nios2-elf/4.1.2/../../../../nios2-elf/lib/libm.a(lib_a-k_sin.o)
                0x00802c9c                __kernel_sin
 .text          0x00802fb4       0x18 /opt/altera/altera12.1/nios2eds/bin/gnu/H-i686-pc-linux-gnu/bin/../lib/gcc/nios2-elf/4.1.2/../../../../nios2-elf/lib/libm.a(lib_a-s_fabs.o)
                0x00802fb4                fabs
 .text          0x00802fcc      0x224 /opt/altera/altera12.1/nios2eds/bin/gnu/H-i686-pc-linux-gnu/bin/../lib/gcc/nios2-elf/4.1.2/../../../../nios2-elf/lib/libm.a(lib_a-s_floor.o)
                0x00802fcc                floor
 .text          0x008031f0      0x1e0 /opt/altera/altera12.1/nios2eds/bin/gnu/H-i686-pc-linux-gnu/bin/../lib/gcc/nios2-elf/4.1.2/../../../../nios2-elf/lib/libm.a(lib_a-s_scalbn.o)
                0x008031f0                scalbn
 .text          0x008033d0       0x24 /opt/altera/altera12.1/nios2eds/bin/gnu/H-i686-pc-linux-gnu/bin/../lib/gcc/nios2-elf/4.1.2/../../../../nios2-elf/lib/libm.a(lib_a-s_copysign.o)
                0x008033d0                copysign
 .text          0x008033f4      0x504 /opt/altera/altera12.1/nios2eds/bin/gnu/H-i686-pc-linux-gnu/bin/../lib/gcc/nios2-elf/4.1.2/libgcc.a(_addsub_df.o)
                0x00803804                __subdf3
                0x00803884                __adddf3
 .text          0x008038f8      0x3c4 /opt/altera/altera12.1/nios2eds/bin/gnu/H-i686-pc-linux-gnu/bin/../lib/gcc/nios2-elf/4.1.2/libgcc.a(_mul_df.o)
                0x008038f8                __muldf3
 .text          0x00803cbc       0x88 /opt/altera/altera12.1/nios2eds/bin/gnu/H-i686-pc-linux-gnu/bin/../lib/gcc/nios2-elf/4.1.2/libgcc.a(_eq_df.o)
                0x00803cbc                __eqdf2
 .text          0x00803d44       0x88 /opt/altera/altera12.1/nios2eds/bin/gnu/H-i686-pc-linux-gnu/bin/../lib/gcc/nios2-elf/4.1.2/libgcc.a(_gt_df.o)
                0x00803d44                __gtdf2
 .text          0x00803dcc       0x88 /opt/altera/altera12.1/nios2eds/bin/gnu/H-i686-pc-linux-gnu/bin/../lib/gcc/nios2-elf/4.1.2/libgcc.a(_ge_df.o)
                0x00803dcc                __gedf2
 .text          0x00803e54       0xf8 /opt/altera/altera12.1/nios2eds/bin/gnu/H-i686-pc-linux-gnu/bin/../lib/gcc/nios2-elf/4.1.2/libgcc.a(_si_to_df.o)
                0x00803e54                __floatsidf
 .text          0x00803f4c       0xd8 /opt/altera/altera12.1/nios2eds/bin/gnu/H-i686-pc-linux-gnu/bin/../lib/gcc/nios2-elf/4.1.2/libgcc.a(_df_to_si.o)
                0x00803f4c                __fixdfsi
 .text          0x00804024        0x0 /opt/altera/altera12.1/nios2eds/bin/gnu/H-i686-pc-linux-gnu/bin/../lib/gcc/nios2-elf/4.1.2/libgcc.a(_thenan_df.o)
 .text          0x00804024      0x14c /opt/altera/altera12.1/nios2eds/bin/gnu/H-i686-pc-linux-gnu/bin/../lib/gcc/nios2-elf/4.1.2/libgcc.a(lib2-divmod.o)
                0x008040a0                __divsi3
                0x00804100                __modsi3
                0x00804160                __udivsi3
                0x00804168                __umodsi3
 .text          0x00804170       0x98 /opt/altera/altera12.1/nios2eds/bin/gnu/H-i686-pc-linux-gnu/bin/../lib/gcc/nios2-elf/4.1.2/libgcc.a(_muldi3.o)
                0x00804170                __muldi3
 .text          0x00804208       0x80 /opt/altera/altera12.1/nios2eds/bin/gnu/H-i686-pc-linux-gnu/bin/../lib/gcc/nios2-elf/4.1.2/libgcc.a(_clzsi2.o)
                0x00804208                __clzsi2
 .text          0x00804288      0x314 /opt/altera/altera12.1/nios2eds/bin/gnu/H-i686-pc-linux-gnu/bin/../lib/gcc/nios2-elf/4.1.2/libgcc.a(_pack_df.o)
                0x00804288                __pack_d
 .text          0x0080459c      0x138 /opt/altera/altera12.1/nios2eds/bin/gnu/H-i686-pc-linux-gnu/bin/../lib/gcc/nios2-elf/4.1.2/libgcc.a(_unpack_df.o)
                0x0080459c                __unpack_d
 .text          0x008046d4       0xc8 /opt/altera/altera12.1/nios2eds/bin/gnu/H-i686-pc-linux-gnu/bin/../lib/gcc/nios2-elf/4.1.2/libgcc.a(_fpcmp_parts_df.o)
                0x008046d4                __fpcmp_parts_d
 .text          0x0080479c        0x0 /opt/altera/altera12.1/nios2eds/bin/gnu/H-i686-pc-linux-gnu/bin/../lib/gcc/nios2-elf/4.1.2/libgcc.a(_clz.o)
 .text          0x0080479c       0xec ../CUDoom_2_bsp//libhal_bsp.a(alt_load.o)
                0x0080479c                alt_load
 .text          0x00804888       0x6c ../CUDoom_2_bsp//libhal_bsp.a(alt_main.o)
                0x00804888                alt_main
 .text          0x008048f4       0xb0 ../CUDoom_2_bsp//libhal_bsp.a(alt_sys_init.o)
                0x008048f4                alt_irq_init
                0x00804928                alt_sys_init
 .text          0x008049a4      0x148 ../CUDoom_2_bsp//libhal_bsp.a(altera_avalon_jtag_uart_fd.o)
                0x008049a4                altera_avalon_jtag_uart_read_fd
                0x008049fc                altera_avalon_jtag_uart_write_fd
                0x00804a54                altera_avalon_jtag_uart_close_fd
                0x00804a9c                altera_avalon_jtag_uart_ioctl_fd
 .text          0x00804aec      0x40c ../CUDoom_2_bsp//libhal_bsp.a(altera_avalon_jtag_uart_init.o)
                0x00804aec                altera_avalon_jtag_uart_init
                0x00804e84                altera_avalon_jtag_uart_close
 .text          0x00804ef8       0xf4 ../CUDoom_2_bsp//libhal_bsp.a(altera_avalon_jtag_uart_ioctl.o)
                0x00804ef8                altera_avalon_jtag_uart_ioctl
 .text          0x00804fec      0x224 ../CUDoom_2_bsp//libhal_bsp.a(altera_avalon_jtag_uart_read.o)
                0x00804fec                altera_avalon_jtag_uart_read
 .text          0x00805210      0x240 ../CUDoom_2_bsp//libhal_bsp.a(altera_avalon_jtag_uart_write.o)
                0x00805210                altera_avalon_jtag_uart_write
 .text          0x00805450      0x154 ../CUDoom_2_bsp//libhal_bsp.a(alt_alarm_start.o)
                0x00805450                alt_alarm_start
 .text          0x008055a4      0x15c ../CUDoom_2_bsp//libhal_bsp.a(alt_close.o)
                0x008055a4                close
 .text          0x00805700       0x1c ../CUDoom_2_bsp//libhal_bsp.a(alt_dcache_flush_all.o)
                0x00805700                alt_dcache_flush_all
 .text          0x0080571c       0x2c ../CUDoom_2_bsp//libhal_bsp.a(alt_dev.o)
 .text          0x00805748      0x114 ../CUDoom_2_bsp//libhal_bsp.a(alt_dev_llist_insert.o)
                0x00805748                alt_dev_llist_insert
 .text          0x0080585c       0x64 ../CUDoom_2_bsp//libhal_bsp.a(alt_do_ctors.o)
                0x0080585c                _do_ctors
 .text          0x008058c0       0x64 ../CUDoom_2_bsp//libhal_bsp.a(alt_do_dtors.o)
                0x008058c0                _do_dtors
 .text          0x00805924        0x0 ../CUDoom_2_bsp//libhal_bsp.a(alt_errno.o)
 .text          0x00805924       0x30 ../CUDoom_2_bsp//libhal_bsp.a(alt_icache_flush_all.o)
                0x00805924                alt_icache_flush_all
 .text          0x00805954      0x1d4 ../CUDoom_2_bsp//libhal_bsp.a(alt_iic.o)
                0x00805954                alt_ic_isr_register
                0x008059a4                alt_ic_irq_enable
                0x00805a40                alt_ic_irq_disable
                0x00805ae0                alt_ic_irq_enabled
 .text          0x00805b28       0xf8 ../CUDoom_2_bsp//libhal_bsp.a(alt_iic_isr_register.o)
                0x00805b28                alt_iic_isr_register
 .text          0x00805c20      0x13c ../CUDoom_2_bsp//libhal_bsp.a(alt_io_redirect.o)
                0x00805ce4                alt_io_redirect
 .text          0x00805d5c        0x0 ../CUDoom_2_bsp//libhal_bsp.a(alt_irq_entry.o)
 .text          0x00805d5c        0x0 ../CUDoom_2_bsp//libhal_bsp.a(alt_irq_handler.o)
 .text          0x00805d5c        0x0 ../CUDoom_2_bsp//libhal_bsp.a(alt_irq_vars.o)
 .text          0x00805d5c      0x2c4 ../CUDoom_2_bsp//libhal_bsp.a(alt_open.o)
                0x00805e38                open
 .text          0x00806020       0x60 ../CUDoom_2_bsp//libhal_bsp.a(alt_release_fd.o)
                0x00806020                alt_release_fd
 .text          0x00806080      0x1a4 ../CUDoom_2_bsp//libhal_bsp.a(alt_tick.o)
                0x00806080                alt_alarm_stop
                0x00806118                alt_tick
 .text          0x00806224       0x20 ../CUDoom_2_bsp//libhal_bsp.a(altera_nios2_irq.o)
                0x00806224                altera_nios2_irq_init
 .text          0x00806244        0x0 ../CUDoom_2_bsp//libhal_bsp.a(alt_exception_entry.o)
 .text          0x00806244       0x94 ../CUDoom_2_bsp//libhal_bsp.a(alt_find_dev.o)
                0x00806244                alt_find_dev
 .text          0x008062d8      0x120 ../CUDoom_2_bsp//libhal_bsp.a(alt_find_file.o)
                0x008062d8                alt_find_file
 .text          0x008063f8       0xb8 ../CUDoom_2_bsp//libhal_bsp.a(alt_get_fd.o)
                0x008063f8                alt_get_fd
 .text          0x008064b0       0x90 ../CUDoom_2_bsp//libhal_bsp.a(alt_icache_flush.o)
                0x008064b0                alt_icache_flush
 .text          0x00806540       0x14 /opt/altera/altera12.1/nios2eds/bin/gnu/H-i686-pc-linux-gnu/bin/../lib/gcc/nios2-elf/4.1.2/../../../../nios2-elf/lib/libc.a(lib_a-atexit.o)
                0x00806540                atexit
 .text          0x00806554       0x38 /opt/altera/altera12.1/nios2eds/bin/gnu/H-i686-pc-linux-gnu/bin/../lib/gcc/nios2-elf/4.1.2/../../../../nios2-elf/lib/libc.a(lib_a-exit.o)
                0x00806554                exit
 .text          0x0080658c        0x0 /opt/altera/altera12.1/nios2eds/bin/gnu/H-i686-pc-linux-gnu/bin/../lib/gcc/nios2-elf/4.1.2/../../../../nios2-elf/lib/libc.a(lib_a-impure.o)
 .text          0x0080658c        0x0 /opt/altera/altera12.1/nios2eds/bin/gnu/H-i686-pc-linux-gnu/bin/../lib/gcc/nios2-elf/4.1.2/../../../../nios2-elf/lib/libc.a(lib_a-int_errno.o)
 .text          0x0080658c       0x74 /opt/altera/altera12.1/nios2eds/bin/gnu/H-i686-pc-linux-gnu/bin/../lib/gcc/nios2-elf/4.1.2/../../../../nios2-elf/lib/libc.a(lib_a-memcmp.o)
                0x0080658c                memcmp
 .text          0x00806600       0xa0 /opt/altera/altera12.1/nios2eds/bin/gnu/H-i686-pc-linux-gnu/bin/../lib/gcc/nios2-elf/4.1.2/../../../../nios2-elf/lib/libc.a(lib_a-memcpy.o)
                0x00806600                memcpy
 .text          0x008066a0       0x74 /opt/altera/altera12.1/nios2eds/bin/gnu/H-i686-pc-linux-gnu/bin/../lib/gcc/nios2-elf/4.1.2/../../../../nios2-elf/lib/libc.a(lib_a-strlen.o)
                0x008066a0                strlen
 .text          0x00806714      0x134 /opt/altera/altera12.1/nios2eds/bin/gnu/H-i686-pc-linux-gnu/bin/../lib/gcc/nios2-elf/4.1.2/../../../../nios2-elf/lib/libc.a(lib_a-__atexit.o)
                0x00806714                __register_exitproc
 .text          0x00806848      0x1b4 /opt/altera/altera12.1/nios2eds/bin/gnu/H-i686-pc-linux-gnu/bin/../lib/gcc/nios2-elf/4.1.2/../../../../nios2-elf/lib/libc.a(lib_a-__call_atexit.o)
                0x0080684c                __call_exitprocs
 .text          0x008069fc       0x60 ../CUDoom_2_bsp//libhal_bsp.a(alt_exit.o)
                0x00806a3c                _exit
 *(.gnu.warning.*)
 *(.fini)
                0x00806a5c                PROVIDE (__etext, ABSOLUTE (.))
                0x00806a5c                PROVIDE (_etext, ABSOLUTE (.))
                0x00806a5c                PROVIDE (etext, ABSOLUTE (.))
 *(.eh_frame_hdr)
                0x00806a5c                . = ALIGN (0x4)
                0x00806a5c                PROVIDE (__preinit_array_start, ABSOLUTE (.))
 *(.preinit_array)
                0x00806a5c                PROVIDE (__preinit_array_end, ABSOLUTE (.))
                0x00806a5c                PROVIDE (__init_array_start, ABSOLUTE (.))
 *(.init_array)
                0x00806a5c                PROVIDE (__init_array_end, ABSOLUTE (.))
                0x00806a5c                PROVIDE (__fini_array_start, ABSOLUTE (.))
 *(.fini_array)
                0x00806a5c                PROVIDE (__fini_array_end, ABSOLUTE (.))
 *(.eh_frame)
 *(.gcc_except_table)
 *(.dynamic)
                0x00806a5c                PROVIDE (__CTOR_LIST__, ABSOLUTE (.))
 *(.ctors)
 *(SORT(.ctors.*))
 .ctors.65535   0x00806a5c        0x4 /opt/altera/altera12.1/nios2eds/bin/gnu/H-i686-pc-linux-gnu/bin/../lib/gcc/nios2-elf/4.1.2/../../../../nios2-elf/lib/libc.a(lib_a-__call_atexit.o)
                0x00806a60                PROVIDE (__CTOR_END__, ABSOLUTE (.))
                0x00806a60                PROVIDE (__DTOR_LIST__, ABSOLUTE (.))
 *(.dtors)
 *(SORT(.dtors.*))
                0x00806a60                PROVIDE (__DTOR_END__, ABSOLUTE (.))
 *(.jcr)
                0x00806a60                . = ALIGN (0x4)

.rodata         0x00806a60    0x78324
                0x00806a60                PROVIDE (__ram_rodata_start, ABSOLUTE (.))
                0x00806a60                . = ALIGN (0x4)
 *(.rodata .rodata.* .gnu.linkonce.r.*)
 .rodata        0x00806a60    0x78000 obj/default/hello_world.o
                0x00806a60                sky
 .rodata        0x0087ea60      0x188 /opt/altera/altera12.1/nios2eds/bin/gnu/H-i686-pc-linux-gnu/bin/../lib/gcc/nios2-elf/4.1.2/../../../../nios2-elf/lib/libm.a(lib_a-e_rem_pio2.o)
 .rodata        0x0087ebe8       0x50 /opt/altera/altera12.1/nios2eds/bin/gnu/H-i686-pc-linux-gnu/bin/../lib/gcc/nios2-elf/4.1.2/../../../../nios2-elf/lib/libm.a(lib_a-k_rem_pio2.o)
 .rodata        0x0087ec38       0x14 /opt/altera/altera12.1/nios2eds/bin/gnu/H-i686-pc-linux-gnu/bin/../lib/gcc/nios2-elf/4.1.2/libgcc.a(_thenan_df.o)
                0x0087ec38                __thenan_df
 .rodata        0x0087ec4c      0x100 /opt/altera/altera12.1/nios2eds/bin/gnu/H-i686-pc-linux-gnu/bin/../lib/gcc/nios2-elf/4.1.2/libgcc.a(_clz.o)
                0x0087ec4c                __clz_tab
 .rodata        0x0087ed4c       0x14 ../CUDoom_2_bsp//libhal_bsp.a(alt_main.o)
 .rodata        0x0087ed60       0x14 ../CUDoom_2_bsp//libhal_bsp.a(alt_sys_init.o)
 .rodata        0x0087ed74        0xc ../CUDoom_2_bsp//libhal_bsp.a(alt_dev.o)
 .rodata.str1.4
                0x0087ed80        0x4 /opt/altera/altera12.1/nios2eds/bin/gnu/H-i686-pc-linux-gnu/bin/../lib/gcc/nios2-elf/4.1.2/../../../../nios2-elf/lib/libc.a(lib_a-impure.o)
 *(.rodata1)
                0x0087ed84                . = ALIGN (0x4)
                0x0087ed84                PROVIDE (__ram_rodata_end, ABSOLUTE (.))
                0x00806a60                PROVIDE (__flash_rodata_start, LOADADDR (.rodata))

.rwdata         0x0087ed84     0x1a34 load address 0x008807b8
                0x0087ed84                PROVIDE (__ram_rwdata_start, ABSOLUTE (.))
                0x0087ed84                . = ALIGN (0x4)
 *(.got.plt)
 *(.got)
 *(.data1)
 *(.data .data.* .gnu.linkonce.d.*)
 .data          0x0087ed84        0x0 ../CUDoom_2_bsp//obj/HAL/src/crt0.o
 .data          0x0087ed84      0x400 obj/default/hello_world.o
                0x0087ed84                worldMap
 .data          0x0087f184        0x0 /opt/altera/altera12.1/nios2eds/bin/gnu/H-i686-pc-linux-gnu/bin/../lib/gcc/nios2-elf/4.1.2/../../../../nios2-elf/lib/libm.a(lib_a-s_cos.o)
 .data          0x0087f184        0x0 /opt/altera/altera12.1/nios2eds/bin/gnu/H-i686-pc-linux-gnu/bin/../lib/gcc/nios2-elf/4.1.2/../../../../nios2-elf/lib/libm.a(lib_a-s_sin.o)
 .data          0x0087f184        0x0 /opt/altera/altera12.1/nios2eds/bin/gnu/H-i686-pc-linux-gnu/bin/../lib/gcc/nios2-elf/4.1.2/../../../../nios2-elf/lib/libm.a(lib_a-e_rem_pio2.o)
 .data          0x0087f184        0x0 /opt/altera/altera12.1/nios2eds/bin/gnu/H-i686-pc-linux-gnu/bin/../lib/gcc/nios2-elf/4.1.2/../../../../nios2-elf/lib/libm.a(lib_a-k_cos.o)
 .data          0x0087f184        0x0 /opt/altera/altera12.1/nios2eds/bin/gnu/H-i686-pc-linux-gnu/bin/../lib/gcc/nios2-elf/4.1.2/../../../../nios2-elf/lib/libm.a(lib_a-k_rem_pio2.o)
 .data          0x0087f184        0x0 /opt/altera/altera12.1/nios2eds/bin/gnu/H-i686-pc-linux-gnu/bin/../lib/gcc/nios2-elf/4.1.2/../../../../nios2-elf/lib/libm.a(lib_a-k_sin.o)
 .data          0x0087f184        0x0 /opt/altera/altera12.1/nios2eds/bin/gnu/H-i686-pc-linux-gnu/bin/../lib/gcc/nios2-elf/4.1.2/../../../../nios2-elf/lib/libm.a(lib_a-s_fabs.o)
 .data          0x0087f184        0x0 /opt/altera/altera12.1/nios2eds/bin/gnu/H-i686-pc-linux-gnu/bin/../lib/gcc/nios2-elf/4.1.2/../../../../nios2-elf/lib/libm.a(lib_a-s_floor.o)
 .data          0x0087f184        0x0 /opt/altera/altera12.1/nios2eds/bin/gnu/H-i686-pc-linux-gnu/bin/../lib/gcc/nios2-elf/4.1.2/../../../../nios2-elf/lib/libm.a(lib_a-s_scalbn.o)
 .data          0x0087f184        0x0 /opt/altera/altera12.1/nios2eds/bin/gnu/H-i686-pc-linux-gnu/bin/../lib/gcc/nios2-elf/4.1.2/../../../../nios2-elf/lib/libm.a(lib_a-s_copysign.o)
 .data          0x0087f184        0x0 /opt/altera/altera12.1/nios2eds/bin/gnu/H-i686-pc-linux-gnu/bin/../lib/gcc/nios2-elf/4.1.2/libgcc.a(_addsub_df.o)
 .data          0x0087f184        0x0 /opt/altera/altera12.1/nios2eds/bin/gnu/H-i686-pc-linux-gnu/bin/../lib/gcc/nios2-elf/4.1.2/libgcc.a(_mul_df.o)
 .data          0x0087f184        0x0 /opt/altera/altera12.1/nios2eds/bin/gnu/H-i686-pc-linux-gnu/bin/../lib/gcc/nios2-elf/4.1.2/libgcc.a(_eq_df.o)
 .data          0x0087f184        0x0 /opt/altera/altera12.1/nios2eds/bin/gnu/H-i686-pc-linux-gnu/bin/../lib/gcc/nios2-elf/4.1.2/libgcc.a(_gt_df.o)
 .data          0x0087f184        0x0 /opt/altera/altera12.1/nios2eds/bin/gnu/H-i686-pc-linux-gnu/bin/../lib/gcc/nios2-elf/4.1.2/libgcc.a(_ge_df.o)
 .data          0x0087f184        0x0 /opt/altera/altera12.1/nios2eds/bin/gnu/H-i686-pc-linux-gnu/bin/../lib/gcc/nios2-elf/4.1.2/libgcc.a(_si_to_df.o)
 .data          0x0087f184        0x0 /opt/altera/altera12.1/nios2eds/bin/gnu/H-i686-pc-linux-gnu/bin/../lib/gcc/nios2-elf/4.1.2/libgcc.a(_df_to_si.o)
 .data          0x0087f184        0x0 /opt/altera/altera12.1/nios2eds/bin/gnu/H-i686-pc-linux-gnu/bin/../lib/gcc/nios2-elf/4.1.2/libgcc.a(_thenan_df.o)
 .data          0x0087f184        0x0 /opt/altera/altera12.1/nios2eds/bin/gnu/H-i686-pc-linux-gnu/bin/../lib/gcc/nios2-elf/4.1.2/libgcc.a(lib2-divmod.o)
 .data          0x0087f184        0x0 /opt/altera/altera12.1/nios2eds/bin/gnu/H-i686-pc-linux-gnu/bin/../lib/gcc/nios2-elf/4.1.2/libgcc.a(_muldi3.o)
 .data          0x0087f184        0x0 /opt/altera/altera12.1/nios2eds/bin/gnu/H-i686-pc-linux-gnu/bin/../lib/gcc/nios2-elf/4.1.2/libgcc.a(_clzsi2.o)
 .data          0x0087f184        0x0 /opt/altera/altera12.1/nios2eds/bin/gnu/H-i686-pc-linux-gnu/bin/../lib/gcc/nios2-elf/4.1.2/libgcc.a(_pack_df.o)
 .data          0x0087f184        0x0 /opt/altera/altera12.1/nios2eds/bin/gnu/H-i686-pc-linux-gnu/bin/../lib/gcc/nios2-elf/4.1.2/libgcc.a(_unpack_df.o)
 .data          0x0087f184        0x0 /opt/altera/altera12.1/nios2eds/bin/gnu/H-i686-pc-linux-gnu/bin/../lib/gcc/nios2-elf/4.1.2/libgcc.a(_fpcmp_parts_df.o)
 .data          0x0087f184        0x0 /opt/altera/altera12.1/nios2eds/bin/gnu/H-i686-pc-linux-gnu/bin/../lib/gcc/nios2-elf/4.1.2/libgcc.a(_clz.o)
 .data          0x0087f184        0x0 ../CUDoom_2_bsp//libhal_bsp.a(alt_load.o)
 .data          0x0087f184        0x0 ../CUDoom_2_bsp//libhal_bsp.a(alt_main.o)
 .data          0x0087f184     0x1060 ../CUDoom_2_bsp//libhal_bsp.a(alt_sys_init.o)
 .data          0x008801e4        0x0 ../CUDoom_2_bsp//libhal_bsp.a(altera_avalon_jtag_uart_fd.o)
 .data          0x008801e4        0x0 ../CUDoom_2_bsp//libhal_bsp.a(altera_avalon_jtag_uart_init.o)
 .data          0x008801e4        0x0 ../CUDoom_2_bsp//libhal_bsp.a(altera_avalon_jtag_uart_ioctl.o)
 .data          0x008801e4        0x0 ../CUDoom_2_bsp//libhal_bsp.a(altera_avalon_jtag_uart_read.o)
 .data          0x008801e4        0x0 ../CUDoom_2_bsp//libhal_bsp.a(altera_avalon_jtag_uart_write.o)
 .data          0x008801e4        0x0 ../CUDoom_2_bsp//libhal_bsp.a(alt_alarm_start.o)
 .data          0x008801e4        0x0 ../CUDoom_2_bsp//libhal_bsp.a(alt_close.o)
 .data          0x008801e4        0x0 ../CUDoom_2_bsp//libhal_bsp.a(alt_dcache_flush_all.o)
 .data          0x008801e4      0x1a8 ../CUDoom_2_bsp//libhal_bsp.a(alt_dev.o)
                0x008801e4                alt_dev_null
                0x0088020c                alt_fd_list
 .data          0x0088038c        0x0 ../CUDoom_2_bsp//libhal_bsp.a(alt_dev_llist_insert.o)
 .data          0x0088038c        0x0 ../CUDoom_2_bsp//libhal_bsp.a(alt_do_ctors.o)
 .data          0x0088038c        0x0 ../CUDoom_2_bsp//libhal_bsp.a(alt_do_dtors.o)
 .data          0x0088038c        0x0 ../CUDoom_2_bsp//libhal_bsp.a(alt_errno.o)
 .data          0x0088038c        0x0 ../CUDoom_2_bsp//libhal_bsp.a(alt_icache_flush_all.o)
 .data          0x0088038c        0x0 ../CUDoom_2_bsp//libhal_bsp.a(alt_iic.o)
 .data          0x0088038c        0x0 ../CUDoom_2_bsp//libhal_bsp.a(alt_iic_isr_register.o)
 .data          0x0088038c        0x0 ../CUDoom_2_bsp//libhal_bsp.a(alt_io_redirect.o)
 .data          0x0088038c        0x0 ../CUDoom_2_bsp//libhal_bsp.a(alt_irq_entry.o)
 .data          0x0088038c        0x0 ../CUDoom_2_bsp//libhal_bsp.a(alt_irq_handler.o)
 .data          0x0088038c        0x0 ../CUDoom_2_bsp//libhal_bsp.a(alt_irq_vars.o)
 .data          0x0088038c        0x0 ../CUDoom_2_bsp//libhal_bsp.a(alt_open.o)
 .data          0x0088038c        0x0 ../CUDoom_2_bsp//libhal_bsp.a(alt_release_fd.o)
 .data          0x0088038c        0x0 ../CUDoom_2_bsp//libhal_bsp.a(alt_tick.o)
 .data          0x0088038c        0x0 ../CUDoom_2_bsp//libhal_bsp.a(altera_nios2_irq.o)
 .data          0x0088038c        0x0 ../CUDoom_2_bsp//libhal_bsp.a(alt_exception_entry.o)
 .data          0x0088038c        0x0 ../CUDoom_2_bsp//libhal_bsp.a(alt_find_dev.o)
 .data          0x0088038c        0x0 ../CUDoom_2_bsp//libhal_bsp.a(alt_find_file.o)
 .data          0x0088038c        0x0 ../CUDoom_2_bsp//libhal_bsp.a(alt_get_fd.o)
 .data          0x0088038c        0x0 ../CUDoom_2_bsp//libhal_bsp.a(alt_icache_flush.o)
 .data          0x0088038c        0x0 /opt/altera/altera12.1/nios2eds/bin/gnu/H-i686-pc-linux-gnu/bin/../lib/gcc/nios2-elf/4.1.2/../../../../nios2-elf/lib/libc.a(lib_a-atexit.o)
 .data          0x0088038c        0x0 /opt/altera/altera12.1/nios2eds/bin/gnu/H-i686-pc-linux-gnu/bin/../lib/gcc/nios2-elf/4.1.2/../../../../nios2-elf/lib/libc.a(lib_a-exit.o)
 .data          0x0088038c      0x400 /opt/altera/altera12.1/nios2eds/bin/gnu/H-i686-pc-linux-gnu/bin/../lib/gcc/nios2-elf/4.1.2/../../../../nios2-elf/lib/libc.a(lib_a-impure.o)
 .data          0x0088078c        0x0 /opt/altera/altera12.1/nios2eds/bin/gnu/H-i686-pc-linux-gnu/bin/../lib/gcc/nios2-elf/4.1.2/../../../../nios2-elf/lib/libc.a(lib_a-int_errno.o)
 .data          0x0088078c        0x0 /opt/altera/altera12.1/nios2eds/bin/gnu/H-i686-pc-linux-gnu/bin/../lib/gcc/nios2-elf/4.1.2/../../../../nios2-elf/lib/libc.a(lib_a-memcmp.o)
 .data          0x0088078c        0x0 /opt/altera/altera12.1/nios2eds/bin/gnu/H-i686-pc-linux-gnu/bin/../lib/gcc/nios2-elf/4.1.2/../../../../nios2-elf/lib/libc.a(lib_a-memcpy.o)
 .data          0x0088078c        0x0 /opt/altera/altera12.1/nios2eds/bin/gnu/H-i686-pc-linux-gnu/bin/../lib/gcc/nios2-elf/4.1.2/../../../../nios2-elf/lib/libc.a(lib_a-strlen.o)
 .data          0x0088078c        0x0 /opt/altera/altera12.1/nios2eds/bin/gnu/H-i686-pc-linux-gnu/bin/../lib/gcc/nios2-elf/4.1.2/../../../../nios2-elf/lib/libc.a(lib_a-__atexit.o)
 .data          0x0088078c        0x0 /opt/altera/altera12.1/nios2eds/bin/gnu/H-i686-pc-linux-gnu/bin/../lib/gcc/nios2-elf/4.1.2/../../../../nios2-elf/lib/libc.a(lib_a-__call_atexit.o)
 .data          0x0088078c        0x0 ../CUDoom_2_bsp//libhal_bsp.a(alt_exit.o)
                0x0088878c                _gp = ABSOLUTE ((. + 0x8000))
                0x0088878c                PROVIDE (gp, _gp)
 *(.rwdata .rwdata.*)
 *(.sdata .sdata.* .gnu.linkonce.s.*)
 .sdata         0x0088078c       0x14 ../CUDoom_2_bsp//libhal_bsp.a(alt_dev.o)
                0x0088078c                alt_fs_list
                0x00880794                alt_dev_list
                0x0088079c                alt_max_fd
 .sdata         0x008807a0        0x4 ../CUDoom_2_bsp//libhal_bsp.a(alt_errno.o)
                0x008807a0                alt_errno
 .sdata         0x008807a4        0x4 ../CUDoom_2_bsp//libhal_bsp.a(alt_irq_vars.o)
                0x008807a4                alt_priority_mask
 .sdata         0x008807a8        0x8 ../CUDoom_2_bsp//libhal_bsp.a(alt_tick.o)
                0x008807a8                alt_alarm_list
 .sdata         0x008807b0        0x8 /opt/altera/altera12.1/nios2eds/bin/gnu/H-i686-pc-linux-gnu/bin/../lib/gcc/nios2-elf/4.1.2/../../../../nios2-elf/lib/libc.a(lib_a-impure.o)
                0x008807b0                _impure_ptr
                0x008807b4                _global_impure_ptr
 *(.sdata2 .sdata2.* .gnu.linkonce.s2.*)
                0x008807b8                . = ALIGN (0x4)
                0x008807b8                _edata = ABSOLUTE (.)
                0x008807b8                PROVIDE (edata, ABSOLUTE (.))
                0x008807b8                PROVIDE (__ram_rwdata_end, ABSOLUTE (.))
                0x008807b8                PROVIDE (__flash_rwdata_start, LOADADDR (.rwdata))

.bss            0x008821ec    0x116ac
                0x008821ec                __bss_start = ABSOLUTE (.)
                0x008821ec                PROVIDE (__sbss_start, ABSOLUTE (.))
                0x008821ec                PROVIDE (___sbss_start, ABSOLUTE (.))
 *(.dynsbss)
 *(.sbss .sbss.* .gnu.linkonce.sb.*)
 .sbss          0x008821ec        0xc ../CUDoom_2_bsp//libhal_bsp.a(alt_main.o)
                0x008821ec                alt_argc
                0x008821f0                alt_argv
                0x008821f4                alt_envp
 .sbss          0x008821f8        0x4 ../CUDoom_2_bsp//libhal_bsp.a(alt_irq_vars.o)
                0x008821f8                alt_irq_active
 .sbss          0x008821fc        0x8 ../CUDoom_2_bsp//libhal_bsp.a(alt_tick.o)
                0x008821fc                _alt_tick_rate
                0x00882200                _alt_nticks
 .sbss          0x00882204        0x4 /opt/altera/altera12.1/nios2eds/bin/gnu/H-i686-pc-linux-gnu/bin/../lib/gcc/nios2-elf/4.1.2/../../../../nios2-elf/lib/libc.a(lib_a-int_errno.o)
                0x00882204                errno
 *(.sbss2 .sbss2.* .gnu.linkonce.sb2.*)
 *(.scommon)
                0x00882208                PROVIDE (__sbss_end, ABSOLUTE (.))
                0x00882208                PROVIDE (___sbss_end, ABSOLUTE (.))
 *(.dynbss)
 *(.bss .bss.* .gnu.linkonce.b.*)
 .bss           0x00882208        0x0 ../CUDoom_2_bsp//obj/HAL/src/crt0.o
 .bss           0x00882208        0x0 obj/default/hello_world.o
 .bss           0x00882208        0x0 /opt/altera/altera12.1/nios2eds/bin/gnu/H-i686-pc-linux-gnu/bin/../lib/gcc/nios2-elf/4.1.2/../../../../nios2-elf/lib/libm.a(lib_a-s_cos.o)
 .bss           0x00882208        0x0 /opt/altera/altera12.1/nios2eds/bin/gnu/H-i686-pc-linux-gnu/bin/../lib/gcc/nios2-elf/4.1.2/../../../../nios2-elf/lib/libm.a(lib_a-s_sin.o)
 .bss           0x00882208        0x0 /opt/altera/altera12.1/nios2eds/bin/gnu/H-i686-pc-linux-gnu/bin/../lib/gcc/nios2-elf/4.1.2/../../../../nios2-elf/lib/libm.a(lib_a-e_rem_pio2.o)
 .bss           0x00882208        0x0 /opt/altera/altera12.1/nios2eds/bin/gnu/H-i686-pc-linux-gnu/bin/../lib/gcc/nios2-elf/4.1.2/../../../../nios2-elf/lib/libm.a(lib_a-k_cos.o)
 .bss           0x00882208        0x0 /opt/altera/altera12.1/nios2eds/bin/gnu/H-i686-pc-linux-gnu/bin/../lib/gcc/nios2-elf/4.1.2/../../../../nios2-elf/lib/libm.a(lib_a-k_rem_pio2.o)
 .bss           0x00882208        0x0 /opt/altera/altera12.1/nios2eds/bin/gnu/H-i686-pc-linux-gnu/bin/../lib/gcc/nios2-elf/4.1.2/../../../../nios2-elf/lib/libm.a(lib_a-k_sin.o)
 .bss           0x00882208        0x0 /opt/altera/altera12.1/nios2eds/bin/gnu/H-i686-pc-linux-gnu/bin/../lib/gcc/nios2-elf/4.1.2/../../../../nios2-elf/lib/libm.a(lib_a-s_fabs.o)
 .bss           0x00882208        0x0 /opt/altera/altera12.1/nios2eds/bin/gnu/H-i686-pc-linux-gnu/bin/../lib/gcc/nios2-elf/4.1.2/../../../../nios2-elf/lib/libm.a(lib_a-s_floor.o)
 .bss           0x00882208        0x0 /opt/altera/altera12.1/nios2eds/bin/gnu/H-i686-pc-linux-gnu/bin/../lib/gcc/nios2-elf/4.1.2/../../../../nios2-elf/lib/libm.a(lib_a-s_scalbn.o)
 .bss           0x00882208        0x0 /opt/altera/altera12.1/nios2eds/bin/gnu/H-i686-pc-linux-gnu/bin/../lib/gcc/nios2-elf/4.1.2/../../../../nios2-elf/lib/libm.a(lib_a-s_copysign.o)
 .bss           0x00882208        0x0 /opt/altera/altera12.1/nios2eds/bin/gnu/H-i686-pc-linux-gnu/bin/../lib/gcc/nios2-elf/4.1.2/libgcc.a(_addsub_df.o)
 .bss           0x00882208        0x0 /opt/altera/altera12.1/nios2eds/bin/gnu/H-i686-pc-linux-gnu/bin/../lib/gcc/nios2-elf/4.1.2/libgcc.a(_mul_df.o)
 .bss           0x00882208        0x0 /opt/altera/altera12.1/nios2eds/bin/gnu/H-i686-pc-linux-gnu/bin/../lib/gcc/nios2-elf/4.1.2/libgcc.a(_eq_df.o)
 .bss           0x00882208        0x0 /opt/altera/altera12.1/nios2eds/bin/gnu/H-i686-pc-linux-gnu/bin/../lib/gcc/nios2-elf/4.1.2/libgcc.a(_gt_df.o)
 .bss           0x00882208        0x0 /opt/altera/altera12.1/nios2eds/bin/gnu/H-i686-pc-linux-gnu/bin/../lib/gcc/nios2-elf/4.1.2/libgcc.a(_ge_df.o)
 .bss           0x00882208        0x0 /opt/altera/altera12.1/nios2eds/bin/gnu/H-i686-pc-linux-gnu/bin/../lib/gcc/nios2-elf/4.1.2/libgcc.a(_si_to_df.o)
 .bss           0x00882208        0x0 /opt/altera/altera12.1/nios2eds/bin/gnu/H-i686-pc-linux-gnu/bin/../lib/gcc/nios2-elf/4.1.2/libgcc.a(_df_to_si.o)
 .bss           0x00882208        0x0 /opt/altera/altera12.1/nios2eds/bin/gnu/H-i686-pc-linux-gnu/bin/../lib/gcc/nios2-elf/4.1.2/libgcc.a(_thenan_df.o)
 .bss           0x00882208        0x0 /opt/altera/altera12.1/nios2eds/bin/gnu/H-i686-pc-linux-gnu/bin/../lib/gcc/nios2-elf/4.1.2/libgcc.a(lib2-divmod.o)
 .bss           0x00882208        0x0 /opt/altera/altera12.1/nios2eds/bin/gnu/H-i686-pc-linux-gnu/bin/../lib/gcc/nios2-elf/4.1.2/libgcc.a(_muldi3.o)
 .bss           0x00882208        0x0 /opt/altera/altera12.1/nios2eds/bin/gnu/H-i686-pc-linux-gnu/bin/../lib/gcc/nios2-elf/4.1.2/libgcc.a(_clzsi2.o)
 .bss           0x00882208        0x0 /opt/altera/altera12.1/nios2eds/bin/gnu/H-i686-pc-linux-gnu/bin/../lib/gcc/nios2-elf/4.1.2/libgcc.a(_pack_df.o)
 .bss           0x00882208        0x0 /opt/altera/altera12.1/nios2eds/bin/gnu/H-i686-pc-linux-gnu/bin/../lib/gcc/nios2-elf/4.1.2/libgcc.a(_unpack_df.o)
 .bss           0x00882208        0x0 /opt/altera/altera12.1/nios2eds/bin/gnu/H-i686-pc-linux-gnu/bin/../lib/gcc/nios2-elf/4.1.2/libgcc.a(_fpcmp_parts_df.o)
 .bss           0x00882208        0x0 /opt/altera/altera12.1/nios2eds/bin/gnu/H-i686-pc-linux-gnu/bin/../lib/gcc/nios2-elf/4.1.2/libgcc.a(_clz.o)
 .bss           0x00882208        0x0 ../CUDoom_2_bsp//libhal_bsp.a(alt_load.o)
 .bss           0x00882208        0x0 ../CUDoom_2_bsp//libhal_bsp.a(alt_main.o)
 .bss           0x00882208        0x0 ../CUDoom_2_bsp//libhal_bsp.a(alt_sys_init.o)
 .bss           0x00882208        0x0 ../CUDoom_2_bsp//libhal_bsp.a(altera_avalon_jtag_uart_fd.o)
 .bss           0x00882208        0x0 ../CUDoom_2_bsp//libhal_bsp.a(altera_avalon_jtag_uart_init.o)
 .bss           0x00882208        0x0 ../CUDoom_2_bsp//libhal_bsp.a(altera_avalon_jtag_uart_ioctl.o)
 .bss           0x00882208        0x0 ../CUDoom_2_bsp//libhal_bsp.a(altera_avalon_jtag_uart_read.o)
 .bss           0x00882208        0x0 ../CUDoom_2_bsp//libhal_bsp.a(altera_avalon_jtag_uart_write.o)
 .bss           0x00882208        0x0 ../CUDoom_2_bsp//libhal_bsp.a(alt_alarm_start.o)
 .bss           0x00882208        0x0 ../CUDoom_2_bsp//libhal_bsp.a(alt_close.o)
 .bss           0x00882208        0x0 ../CUDoom_2_bsp//libhal_bsp.a(alt_dcache_flush_all.o)
 .bss           0x00882208        0x0 ../CUDoom_2_bsp//libhal_bsp.a(alt_dev.o)
 .bss           0x00882208        0x0 ../CUDoom_2_bsp//libhal_bsp.a(alt_dev_llist_insert.o)
 .bss           0x00882208        0x0 ../CUDoom_2_bsp//libhal_bsp.a(alt_do_ctors.o)
 .bss           0x00882208        0x0 ../CUDoom_2_bsp//libhal_bsp.a(alt_do_dtors.o)
 .bss           0x00882208        0x0 ../CUDoom_2_bsp//libhal_bsp.a(alt_errno.o)
 .bss           0x00882208        0x0 ../CUDoom_2_bsp//libhal_bsp.a(alt_icache_flush_all.o)
 .bss           0x00882208        0x0 ../CUDoom_2_bsp//libhal_bsp.a(alt_iic.o)
 .bss           0x00882208        0x0 ../CUDoom_2_bsp//libhal_bsp.a(alt_iic_isr_register.o)
 .bss           0x00882208        0x0 ../CUDoom_2_bsp//libhal_bsp.a(alt_io_redirect.o)
 .bss           0x00882208        0x0 ../CUDoom_2_bsp//libhal_bsp.a(alt_irq_entry.o)
 .bss           0x00882208        0x0 ../CUDoom_2_bsp//libhal_bsp.a(alt_irq_handler.o)
 .bss           0x00882208        0x0 ../CUDoom_2_bsp//libhal_bsp.a(alt_irq_vars.o)
 .bss           0x00882208        0x0 ../CUDoom_2_bsp//libhal_bsp.a(alt_open.o)
 .bss           0x00882208        0x0 ../CUDoom_2_bsp//libhal_bsp.a(alt_release_fd.o)
 .bss           0x00882208        0x0 ../CUDoom_2_bsp//libhal_bsp.a(alt_tick.o)
 .bss           0x00882208        0x0 ../CUDoom_2_bsp//libhal_bsp.a(altera_nios2_irq.o)
 .bss           0x00882208        0x0 ../CUDoom_2_bsp//libhal_bsp.a(alt_exception_entry.o)
 .bss           0x00882208        0x0 ../CUDoom_2_bsp//libhal_bsp.a(alt_find_dev.o)
 .bss           0x00882208        0x0 ../CUDoom_2_bsp//libhal_bsp.a(alt_find_file.o)
 .bss           0x00882208        0x0 ../CUDoom_2_bsp//libhal_bsp.a(alt_get_fd.o)
 .bss           0x00882208        0x0 ../CUDoom_2_bsp//libhal_bsp.a(alt_icache_flush.o)
 .bss           0x00882208        0x0 /opt/altera/altera12.1/nios2eds/bin/gnu/H-i686-pc-linux-gnu/bin/../lib/gcc/nios2-elf/4.1.2/../../../../nios2-elf/lib/libc.a(lib_a-atexit.o)
 .bss           0x00882208        0x0 /opt/altera/altera12.1/nios2eds/bin/gnu/H-i686-pc-linux-gnu/bin/../lib/gcc/nios2-elf/4.1.2/../../../../nios2-elf/lib/libc.a(lib_a-exit.o)
 .bss           0x00882208        0x0 /opt/altera/altera12.1/nios2eds/bin/gnu/H-i686-pc-linux-gnu/bin/../lib/gcc/nios2-elf/4.1.2/../../../../nios2-elf/lib/libc.a(lib_a-impure.o)
 .bss           0x00882208        0x0 /opt/altera/altera12.1/nios2eds/bin/gnu/H-i686-pc-linux-gnu/bin/../lib/gcc/nios2-elf/4.1.2/../../../../nios2-elf/lib/libc.a(lib_a-int_errno.o)
 .bss           0x00882208        0x0 /opt/altera/altera12.1/nios2eds/bin/gnu/H-i686-pc-linux-gnu/bin/../lib/gcc/nios2-elf/4.1.2/../../../../nios2-elf/lib/libc.a(lib_a-memcmp.o)
 .bss           0x00882208        0x0 /opt/altera/altera12.1/nios2eds/bin/gnu/H-i686-pc-linux-gnu/bin/../lib/gcc/nios2-elf/4.1.2/../../../../nios2-elf/lib/libc.a(lib_a-memcpy.o)
 .bss           0x00882208        0x0 /opt/altera/altera12.1/nios2eds/bin/gnu/H-i686-pc-linux-gnu/bin/../lib/gcc/nios2-elf/4.1.2/../../../../nios2-elf/lib/libc.a(lib_a-strlen.o)
 .bss           0x00882208        0x0 /opt/altera/altera12.1/nios2eds/bin/gnu/H-i686-pc-linux-gnu/bin/../lib/gcc/nios2-elf/4.1.2/../../../../nios2-elf/lib/libc.a(lib_a-__atexit.o)
 .bss           0x00882208        0x0 /opt/altera/altera12.1/nios2eds/bin/gnu/H-i686-pc-linux-gnu/bin/../lib/gcc/nios2-elf/4.1.2/../../../../nios2-elf/lib/libc.a(lib_a-__call_atexit.o)
 .bss           0x00882208        0x0 ../CUDoom_2_bsp//libhal_bsp.a(alt_exit.o)
 *(COMMON)
 COMMON         0x00882208    0x11400 obj/default/hello_world.o
                0x00882208                dirsine
                0x00886208                sine
                0x0088a208                cosine
                0x0088e208                stoparray
                0x0088ec08                startarray
                0x0088f608                dircosine
 COMMON         0x00893608      0x100 ../CUDoom_2_bsp//libhal_bsp.a(alt_irq_handler.o)
                0x00893608                alt_irq
 COMMON         0x00893708      0x190 /opt/altera/altera12.1/nios2eds/bin/gnu/H-i686-pc-linux-gnu/bin/../lib/gcc/nios2-elf/4.1.2/../../../../nios2-elf/lib/libc.a(lib_a-atexit.o)
                0x00893708                _atexit0
                0x00893898                . = ALIGN (0x4)
                0x00893898                __bss_end = ABSOLUTE (.)

.sdram_0        0x00893898        0x0
                0x00893898                PROVIDE (_alt_partition_sdram_0_start, ABSOLUTE (.))
 *(.sdram_0. sdram_0.*)
                0x00893898                . = ALIGN (0x4)
                0x00893898                PROVIDE (_alt_partition_sdram_0_end, ABSOLUTE (.))
                0x00893898                _end = ABSOLUTE (.)
                0x00893898                end = ABSOLUTE (.)
                0x00893898                __alt_stack_base = ABSOLUTE (.)
                0x00893898                PROVIDE (_alt_partition_sdram_0_load_addr, LOADADDR (.sdram_0))

.stab
 *(.stab)

.stabstr
 *(.stabstr)

.stab.excl
 *(.stab.excl)

.stab.exclstr
 *(.stab.exclstr)

.stab.index
 *(.stab.index)

.stab.indexstr
 *(.stab.indexstr)

.comment        0x00000000       0x23
 *(.comment)
 .comment       0x00000000       0x23 obj/default/hello_world.o
                                 0x24 (size before relaxing)
 .comment       0x00000000       0x24 /opt/altera/altera12.1/nios2eds/bin/gnu/H-i686-pc-linux-gnu/bin/../lib/gcc/nios2-elf/4.1.2/../../../../nios2-elf/lib/libm.a(lib_a-s_cos.o)
 .comment       0x00000000       0x24 /opt/altera/altera12.1/nios2eds/bin/gnu/H-i686-pc-linux-gnu/bin/../lib/gcc/nios2-elf/4.1.2/../../../../nios2-elf/lib/libm.a(lib_a-s_sin.o)
 .comment       0x00000000       0x24 /opt/altera/altera12.1/nios2eds/bin/gnu/H-i686-pc-linux-gnu/bin/../lib/gcc/nios2-elf/4.1.2/../../../../nios2-elf/lib/libm.a(lib_a-e_rem_pio2.o)
 .comment       0x00000000       0x24 /opt/altera/altera12.1/nios2eds/bin/gnu/H-i686-pc-linux-gnu/bin/../lib/gcc/nios2-elf/4.1.2/../../../../nios2-elf/lib/libm.a(lib_a-k_cos.o)
 .comment       0x00000000       0x24 /opt/altera/altera12.1/nios2eds/bin/gnu/H-i686-pc-linux-gnu/bin/../lib/gcc/nios2-elf/4.1.2/../../../../nios2-elf/lib/libm.a(lib_a-k_rem_pio2.o)
 .comment       0x00000000       0x24 /opt/altera/altera12.1/nios2eds/bin/gnu/H-i686-pc-linux-gnu/bin/../lib/gcc/nios2-elf/4.1.2/../../../../nios2-elf/lib/libm.a(lib_a-k_sin.o)
 .comment       0x00000000       0x24 /opt/altera/altera12.1/nios2eds/bin/gnu/H-i686-pc-linux-gnu/bin/../lib/gcc/nios2-elf/4.1.2/../../../../nios2-elf/lib/libm.a(lib_a-s_fabs.o)
 .comment       0x00000000       0x24 /opt/altera/altera12.1/nios2eds/bin/gnu/H-i686-pc-linux-gnu/bin/../lib/gcc/nios2-elf/4.1.2/../../../../nios2-elf/lib/libm.a(lib_a-s_floor.o)
 .comment       0x00000000       0x24 /opt/altera/altera12.1/nios2eds/bin/gnu/H-i686-pc-linux-gnu/bin/../lib/gcc/nios2-elf/4.1.2/../../../../nios2-elf/lib/libm.a(lib_a-s_scalbn.o)
 .comment       0x00000000       0x24 /opt/altera/altera12.1/nios2eds/bin/gnu/H-i686-pc-linux-gnu/bin/../lib/gcc/nios2-elf/4.1.2/../../../../nios2-elf/lib/libm.a(lib_a-s_copysign.o)
 .comment       0x00000000       0x24 /opt/altera/altera12.1/nios2eds/bin/gnu/H-i686-pc-linux-gnu/bin/../lib/gcc/nios2-elf/4.1.2/libgcc.a(_addsub_df.o)
 .comment       0x00000000       0x24 /opt/altera/altera12.1/nios2eds/bin/gnu/H-i686-pc-linux-gnu/bin/../lib/gcc/nios2-elf/4.1.2/libgcc.a(_mul_df.o)
 .comment       0x00000000       0x24 /opt/altera/altera12.1/nios2eds/bin/gnu/H-i686-pc-linux-gnu/bin/../lib/gcc/nios2-elf/4.1.2/libgcc.a(_eq_df.o)
 .comment       0x00000000       0x24 /opt/altera/altera12.1/nios2eds/bin/gnu/H-i686-pc-linux-gnu/bin/../lib/gcc/nios2-elf/4.1.2/libgcc.a(_gt_df.o)
 .comment       0x00000000       0x24 /opt/altera/altera12.1/nios2eds/bin/gnu/H-i686-pc-linux-gnu/bin/../lib/gcc/nios2-elf/4.1.2/libgcc.a(_ge_df.o)
 .comment       0x00000000       0x24 /opt/altera/altera12.1/nios2eds/bin/gnu/H-i686-pc-linux-gnu/bin/../lib/gcc/nios2-elf/4.1.2/libgcc.a(_si_to_df.o)
 .comment       0x00000000       0x24 /opt/altera/altera12.1/nios2eds/bin/gnu/H-i686-pc-linux-gnu/bin/../lib/gcc/nios2-elf/4.1.2/libgcc.a(_df_to_si.o)
 .comment       0x00000000       0x24 /opt/altera/altera12.1/nios2eds/bin/gnu/H-i686-pc-linux-gnu/bin/../lib/gcc/nios2-elf/4.1.2/libgcc.a(_thenan_df.o)
 .comment       0x00000000       0x24 /opt/altera/altera12.1/nios2eds/bin/gnu/H-i686-pc-linux-gnu/bin/../lib/gcc/nios2-elf/4.1.2/libgcc.a(lib2-divmod.o)
 .comment       0x00000000       0x24 /opt/altera/altera12.1/nios2eds/bin/gnu/H-i686-pc-linux-gnu/bin/../lib/gcc/nios2-elf/4.1.2/libgcc.a(_muldi3.o)
 .comment       0x00000000       0x24 /opt/altera/altera12.1/nios2eds/bin/gnu/H-i686-pc-linux-gnu/bin/../lib/gcc/nios2-elf/4.1.2/libgcc.a(_clzsi2.o)
 .comment       0x00000000       0x24 /opt/altera/altera12.1/nios2eds/bin/gnu/H-i686-pc-linux-gnu/bin/../lib/gcc/nios2-elf/4.1.2/libgcc.a(_pack_df.o)
 .comment       0x00000000       0x24 /opt/altera/altera12.1/nios2eds/bin/gnu/H-i686-pc-linux-gnu/bin/../lib/gcc/nios2-elf/4.1.2/libgcc.a(_unpack_df.o)
 .comment       0x00000000       0x24 /opt/altera/altera12.1/nios2eds/bin/gnu/H-i686-pc-linux-gnu/bin/../lib/gcc/nios2-elf/4.1.2/libgcc.a(_fpcmp_parts_df.o)
 .comment       0x00000000       0x24 /opt/altera/altera12.1/nios2eds/bin/gnu/H-i686-pc-linux-gnu/bin/../lib/gcc/nios2-elf/4.1.2/libgcc.a(_clz.o)
 .comment       0x00000000       0x24 ../CUDoom_2_bsp//libhal_bsp.a(alt_load.o)
 .comment       0x00000000       0x24 ../CUDoom_2_bsp//libhal_bsp.a(alt_main.o)
 .comment       0x00000000       0x24 ../CUDoom_2_bsp//libhal_bsp.a(alt_sys_init.o)
 .comment       0x00000000       0x24 ../CUDoom_2_bsp//libhal_bsp.a(altera_avalon_jtag_uart_fd.o)
 .comment       0x00000000       0x24 ../CUDoom_2_bsp//libhal_bsp.a(altera_avalon_jtag_uart_init.o)
 .comment       0x00000000       0x24 ../CUDoom_2_bsp//libhal_bsp.a(altera_avalon_jtag_uart_ioctl.o)
 .comment       0x00000000       0x24 ../CUDoom_2_bsp//libhal_bsp.a(altera_avalon_jtag_uart_read.o)
 .comment       0x00000000       0x24 ../CUDoom_2_bsp//libhal_bsp.a(altera_avalon_jtag_uart_write.o)
 .comment       0x00000000       0x24 ../CUDoom_2_bsp//libhal_bsp.a(alt_alarm_start.o)
 .comment       0x00000000       0x24 ../CUDoom_2_bsp//libhal_bsp.a(alt_close.o)
 .comment       0x00000000       0x24 ../CUDoom_2_bsp//libhal_bsp.a(alt_dcache_flush_all.o)
 .comment       0x00000000       0x24 ../CUDoom_2_bsp//libhal_bsp.a(alt_dev.o)
 .comment       0x00000000       0x24 ../CUDoom_2_bsp//libhal_bsp.a(alt_dev_llist_insert.o)
 .comment       0x00000000       0x24 ../CUDoom_2_bsp//libhal_bsp.a(alt_do_ctors.o)
 .comment       0x00000000       0x24 ../CUDoom_2_bsp//libhal_bsp.a(alt_do_dtors.o)
 .comment       0x00000000       0x24 ../CUDoom_2_bsp//libhal_bsp.a(alt_errno.o)
 .comment       0x00000000       0x24 ../CUDoom_2_bsp//libhal_bsp.a(alt_icache_flush_all.o)
 .comment       0x00000000       0x24 ../CUDoom_2_bsp//libhal_bsp.a(alt_iic.o)
 .comment       0x00000000       0x24 ../CUDoom_2_bsp//libhal_bsp.a(alt_iic_isr_register.o)
 .comment       0x00000000       0x24 ../CUDoom_2_bsp//libhal_bsp.a(alt_io_redirect.o)
 .comment       0x00000000       0x24 ../CUDoom_2_bsp//libhal_bsp.a(alt_irq_handler.o)
 .comment       0x00000000       0x24 ../CUDoom_2_bsp//libhal_bsp.a(alt_irq_vars.o)
 .comment       0x00000000       0x24 ../CUDoom_2_bsp//libhal_bsp.a(alt_open.o)
 .comment       0x00000000       0x24 ../CUDoom_2_bsp//libhal_bsp.a(alt_release_fd.o)
 .comment       0x00000000       0x24 ../CUDoom_2_bsp//libhal_bsp.a(alt_tick.o)
 .comment       0x00000000       0x24 ../CUDoom_2_bsp//libhal_bsp.a(altera_nios2_irq.o)
 .comment       0x00000000       0x24 ../CUDoom_2_bsp//libhal_bsp.a(alt_find_dev.o)
 .comment       0x00000000       0x24 ../CUDoom_2_bsp//libhal_bsp.a(alt_find_file.o)
 .comment       0x00000000       0x24 ../CUDoom_2_bsp//libhal_bsp.a(alt_get_fd.o)
 .comment       0x00000000       0x24 ../CUDoom_2_bsp//libhal_bsp.a(alt_icache_flush.o)
 .comment       0x00000000       0x24 /opt/altera/altera12.1/nios2eds/bin/gnu/H-i686-pc-linux-gnu/bin/../lib/gcc/nios2-elf/4.1.2/../../../../nios2-elf/lib/libc.a(lib_a-atexit.o)
 .comment       0x00000000       0x24 /opt/altera/altera12.1/nios2eds/bin/gnu/H-i686-pc-linux-gnu/bin/../lib/gcc/nios2-elf/4.1.2/../../../../nios2-elf/lib/libc.a(lib_a-exit.o)
 .comment       0x00000000       0x24 /opt/altera/altera12.1/nios2eds/bin/gnu/H-i686-pc-linux-gnu/bin/../lib/gcc/nios2-elf/4.1.2/../../../../nios2-elf/lib/libc.a(lib_a-impure.o)
 .comment       0x00000000       0x24 /opt/altera/altera12.1/nios2eds/bin/gnu/H-i686-pc-linux-gnu/bin/../lib/gcc/nios2-elf/4.1.2/../../../../nios2-elf/lib/libc.a(lib_a-int_errno.o)
 .comment       0x00000000       0x24 /opt/altera/altera12.1/nios2eds/bin/gnu/H-i686-pc-linux-gnu/bin/../lib/gcc/nios2-elf/4.1.2/../../../../nios2-elf/lib/libc.a(lib_a-memcmp.o)
 .comment       0x00000000       0x24 /opt/altera/altera12.1/nios2eds/bin/gnu/H-i686-pc-linux-gnu/bin/../lib/gcc/nios2-elf/4.1.2/../../../../nios2-elf/lib/libc.a(lib_a-memcpy.o)
 .comment       0x00000000       0x24 /opt/altera/altera12.1/nios2eds/bin/gnu/H-i686-pc-linux-gnu/bin/../lib/gcc/nios2-elf/4.1.2/../../../../nios2-elf/lib/libc.a(lib_a-strlen.o)
 .comment       0x00000000       0x24 /opt/altera/altera12.1/nios2eds/bin/gnu/H-i686-pc-linux-gnu/bin/../lib/gcc/nios2-elf/4.1.2/../../../../nios2-elf/lib/libc.a(lib_a-__atexit.o)
 .comment       0x00000000       0x24 /opt/altera/altera12.1/nios2eds/bin/gnu/H-i686-pc-linux-gnu/bin/../lib/gcc/nios2-elf/4.1.2/../../../../nios2-elf/lib/libc.a(lib_a-__call_atexit.o)
 .comment       0x00000000       0x24 ../CUDoom_2_bsp//libhal_bsp.a(alt_exit.o)

.debug
 *(.debug)

.line
 *(.line)

.debug_srcinfo
 *(.debug_srcinfo)

.debug_sfnames
 *(.debug_sfnames)

.debug_aranges  0x00000000      0x818
 *(.debug_aranges)
 .debug_aranges
                0x00000000       0x28 ../CUDoom_2_bsp//obj/HAL/src/crt0.o
 .debug_aranges
                0x00000028       0x20 obj/default/hello_world.o
 .debug_aranges
                0x00000048       0x20 /opt/altera/altera12.1/nios2eds/bin/gnu/H-i686-pc-linux-gnu/bin/../lib/gcc/nios2-elf/4.1.2/../../../../nios2-elf/lib/libm.a(lib_a-s_cos.o)
 .debug_aranges
                0x00000068       0x20 /opt/altera/altera12.1/nios2eds/bin/gnu/H-i686-pc-linux-gnu/bin/../lib/gcc/nios2-elf/4.1.2/../../../../nios2-elf/lib/libm.a(lib_a-s_sin.o)
 .debug_aranges
                0x00000088       0x20 /opt/altera/altera12.1/nios2eds/bin/gnu/H-i686-pc-linux-gnu/bin/../lib/gcc/nios2-elf/4.1.2/../../../../nios2-elf/lib/libm.a(lib_a-e_rem_pio2.o)
 .debug_aranges
                0x000000a8       0x20 /opt/altera/altera12.1/nios2eds/bin/gnu/H-i686-pc-linux-gnu/bin/../lib/gcc/nios2-elf/4.1.2/../../../../nios2-elf/lib/libm.a(lib_a-k_cos.o)
 .debug_aranges
                0x000000c8       0x20 /opt/altera/altera12.1/nios2eds/bin/gnu/H-i686-pc-linux-gnu/bin/../lib/gcc/nios2-elf/4.1.2/../../../../nios2-elf/lib/libm.a(lib_a-k_rem_pio2.o)
 .debug_aranges
                0x000000e8       0x20 /opt/altera/altera12.1/nios2eds/bin/gnu/H-i686-pc-linux-gnu/bin/../lib/gcc/nios2-elf/4.1.2/../../../../nios2-elf/lib/libm.a(lib_a-k_sin.o)
 .debug_aranges
                0x00000108       0x20 /opt/altera/altera12.1/nios2eds/bin/gnu/H-i686-pc-linux-gnu/bin/../lib/gcc/nios2-elf/4.1.2/../../../../nios2-elf/lib/libm.a(lib_a-s_fabs.o)
 .debug_aranges
                0x00000128       0x20 /opt/altera/altera12.1/nios2eds/bin/gnu/H-i686-pc-linux-gnu/bin/../lib/gcc/nios2-elf/4.1.2/../../../../nios2-elf/lib/libm.a(lib_a-s_floor.o)
 .debug_aranges
                0x00000148       0x20 /opt/altera/altera12.1/nios2eds/bin/gnu/H-i686-pc-linux-gnu/bin/../lib/gcc/nios2-elf/4.1.2/../../../../nios2-elf/lib/libm.a(lib_a-s_scalbn.o)
 .debug_aranges
                0x00000168       0x20 /opt/altera/altera12.1/nios2eds/bin/gnu/H-i686-pc-linux-gnu/bin/../lib/gcc/nios2-elf/4.1.2/../../../../nios2-elf/lib/libm.a(lib_a-s_copysign.o)
 .debug_aranges
                0x00000188       0x20 /opt/altera/altera12.1/nios2eds/bin/gnu/H-i686-pc-linux-gnu/bin/../lib/gcc/nios2-elf/4.1.2/libgcc.a(_addsub_df.o)
 .debug_aranges
                0x000001a8       0x20 /opt/altera/altera12.1/nios2eds/bin/gnu/H-i686-pc-linux-gnu/bin/../lib/gcc/nios2-elf/4.1.2/libgcc.a(_mul_df.o)
 .debug_aranges
                0x000001c8       0x20 /opt/altera/altera12.1/nios2eds/bin/gnu/H-i686-pc-linux-gnu/bin/../lib/gcc/nios2-elf/4.1.2/libgcc.a(_eq_df.o)
 .debug_aranges
                0x000001e8       0x20 /opt/altera/altera12.1/nios2eds/bin/gnu/H-i686-pc-linux-gnu/bin/../lib/gcc/nios2-elf/4.1.2/libgcc.a(_gt_df.o)
 .debug_aranges
                0x00000208       0x20 /opt/altera/altera12.1/nios2eds/bin/gnu/H-i686-pc-linux-gnu/bin/../lib/gcc/nios2-elf/4.1.2/libgcc.a(_ge_df.o)
 .debug_aranges
                0x00000228       0x20 /opt/altera/altera12.1/nios2eds/bin/gnu/H-i686-pc-linux-gnu/bin/../lib/gcc/nios2-elf/4.1.2/libgcc.a(_si_to_df.o)
 .debug_aranges
                0x00000248       0x20 /opt/altera/altera12.1/nios2eds/bin/gnu/H-i686-pc-linux-gnu/bin/../lib/gcc/nios2-elf/4.1.2/libgcc.a(_df_to_si.o)
 .debug_aranges
                0x00000268       0x20 /opt/altera/altera12.1/nios2eds/bin/gnu/H-i686-pc-linux-gnu/bin/../lib/gcc/nios2-elf/4.1.2/libgcc.a(lib2-divmod.o)
 .debug_aranges
                0x00000288       0x20 /opt/altera/altera12.1/nios2eds/bin/gnu/H-i686-pc-linux-gnu/bin/../lib/gcc/nios2-elf/4.1.2/libgcc.a(_muldi3.o)
 .debug_aranges
                0x000002a8       0x20 /opt/altera/altera12.1/nios2eds/bin/gnu/H-i686-pc-linux-gnu/bin/../lib/gcc/nios2-elf/4.1.2/libgcc.a(_clzsi2.o)
 .debug_aranges
                0x000002c8       0x20 /opt/altera/altera12.1/nios2eds/bin/gnu/H-i686-pc-linux-gnu/bin/../lib/gcc/nios2-elf/4.1.2/libgcc.a(_pack_df.o)
 .debug_aranges
                0x000002e8       0x20 /opt/altera/altera12.1/nios2eds/bin/gnu/H-i686-pc-linux-gnu/bin/../lib/gcc/nios2-elf/4.1.2/libgcc.a(_unpack_df.o)
 .debug_aranges
                0x00000308       0x20 /opt/altera/altera12.1/nios2eds/bin/gnu/H-i686-pc-linux-gnu/bin/../lib/gcc/nios2-elf/4.1.2/libgcc.a(_fpcmp_parts_df.o)
 .debug_aranges
                0x00000328       0x20 ../CUDoom_2_bsp//libhal_bsp.a(alt_load.o)
 .debug_aranges
                0x00000348       0x20 ../CUDoom_2_bsp//libhal_bsp.a(alt_main.o)
 .debug_aranges
                0x00000368       0x20 ../CUDoom_2_bsp//libhal_bsp.a(alt_sys_init.o)
 .debug_aranges
                0x00000388       0x20 ../CUDoom_2_bsp//libhal_bsp.a(altera_avalon_jtag_uart_fd.o)
 .debug_aranges
                0x000003a8       0x20 ../CUDoom_2_bsp//libhal_bsp.a(altera_avalon_jtag_uart_init.o)
 .debug_aranges
                0x000003c8       0x20 ../CUDoom_2_bsp//libhal_bsp.a(altera_avalon_jtag_uart_ioctl.o)
 .debug_aranges
                0x000003e8       0x20 ../CUDoom_2_bsp//libhal_bsp.a(altera_avalon_jtag_uart_read.o)
 .debug_aranges
                0x00000408       0x20 ../CUDoom_2_bsp//libhal_bsp.a(altera_avalon_jtag_uart_write.o)
 .debug_aranges
                0x00000428       0x20 ../CUDoom_2_bsp//libhal_bsp.a(alt_alarm_start.o)
 .debug_aranges
                0x00000448       0x20 ../CUDoom_2_bsp//libhal_bsp.a(alt_close.o)
 .debug_aranges
                0x00000468       0x20 ../CUDoom_2_bsp//libhal_bsp.a(alt_dcache_flush_all.o)
 .debug_aranges
                0x00000488       0x20 ../CUDoom_2_bsp//libhal_bsp.a(alt_dev.o)
 .debug_aranges
                0x000004a8       0x20 ../CUDoom_2_bsp//libhal_bsp.a(alt_dev_llist_insert.o)
 .debug_aranges
                0x000004c8       0x20 ../CUDoom_2_bsp//libhal_bsp.a(alt_do_ctors.o)
 .debug_aranges
                0x000004e8       0x20 ../CUDoom_2_bsp//libhal_bsp.a(alt_do_dtors.o)
 .debug_aranges
                0x00000508       0x20 ../CUDoom_2_bsp//libhal_bsp.a(alt_icache_flush_all.o)
 .debug_aranges
                0x00000528       0x20 ../CUDoom_2_bsp//libhal_bsp.a(alt_iic.o)
 .debug_aranges
                0x00000548       0x20 ../CUDoom_2_bsp//libhal_bsp.a(alt_iic_isr_register.o)
 .debug_aranges
                0x00000568       0x20 ../CUDoom_2_bsp//libhal_bsp.a(alt_io_redirect.o)
 .debug_aranges
                0x00000588       0x30 ../CUDoom_2_bsp//libhal_bsp.a(alt_irq_entry.o)
 .debug_aranges
                0x000005b8       0x28 ../CUDoom_2_bsp//libhal_bsp.a(alt_irq_handler.o)
 .debug_aranges
                0x000005e0       0x20 ../CUDoom_2_bsp//libhal_bsp.a(alt_open.o)
 .debug_aranges
                0x00000600       0x20 ../CUDoom_2_bsp//libhal_bsp.a(alt_release_fd.o)
 .debug_aranges
                0x00000620       0x20 ../CUDoom_2_bsp//libhal_bsp.a(alt_tick.o)
 .debug_aranges
                0x00000640       0x20 ../CUDoom_2_bsp//libhal_bsp.a(altera_nios2_irq.o)
 .debug_aranges
                0x00000660       0x38 ../CUDoom_2_bsp//libhal_bsp.a(alt_exception_entry.o)
 .debug_aranges
                0x00000698       0x20 ../CUDoom_2_bsp//libhal_bsp.a(alt_find_dev.o)
 .debug_aranges
                0x000006b8       0x20 ../CUDoom_2_bsp//libhal_bsp.a(alt_find_file.o)
 .debug_aranges
                0x000006d8       0x20 ../CUDoom_2_bsp//libhal_bsp.a(alt_get_fd.o)
 .debug_aranges
                0x000006f8       0x20 ../CUDoom_2_bsp//libhal_bsp.a(alt_icache_flush.o)
 .debug_aranges
                0x00000718       0x20 /opt/altera/altera12.1/nios2eds/bin/gnu/H-i686-pc-linux-gnu/bin/../lib/gcc/nios2-elf/4.1.2/../../../../nios2-elf/lib/libc.a(lib_a-atexit.o)
 .debug_aranges
                0x00000738       0x20 /opt/altera/altera12.1/nios2eds/bin/gnu/H-i686-pc-linux-gnu/bin/../lib/gcc/nios2-elf/4.1.2/../../../../nios2-elf/lib/libc.a(lib_a-exit.o)
 .debug_aranges
                0x00000758       0x20 /opt/altera/altera12.1/nios2eds/bin/gnu/H-i686-pc-linux-gnu/bin/../lib/gcc/nios2-elf/4.1.2/../../../../nios2-elf/lib/libc.a(lib_a-memcmp.o)
 .debug_aranges
                0x00000778       0x20 /opt/altera/altera12.1/nios2eds/bin/gnu/H-i686-pc-linux-gnu/bin/../lib/gcc/nios2-elf/4.1.2/../../../../nios2-elf/lib/libc.a(lib_a-memcpy.o)
 .debug_aranges
                0x00000798       0x20 /opt/altera/altera12.1/nios2eds/bin/gnu/H-i686-pc-linux-gnu/bin/../lib/gcc/nios2-elf/4.1.2/../../../../nios2-elf/lib/libc.a(lib_a-strlen.o)
 .debug_aranges
                0x000007b8       0x20 /opt/altera/altera12.1/nios2eds/bin/gnu/H-i686-pc-linux-gnu/bin/../lib/gcc/nios2-elf/4.1.2/../../../../nios2-elf/lib/libc.a(lib_a-__atexit.o)
 .debug_aranges
                0x000007d8       0x20 /opt/altera/altera12.1/nios2eds/bin/gnu/H-i686-pc-linux-gnu/bin/../lib/gcc/nios2-elf/4.1.2/../../../../nios2-elf/lib/libc.a(lib_a-__call_atexit.o)
 .debug_aranges
                0x000007f8       0x20 ../CUDoom_2_bsp//libhal_bsp.a(alt_exit.o)

.debug_pubnames
                0x00000000      0xbbd
 *(.debug_pubnames)
 .debug_pubnames
                0x00000000       0xc9 obj/default/hello_world.o
 .debug_pubnames
                0x000000c9       0x1a /opt/altera/altera12.1/nios2eds/bin/gnu/H-i686-pc-linux-gnu/bin/../lib/gcc/nios2-elf/4.1.2/../../../../nios2-elf/lib/libm.a(lib_a-s_cos.o)
 .debug_pubnames
                0x000000e3       0x1a /opt/altera/altera12.1/nios2eds/bin/gnu/H-i686-pc-linux-gnu/bin/../lib/gcc/nios2-elf/4.1.2/../../../../nios2-elf/lib/libm.a(lib_a-s_sin.o)
 .debug_pubnames
                0x000000fd       0x29 /opt/altera/altera12.1/nios2eds/bin/gnu/H-i686-pc-linux-gnu/bin/../lib/gcc/nios2-elf/4.1.2/../../../../nios2-elf/lib/libm.a(lib_a-e_rem_pio2.o)
 .debug_pubnames
                0x00000126       0x23 /opt/altera/altera12.1/nios2eds/bin/gnu/H-i686-pc-linux-gnu/bin/../lib/gcc/nios2-elf/4.1.2/../../../../nios2-elf/lib/libm.a(lib_a-k_cos.o)
 .debug_pubnames
                0x00000149       0x28 /opt/altera/altera12.1/nios2eds/bin/gnu/H-i686-pc-linux-gnu/bin/../lib/gcc/nios2-elf/4.1.2/../../../../nios2-elf/lib/libm.a(lib_a-k_rem_pio2.o)
 .debug_pubnames
                0x00000171       0x23 /opt/altera/altera12.1/nios2eds/bin/gnu/H-i686-pc-linux-gnu/bin/../lib/gcc/nios2-elf/4.1.2/../../../../nios2-elf/lib/libm.a(lib_a-k_sin.o)
 .debug_pubnames
                0x00000194       0x1b /opt/altera/altera12.1/nios2eds/bin/gnu/H-i686-pc-linux-gnu/bin/../lib/gcc/nios2-elf/4.1.2/../../../../nios2-elf/lib/libm.a(lib_a-s_fabs.o)
 .debug_pubnames
                0x000001af       0x1c /opt/altera/altera12.1/nios2eds/bin/gnu/H-i686-pc-linux-gnu/bin/../lib/gcc/nios2-elf/4.1.2/../../../../nios2-elf/lib/libm.a(lib_a-s_floor.o)
 .debug_pubnames
                0x000001cb       0x1d /opt/altera/altera12.1/nios2eds/bin/gnu/H-i686-pc-linux-gnu/bin/../lib/gcc/nios2-elf/4.1.2/../../../../nios2-elf/lib/libm.a(lib_a-s_scalbn.o)
 .debug_pubnames
                0x000001e8       0x1f /opt/altera/altera12.1/nios2eds/bin/gnu/H-i686-pc-linux-gnu/bin/../lib/gcc/nios2-elf/4.1.2/../../../../nios2-elf/lib/libm.a(lib_a-s_copysign.o)
 .debug_pubnames
                0x00000207       0x2c /opt/altera/altera12.1/nios2eds/bin/gnu/H-i686-pc-linux-gnu/bin/../lib/gcc/nios2-elf/4.1.2/libgcc.a(_addsub_df.o)
 .debug_pubnames
                0x00000233       0x1f /opt/altera/altera12.1/nios2eds/bin/gnu/H-i686-pc-linux-gnu/bin/../lib/gcc/nios2-elf/4.1.2/libgcc.a(_mul_df.o)
 .debug_pubnames
                0x00000252       0x1e /opt/altera/altera12.1/nios2eds/bin/gnu/H-i686-pc-linux-gnu/bin/../lib/gcc/nios2-elf/4.1.2/libgcc.a(_eq_df.o)
 .debug_pubnames
                0x00000270       0x1e /opt/altera/altera12.1/nios2eds/bin/gnu/H-i686-pc-linux-gnu/bin/../lib/gcc/nios2-elf/4.1.2/libgcc.a(_gt_df.o)
 .debug_pubnames
                0x0000028e       0x1e /opt/altera/altera12.1/nios2eds/bin/gnu/H-i686-pc-linux-gnu/bin/../lib/gcc/nios2-elf/4.1.2/libgcc.a(_ge_df.o)
 .debug_pubnames
                0x000002ac       0x22 /opt/altera/altera12.1/nios2eds/bin/gnu/H-i686-pc-linux-gnu/bin/../lib/gcc/nios2-elf/4.1.2/libgcc.a(_si_to_df.o)
 .debug_pubnames
                0x000002ce       0x20 /opt/altera/altera12.1/nios2eds/bin/gnu/H-i686-pc-linux-gnu/bin/../lib/gcc/nios2-elf/4.1.2/libgcc.a(_df_to_si.o)
 .debug_pubnames
                0x000002ee       0x22 /opt/altera/altera12.1/nios2eds/bin/gnu/H-i686-pc-linux-gnu/bin/../lib/gcc/nios2-elf/4.1.2/libgcc.a(_thenan_df.o)
 .debug_pubnames
                0x00000310       0x48 /opt/altera/altera12.1/nios2eds/bin/gnu/H-i686-pc-linux-gnu/bin/../lib/gcc/nios2-elf/4.1.2/libgcc.a(lib2-divmod.o)
 .debug_pubnames
                0x00000358       0x1f /opt/altera/altera12.1/nios2eds/bin/gnu/H-i686-pc-linux-gnu/bin/../lib/gcc/nios2-elf/4.1.2/libgcc.a(_muldi3.o)
 .debug_pubnames
                0x00000377       0x1f /opt/altera/altera12.1/nios2eds/bin/gnu/H-i686-pc-linux-gnu/bin/../lib/gcc/nios2-elf/4.1.2/libgcc.a(_clzsi2.o)
 .debug_pubnames
                0x00000396       0x1f /opt/altera/altera12.1/nios2eds/bin/gnu/H-i686-pc-linux-gnu/bin/../lib/gcc/nios2-elf/4.1.2/libgcc.a(_pack_df.o)
 .debug_pubnames
                0x000003b5       0x21 /opt/altera/altera12.1/nios2eds/bin/gnu/H-i686-pc-linux-gnu/bin/../lib/gcc/nios2-elf/4.1.2/libgcc.a(_unpack_df.o)
 .debug_pubnames
                0x000003d6       0x26 /opt/altera/altera12.1/nios2eds/bin/gnu/H-i686-pc-linux-gnu/bin/../lib/gcc/nios2-elf/4.1.2/libgcc.a(_fpcmp_parts_df.o)
 .debug_pubnames
                0x000003fc       0x20 /opt/altera/altera12.1/nios2eds/bin/gnu/H-i686-pc-linux-gnu/bin/../lib/gcc/nios2-elf/4.1.2/libgcc.a(_clz.o)
 .debug_pubnames
                0x0000041c       0x1f ../CUDoom_2_bsp//libhal_bsp.a(alt_load.o)
 .debug_pubnames
                0x0000043b       0x46 ../CUDoom_2_bsp//libhal_bsp.a(alt_main.o)
 .debug_pubnames
                0x00000481       0x34 ../CUDoom_2_bsp//libhal_bsp.a(alt_sys_init.o)
 .debug_pubnames
                0x000004b5       0xa5 ../CUDoom_2_bsp//libhal_bsp.a(altera_avalon_jtag_uart_fd.o)
 .debug_pubnames
                0x0000055a       0x55 ../CUDoom_2_bsp//libhal_bsp.a(altera_avalon_jtag_uart_init.o)
 .debug_pubnames
                0x000005af       0x34 ../CUDoom_2_bsp//libhal_bsp.a(altera_avalon_jtag_uart_ioctl.o)
 .debug_pubnames
                0x000005e3       0x33 ../CUDoom_2_bsp//libhal_bsp.a(altera_avalon_jtag_uart_read.o)
 .debug_pubnames
                0x00000616       0x34 ../CUDoom_2_bsp//libhal_bsp.a(altera_avalon_jtag_uart_write.o)
 .debug_pubnames
                0x0000064a       0x26 ../CUDoom_2_bsp//libhal_bsp.a(alt_alarm_start.o)
 .debug_pubnames
                0x00000670       0x1c ../CUDoom_2_bsp//libhal_bsp.a(alt_close.o)
 .debug_pubnames
                0x0000068c       0x2b ../CUDoom_2_bsp//libhal_bsp.a(alt_dcache_flush_all.o)
 .debug_pubnames
                0x000006b7       0x63 ../CUDoom_2_bsp//libhal_bsp.a(alt_dev.o)
 .debug_pubnames
                0x0000071a       0x2b ../CUDoom_2_bsp//libhal_bsp.a(alt_dev_llist_insert.o)
 .debug_pubnames
                0x00000745       0x20 ../CUDoom_2_bsp//libhal_bsp.a(alt_do_ctors.o)
 .debug_pubnames
                0x00000765       0x20 ../CUDoom_2_bsp//libhal_bsp.a(alt_do_dtors.o)
 .debug_pubnames
                0x00000785       0x20 ../CUDoom_2_bsp//libhal_bsp.a(alt_errno.o)
 .debug_pubnames
                0x000007a5       0x2b ../CUDoom_2_bsp//libhal_bsp.a(alt_icache_flush_all.o)
 .debug_pubnames
                0x000007d0       0x6e ../CUDoom_2_bsp//libhal_bsp.a(alt_iic.o)
 .debug_pubnames
                0x0000083e       0x2b ../CUDoom_2_bsp//libhal_bsp.a(alt_iic_isr_register.o)
 .debug_pubnames
                0x00000869       0x26 ../CUDoom_2_bsp//libhal_bsp.a(alt_io_redirect.o)
 .debug_pubnames
                0x0000088f       0x32 ../CUDoom_2_bsp//libhal_bsp.a(alt_irq_handler.o)
 .debug_pubnames
                0x000008c1       0x3b ../CUDoom_2_bsp//libhal_bsp.a(alt_irq_vars.o)
 .debug_pubnames
                0x000008fc       0x1b ../CUDoom_2_bsp//libhal_bsp.a(alt_open.o)
 .debug_pubnames
                0x00000917       0x25 ../CUDoom_2_bsp//libhal_bsp.a(alt_release_fd.o)
 .debug_pubnames
                0x0000093c       0x68 ../CUDoom_2_bsp//libhal_bsp.a(alt_tick.o)
 .debug_pubnames
                0x000009a4       0x2c ../CUDoom_2_bsp//libhal_bsp.a(altera_nios2_irq.o)
 .debug_pubnames
                0x000009d0       0x23 ../CUDoom_2_bsp//libhal_bsp.a(alt_find_dev.o)
 .debug_pubnames
                0x000009f3       0x24 ../CUDoom_2_bsp//libhal_bsp.a(alt_find_file.o)
 .debug_pubnames
                0x00000a17       0x21 ../CUDoom_2_bsp//libhal_bsp.a(alt_get_fd.o)
 .debug_pubnames
                0x00000a38       0x27 ../CUDoom_2_bsp//libhal_bsp.a(alt_icache_flush.o)
 .debug_pubnames
                0x00000a5f       0x2a /opt/altera/altera12.1/nios2eds/bin/gnu/H-i686-pc-linux-gnu/bin/../lib/gcc/nios2-elf/4.1.2/../../../../nios2-elf/lib/libc.a(lib_a-atexit.o)
 .debug_pubnames
                0x00000a89       0x1b /opt/altera/altera12.1/nios2eds/bin/gnu/H-i686-pc-linux-gnu/bin/../lib/gcc/nios2-elf/4.1.2/../../../../nios2-elf/lib/libc.a(lib_a-exit.o)
 .debug_pubnames
                0x00000aa4       0x39 /opt/altera/altera12.1/nios2eds/bin/gnu/H-i686-pc-linux-gnu/bin/../lib/gcc/nios2-elf/4.1.2/../../../../nios2-elf/lib/libc.a(lib_a-impure.o)
 .debug_pubnames
                0x00000add       0x1c /opt/altera/altera12.1/nios2eds/bin/gnu/H-i686-pc-linux-gnu/bin/../lib/gcc/nios2-elf/4.1.2/../../../../nios2-elf/lib/libc.a(lib_a-int_errno.o)
 .debug_pubnames
                0x00000af9       0x1d /opt/altera/altera12.1/nios2eds/bin/gnu/H-i686-pc-linux-gnu/bin/../lib/gcc/nios2-elf/4.1.2/../../../../nios2-elf/lib/libc.a(lib_a-memcmp.o)
 .debug_pubnames
                0x00000b16       0x1d /opt/altera/altera12.1/nios2eds/bin/gnu/H-i686-pc-linux-gnu/bin/../lib/gcc/nios2-elf/4.1.2/../../../../nios2-elf/lib/libc.a(lib_a-memcpy.o)
 .debug_pubnames
                0x00000b33       0x1d /opt/altera/altera12.1/nios2eds/bin/gnu/H-i686-pc-linux-gnu/bin/../lib/gcc/nios2-elf/4.1.2/../../../../nios2-elf/lib/libc.a(lib_a-strlen.o)
 .debug_pubnames
                0x00000b50       0x2a /opt/altera/altera12.1/nios2eds/bin/gnu/H-i686-pc-linux-gnu/bin/../lib/gcc/nios2-elf/4.1.2/../../../../nios2-elf/lib/libc.a(lib_a-__atexit.o)
 .debug_pubnames
                0x00000b7a       0x27 /opt/altera/altera12.1/nios2eds/bin/gnu/H-i686-pc-linux-gnu/bin/../lib/gcc/nios2-elf/4.1.2/../../../../nios2-elf/lib/libc.a(lib_a-__call_atexit.o)
 .debug_pubnames
                0x00000ba1       0x1c ../CUDoom_2_bsp//libhal_bsp.a(alt_exit.o)

.debug_info     0x00000000     0xd7f4
 *(.debug_info .gnu.linkonce.wi.*)
 .debug_info    0x00000000       0x6a ../CUDoom_2_bsp//obj/HAL/src/crt0.o
 .debug_info    0x0000006a      0x5c7 obj/default/hello_world.o
 .debug_info    0x00000631       0xfd /opt/altera/altera12.1/nios2eds/bin/gnu/H-i686-pc-linux-gnu/bin/../lib/gcc/nios2-elf/4.1.2/../../../../nios2-elf/lib/libm.a(lib_a-s_cos.o)
 .debug_info    0x0000072e       0xfd /opt/altera/altera12.1/nios2eds/bin/gnu/H-i686-pc-linux-gnu/bin/../lib/gcc/nios2-elf/4.1.2/../../../../nios2-elf/lib/libm.a(lib_a-s_sin.o)
 .debug_info    0x0000082b      0x364 /opt/altera/altera12.1/nios2eds/bin/gnu/H-i686-pc-linux-gnu/bin/../lib/gcc/nios2-elf/4.1.2/../../../../nios2-elf/lib/libm.a(lib_a-e_rem_pio2.o)
 .debug_info    0x00000b8f      0x21f /opt/altera/altera12.1/nios2eds/bin/gnu/H-i686-pc-linux-gnu/bin/../lib/gcc/nios2-elf/4.1.2/../../../../nios2-elf/lib/libm.a(lib_a-k_cos.o)
 .debug_info    0x00000dae      0x2e6 /opt/altera/altera12.1/nios2eds/bin/gnu/H-i686-pc-linux-gnu/bin/../lib/gcc/nios2-elf/4.1.2/../../../../nios2-elf/lib/libm.a(lib_a-k_rem_pio2.o)
 .debug_info    0x00001094      0x19e /opt/altera/altera12.1/nios2eds/bin/gnu/H-i686-pc-linux-gnu/bin/../lib/gcc/nios2-elf/4.1.2/../../../../nios2-elf/lib/libm.a(lib_a-k_sin.o)
 .debug_info    0x00001232      0x13b /opt/altera/altera12.1/nios2eds/bin/gnu/H-i686-pc-linux-gnu/bin/../lib/gcc/nios2-elf/4.1.2/../../../../nios2-elf/lib/libm.a(lib_a-s_fabs.o)
 .debug_info    0x0000136d      0x1bf /opt/altera/altera12.1/nios2eds/bin/gnu/H-i686-pc-linux-gnu/bin/../lib/gcc/nios2-elf/4.1.2/../../../../nios2-elf/lib/libm.a(lib_a-s_floor.o)
 .debug_info    0x0000152c      0x225 /opt/altera/altera12.1/nios2eds/bin/gnu/H-i686-pc-linux-gnu/bin/../lib/gcc/nios2-elf/4.1.2/../../../../nios2-elf/lib/libm.a(lib_a-s_scalbn.o)
 .debug_info    0x00001751      0x154 /opt/altera/altera12.1/nios2eds/bin/gnu/H-i686-pc-linux-gnu/bin/../lib/gcc/nios2-elf/4.1.2/../../../../nios2-elf/lib/libm.a(lib_a-s_copysign.o)
 .debug_info    0x000018a5      0x493 /opt/altera/altera12.1/nios2eds/bin/gnu/H-i686-pc-linux-gnu/bin/../lib/gcc/nios2-elf/4.1.2/libgcc.a(_addsub_df.o)
 .debug_info    0x00001d38      0x488 /opt/altera/altera12.1/nios2eds/bin/gnu/H-i686-pc-linux-gnu/bin/../lib/gcc/nios2-elf/4.1.2/libgcc.a(_mul_df.o)
 .debug_info    0x000021c0      0x29d /opt/altera/altera12.1/nios2eds/bin/gnu/H-i686-pc-linux-gnu/bin/../lib/gcc/nios2-elf/4.1.2/libgcc.a(_eq_df.o)
 .debug_info    0x0000245d      0x29d /opt/altera/altera12.1/nios2eds/bin/gnu/H-i686-pc-linux-gnu/bin/../lib/gcc/nios2-elf/4.1.2/libgcc.a(_gt_df.o)
 .debug_info    0x000026fa      0x29d /opt/altera/altera12.1/nios2eds/bin/gnu/H-i686-pc-linux-gnu/bin/../lib/gcc/nios2-elf/4.1.2/libgcc.a(_ge_df.o)
 .debug_info    0x00002997      0x218 /opt/altera/altera12.1/nios2eds/bin/gnu/H-i686-pc-linux-gnu/bin/../lib/gcc/nios2-elf/4.1.2/libgcc.a(_si_to_df.o)
 .debug_info    0x00002baf      0x2cd /opt/altera/altera12.1/nios2eds/bin/gnu/H-i686-pc-linux-gnu/bin/../lib/gcc/nios2-elf/4.1.2/libgcc.a(_df_to_si.o)
 .debug_info    0x00002e7c      0x164 /opt/altera/altera12.1/nios2eds/bin/gnu/H-i686-pc-linux-gnu/bin/../lib/gcc/nios2-elf/4.1.2/libgcc.a(_thenan_df.o)
 .debug_info    0x00002fe0      0x21c /opt/altera/altera12.1/nios2eds/bin/gnu/H-i686-pc-linux-gnu/bin/../lib/gcc/nios2-elf/4.1.2/libgcc.a(lib2-divmod.o)
 .debug_info    0x000031fc      0x215 /opt/altera/altera12.1/nios2eds/bin/gnu/H-i686-pc-linux-gnu/bin/../lib/gcc/nios2-elf/4.1.2/libgcc.a(_muldi3.o)
 .debug_info    0x00003411      0x130 /opt/altera/altera12.1/nios2eds/bin/gnu/H-i686-pc-linux-gnu/bin/../lib/gcc/nios2-elf/4.1.2/libgcc.a(_clzsi2.o)
 .debug_info    0x00003541      0x2fc /opt/altera/altera12.1/nios2eds/bin/gnu/H-i686-pc-linux-gnu/bin/../lib/gcc/nios2-elf/4.1.2/libgcc.a(_pack_df.o)
 .debug_info    0x0000383d      0x268 /opt/altera/altera12.1/nios2eds/bin/gnu/H-i686-pc-linux-gnu/bin/../lib/gcc/nios2-elf/4.1.2/libgcc.a(_unpack_df.o)
 .debug_info    0x00003aa5      0x21b /opt/altera/altera12.1/nios2eds/bin/gnu/H-i686-pc-linux-gnu/bin/../lib/gcc/nios2-elf/4.1.2/libgcc.a(_fpcmp_parts_df.o)
 .debug_info    0x00003cc0       0xc9 /opt/altera/altera12.1/nios2eds/bin/gnu/H-i686-pc-linux-gnu/bin/../lib/gcc/nios2-elf/4.1.2/libgcc.a(_clz.o)
 .debug_info    0x00003d89      0x27c ../CUDoom_2_bsp//libhal_bsp.a(alt_load.o)
 .debug_info    0x00004005      0x214 ../CUDoom_2_bsp//libhal_bsp.a(alt_main.o)
 .debug_info    0x00004219      0x6c7 ../CUDoom_2_bsp//libhal_bsp.a(alt_sys_init.o)
 .debug_info    0x000048e0      0x7c8 ../CUDoom_2_bsp//libhal_bsp.a(altera_avalon_jtag_uart_fd.o)
 .debug_info    0x000050a8      0x5f0 ../CUDoom_2_bsp//libhal_bsp.a(altera_avalon_jtag_uart_init.o)
 .debug_info    0x00005698      0x432 ../CUDoom_2_bsp//libhal_bsp.a(altera_avalon_jtag_uart_ioctl.o)
 .debug_info    0x00005aca      0x535 ../CUDoom_2_bsp//libhal_bsp.a(altera_avalon_jtag_uart_read.o)
 .debug_info    0x00005fff      0x52d ../CUDoom_2_bsp//libhal_bsp.a(altera_avalon_jtag_uart_write.o)
 .debug_info    0x0000652c      0x431 ../CUDoom_2_bsp//libhal_bsp.a(alt_alarm_start.o)
 .debug_info    0x0000695d      0x456 ../CUDoom_2_bsp//libhal_bsp.a(alt_close.o)
 .debug_info    0x00006db3      0x14b ../CUDoom_2_bsp//libhal_bsp.a(alt_dcache_flush_all.o)
 .debug_info    0x00006efe      0x66e ../CUDoom_2_bsp//libhal_bsp.a(alt_dev.o)
 .debug_info    0x0000756c      0x2a6 ../CUDoom_2_bsp//libhal_bsp.a(alt_dev_llist_insert.o)
 .debug_info    0x00007812       0xfe ../CUDoom_2_bsp//libhal_bsp.a(alt_do_ctors.o)
 .debug_info    0x00007910       0xfd ../CUDoom_2_bsp//libhal_bsp.a(alt_do_dtors.o)
 .debug_info    0x00007a0d      0x153 ../CUDoom_2_bsp//libhal_bsp.a(alt_errno.o)
 .debug_info    0x00007b60      0x14b ../CUDoom_2_bsp//libhal_bsp.a(alt_icache_flush_all.o)
 .debug_info    0x00007cab      0x482 ../CUDoom_2_bsp//libhal_bsp.a(alt_iic.o)
 .debug_info    0x0000812d      0x303 ../CUDoom_2_bsp//libhal_bsp.a(alt_iic_isr_register.o)
 .debug_info    0x00008430      0x684 ../CUDoom_2_bsp//libhal_bsp.a(alt_io_redirect.o)
 .debug_info    0x00008ab4       0x73 ../CUDoom_2_bsp//libhal_bsp.a(alt_irq_entry.o)
 .debug_info    0x00008b27      0x264 ../CUDoom_2_bsp//libhal_bsp.a(alt_irq_handler.o)
 .debug_info    0x00008d8b      0x156 ../CUDoom_2_bsp//libhal_bsp.a(alt_irq_vars.o)
 .debug_info    0x00008ee1      0x514 ../CUDoom_2_bsp//libhal_bsp.a(alt_open.o)
 .debug_info    0x000093f5      0x3e1 ../CUDoom_2_bsp//libhal_bsp.a(alt_release_fd.o)
 .debug_info    0x000097d6      0x3ed ../CUDoom_2_bsp//libhal_bsp.a(alt_tick.o)
 .debug_info    0x00009bc3      0x148 ../CUDoom_2_bsp//libhal_bsp.a(altera_nios2_irq.o)
 .debug_info    0x00009d0b       0x79 ../CUDoom_2_bsp//libhal_bsp.a(alt_exception_entry.o)
 .debug_info    0x00009d84      0x407 ../CUDoom_2_bsp//libhal_bsp.a(alt_find_dev.o)
 .debug_info    0x0000a18b      0x40e ../CUDoom_2_bsp//libhal_bsp.a(alt_find_file.o)
 .debug_info    0x0000a599      0x44f ../CUDoom_2_bsp//libhal_bsp.a(alt_get_fd.o)
 .debug_info    0x0000a9e8      0x193 ../CUDoom_2_bsp//libhal_bsp.a(alt_icache_flush.o)
 .debug_info    0x0000ab7b      0x181 /opt/altera/altera12.1/nios2eds/bin/gnu/H-i686-pc-linux-gnu/bin/../lib/gcc/nios2-elf/4.1.2/../../../../nios2-elf/lib/libc.a(lib_a-atexit.o)
 .debug_info    0x0000acfc      0x93f /opt/altera/altera12.1/nios2eds/bin/gnu/H-i686-pc-linux-gnu/bin/../lib/gcc/nios2-elf/4.1.2/../../../../nios2-elf/lib/libc.a(lib_a-exit.o)
 .debug_info    0x0000b63b      0x93d /opt/altera/altera12.1/nios2eds/bin/gnu/H-i686-pc-linux-gnu/bin/../lib/gcc/nios2-elf/4.1.2/../../../../nios2-elf/lib/libc.a(lib_a-impure.o)
 .debug_info    0x0000bf78       0x8c /opt/altera/altera12.1/nios2eds/bin/gnu/H-i686-pc-linux-gnu/bin/../lib/gcc/nios2-elf/4.1.2/../../../../nios2-elf/lib/libc.a(lib_a-int_errno.o)
 .debug_info    0x0000c004      0x115 /opt/altera/altera12.1/nios2eds/bin/gnu/H-i686-pc-linux-gnu/bin/../lib/gcc/nios2-elf/4.1.2/../../../../nios2-elf/lib/libc.a(lib_a-memcmp.o)
 .debug_info    0x0000c119      0x106 /opt/altera/altera12.1/nios2eds/bin/gnu/H-i686-pc-linux-gnu/bin/../lib/gcc/nios2-elf/4.1.2/../../../../nios2-elf/lib/libc.a(lib_a-memcpy.o)
 .debug_info    0x0000c21f       0xdb /opt/altera/altera12.1/nios2eds/bin/gnu/H-i686-pc-linux-gnu/bin/../lib/gcc/nios2-elf/4.1.2/../../../../nios2-elf/lib/libc.a(lib_a-strlen.o)
 .debug_info    0x0000c2fa      0x99c /opt/altera/altera12.1/nios2eds/bin/gnu/H-i686-pc-linux-gnu/bin/../lib/gcc/nios2-elf/4.1.2/../../../../nios2-elf/lib/libc.a(lib_a-__atexit.o)
 .debug_info    0x0000cc96      0x9e2 /opt/altera/altera12.1/nios2eds/bin/gnu/H-i686-pc-linux-gnu/bin/../lib/gcc/nios2-elf/4.1.2/../../../../nios2-elf/lib/libc.a(lib_a-__call_atexit.o)
 .debug_info    0x0000d678      0x17c ../CUDoom_2_bsp//libhal_bsp.a(alt_exit.o)

.debug_abbrev   0x00000000     0x3f63
 *(.debug_abbrev)
 .debug_abbrev  0x00000000       0x12 ../CUDoom_2_bsp//obj/HAL/src/crt0.o
 .debug_abbrev  0x00000012       0xe7 obj/default/hello_world.o
 .debug_abbrev  0x000000f9       0x9a /opt/altera/altera12.1/nios2eds/bin/gnu/H-i686-pc-linux-gnu/bin/../lib/gcc/nios2-elf/4.1.2/../../../../nios2-elf/lib/libm.a(lib_a-s_cos.o)
 .debug_abbrev  0x00000193       0x9a /opt/altera/altera12.1/nios2eds/bin/gnu/H-i686-pc-linux-gnu/bin/../lib/gcc/nios2-elf/4.1.2/../../../../nios2-elf/lib/libm.a(lib_a-s_sin.o)
 .debug_abbrev  0x0000022d      0x135 /opt/altera/altera12.1/nios2eds/bin/gnu/H-i686-pc-linux-gnu/bin/../lib/gcc/nios2-elf/4.1.2/../../../../nios2-elf/lib/libm.a(lib_a-e_rem_pio2.o)
 .debug_abbrev  0x00000362       0xec /opt/altera/altera12.1/nios2eds/bin/gnu/H-i686-pc-linux-gnu/bin/../lib/gcc/nios2-elf/4.1.2/../../../../nios2-elf/lib/libm.a(lib_a-k_cos.o)
 .debug_abbrev  0x0000044e      0x104 /opt/altera/altera12.1/nios2eds/bin/gnu/H-i686-pc-linux-gnu/bin/../lib/gcc/nios2-elf/4.1.2/../../../../nios2-elf/lib/libm.a(lib_a-k_rem_pio2.o)
 .debug_abbrev  0x00000552       0xa0 /opt/altera/altera12.1/nios2eds/bin/gnu/H-i686-pc-linux-gnu/bin/../lib/gcc/nios2-elf/4.1.2/../../../../nios2-elf/lib/libm.a(lib_a-k_sin.o)
 .debug_abbrev  0x000005f2       0xc3 /opt/altera/altera12.1/nios2eds/bin/gnu/H-i686-pc-linux-gnu/bin/../lib/gcc/nios2-elf/4.1.2/../../../../nios2-elf/lib/libm.a(lib_a-s_fabs.o)
 .debug_abbrev  0x000006b5       0xea /opt/altera/altera12.1/nios2eds/bin/gnu/H-i686-pc-linux-gnu/bin/../lib/gcc/nios2-elf/4.1.2/../../../../nios2-elf/lib/libm.a(lib_a-s_floor.o)
 .debug_abbrev  0x0000079f       0xf5 /opt/altera/altera12.1/nios2eds/bin/gnu/H-i686-pc-linux-gnu/bin/../lib/gcc/nios2-elf/4.1.2/../../../../nios2-elf/lib/libm.a(lib_a-s_scalbn.o)
 .debug_abbrev  0x00000894       0xc3 /opt/altera/altera12.1/nios2eds/bin/gnu/H-i686-pc-linux-gnu/bin/../lib/gcc/nios2-elf/4.1.2/../../../../nios2-elf/lib/libm.a(lib_a-s_copysign.o)
 .debug_abbrev  0x00000957      0x1d2 /opt/altera/altera12.1/nios2eds/bin/gnu/H-i686-pc-linux-gnu/bin/../lib/gcc/nios2-elf/4.1.2/libgcc.a(_addsub_df.o)
 .debug_abbrev  0x00000b29      0x204 /opt/altera/altera12.1/nios2eds/bin/gnu/H-i686-pc-linux-gnu/bin/../lib/gcc/nios2-elf/4.1.2/libgcc.a(_mul_df.o)
 .debug_abbrev  0x00000d2d      0x151 /opt/altera/altera12.1/nios2eds/bin/gnu/H-i686-pc-linux-gnu/bin/../lib/gcc/nios2-elf/4.1.2/libgcc.a(_eq_df.o)
 .debug_abbrev  0x00000e7e      0x151 /opt/altera/altera12.1/nios2eds/bin/gnu/H-i686-pc-linux-gnu/bin/../lib/gcc/nios2-elf/4.1.2/libgcc.a(_gt_df.o)
 .debug_abbrev  0x00000fcf      0x151 /opt/altera/altera12.1/nios2eds/bin/gnu/H-i686-pc-linux-gnu/bin/../lib/gcc/nios2-elf/4.1.2/libgcc.a(_ge_df.o)
 .debug_abbrev  0x00001120      0x13f /opt/altera/altera12.1/nios2eds/bin/gnu/H-i686-pc-linux-gnu/bin/../lib/gcc/nios2-elf/4.1.2/libgcc.a(_si_to_df.o)
 .debug_abbrev  0x0000125f      0x176 /opt/altera/altera12.1/nios2eds/bin/gnu/H-i686-pc-linux-gnu/bin/../lib/gcc/nios2-elf/4.1.2/libgcc.a(_df_to_si.o)
 .debug_abbrev  0x000013d5       0xba /opt/altera/altera12.1/nios2eds/bin/gnu/H-i686-pc-linux-gnu/bin/../lib/gcc/nios2-elf/4.1.2/libgcc.a(_thenan_df.o)
 .debug_abbrev  0x0000148f       0xe0 /opt/altera/altera12.1/nios2eds/bin/gnu/H-i686-pc-linux-gnu/bin/../lib/gcc/nios2-elf/4.1.2/libgcc.a(lib2-divmod.o)
 .debug_abbrev  0x0000156f       0xee /opt/altera/altera12.1/nios2eds/bin/gnu/H-i686-pc-linux-gnu/bin/../lib/gcc/nios2-elf/4.1.2/libgcc.a(_muldi3.o)
 .debug_abbrev  0x0000165d       0xb9 /opt/altera/altera12.1/nios2eds/bin/gnu/H-i686-pc-linux-gnu/bin/../lib/gcc/nios2-elf/4.1.2/libgcc.a(_clzsi2.o)
 .debug_abbrev  0x00001716      0x1b1 /opt/altera/altera12.1/nios2eds/bin/gnu/H-i686-pc-linux-gnu/bin/../lib/gcc/nios2-elf/4.1.2/libgcc.a(_pack_df.o)
 .debug_abbrev  0x000018c7      0x149 /opt/altera/altera12.1/nios2eds/bin/gnu/H-i686-pc-linux-gnu/bin/../lib/gcc/nios2-elf/4.1.2/libgcc.a(_unpack_df.o)
 .debug_abbrev  0x00001a10      0x132 /opt/altera/altera12.1/nios2eds/bin/gnu/H-i686-pc-linux-gnu/bin/../lib/gcc/nios2-elf/4.1.2/libgcc.a(_fpcmp_parts_df.o)
 .debug_abbrev  0x00001b42       0x61 /opt/altera/altera12.1/nios2eds/bin/gnu/H-i686-pc-linux-gnu/bin/../lib/gcc/nios2-elf/4.1.2/libgcc.a(_clz.o)
 .debug_abbrev  0x00001ba3       0x88 ../CUDoom_2_bsp//libhal_bsp.a(alt_load.o)
 .debug_abbrev  0x00001c2b       0xb7 ../CUDoom_2_bsp//libhal_bsp.a(alt_main.o)
 .debug_abbrev  0x00001ce2      0x142 ../CUDoom_2_bsp//libhal_bsp.a(alt_sys_init.o)
 .debug_abbrev  0x00001e24       0xf7 ../CUDoom_2_bsp//libhal_bsp.a(altera_avalon_jtag_uart_fd.o)
 .debug_abbrev  0x00001f1b      0x17c ../CUDoom_2_bsp//libhal_bsp.a(altera_avalon_jtag_uart_init.o)
 .debug_abbrev  0x00002097       0xf0 ../CUDoom_2_bsp//libhal_bsp.a(altera_avalon_jtag_uart_ioctl.o)
 .debug_abbrev  0x00002187      0x191 ../CUDoom_2_bsp//libhal_bsp.a(altera_avalon_jtag_uart_read.o)
 .debug_abbrev  0x00002318      0x18d ../CUDoom_2_bsp//libhal_bsp.a(altera_avalon_jtag_uart_write.o)
 .debug_abbrev  0x000024a5      0x172 ../CUDoom_2_bsp//libhal_bsp.a(alt_alarm_start.o)
 .debug_abbrev  0x00002617       0xfb ../CUDoom_2_bsp//libhal_bsp.a(alt_close.o)
 .debug_abbrev  0x00002712       0x3f ../CUDoom_2_bsp//libhal_bsp.a(alt_dcache_flush_all.o)
 .debug_abbrev  0x00002751       0xc7 ../CUDoom_2_bsp//libhal_bsp.a(alt_dev.o)
 .debug_abbrev  0x00002818       0xf6 ../CUDoom_2_bsp//libhal_bsp.a(alt_dev_llist_insert.o)
 .debug_abbrev  0x0000290e       0x76 ../CUDoom_2_bsp//libhal_bsp.a(alt_do_ctors.o)
 .debug_abbrev  0x00002984       0x76 ../CUDoom_2_bsp//libhal_bsp.a(alt_do_dtors.o)
 .debug_abbrev  0x000029fa       0x5e ../CUDoom_2_bsp//libhal_bsp.a(alt_errno.o)
 .debug_abbrev  0x00002a58       0x3f ../CUDoom_2_bsp//libhal_bsp.a(alt_icache_flush_all.o)
 .debug_abbrev  0x00002a97      0x134 ../CUDoom_2_bsp//libhal_bsp.a(alt_iic.o)
 .debug_abbrev  0x00002bcb      0x14e ../CUDoom_2_bsp//libhal_bsp.a(alt_iic_isr_register.o)
 .debug_abbrev  0x00002d19       0xf0 ../CUDoom_2_bsp//libhal_bsp.a(alt_io_redirect.o)
 .debug_abbrev  0x00002e09       0x12 ../CUDoom_2_bsp//libhal_bsp.a(alt_irq_entry.o)
 .debug_abbrev  0x00002e1b      0x10c ../CUDoom_2_bsp//libhal_bsp.a(alt_irq_handler.o)
 .debug_abbrev  0x00002f27       0x44 ../CUDoom_2_bsp//libhal_bsp.a(alt_irq_vars.o)
 .debug_abbrev  0x00002f6b      0x112 ../CUDoom_2_bsp//libhal_bsp.a(alt_open.o)
 .debug_abbrev  0x0000307d       0xc1 ../CUDoom_2_bsp//libhal_bsp.a(alt_release_fd.o)
 .debug_abbrev  0x0000313e      0x150 ../CUDoom_2_bsp//libhal_bsp.a(alt_tick.o)
 .debug_abbrev  0x0000328e       0x3f ../CUDoom_2_bsp//libhal_bsp.a(altera_nios2_irq.o)
 .debug_abbrev  0x000032cd       0x12 ../CUDoom_2_bsp//libhal_bsp.a(alt_exception_entry.o)
 .debug_abbrev  0x000032df       0xcf ../CUDoom_2_bsp//libhal_bsp.a(alt_find_dev.o)
 .debug_abbrev  0x000033ae       0xcf ../CUDoom_2_bsp//libhal_bsp.a(alt_find_file.o)
 .debug_abbrev  0x0000347d       0xfb ../CUDoom_2_bsp//libhal_bsp.a(alt_get_fd.o)
 .debug_abbrev  0x00003578       0x7a ../CUDoom_2_bsp//libhal_bsp.a(alt_icache_flush.o)
 .debug_abbrev  0x000035f2       0xb7 /opt/altera/altera12.1/nios2eds/bin/gnu/H-i686-pc-linux-gnu/bin/../lib/gcc/nios2-elf/4.1.2/../../../../nios2-elf/lib/libc.a(lib_a-atexit.o)
 .debug_abbrev  0x000036a9      0x16e /opt/altera/altera12.1/nios2eds/bin/gnu/H-i686-pc-linux-gnu/bin/../lib/gcc/nios2-elf/4.1.2/../../../../nios2-elf/lib/libc.a(lib_a-exit.o)
 .debug_abbrev  0x00003817      0x157 /opt/altera/altera12.1/nios2eds/bin/gnu/H-i686-pc-linux-gnu/bin/../lib/gcc/nios2-elf/4.1.2/../../../../nios2-elf/lib/libc.a(lib_a-impure.o)
 .debug_abbrev  0x0000396e       0x3b /opt/altera/altera12.1/nios2eds/bin/gnu/H-i686-pc-linux-gnu/bin/../lib/gcc/nios2-elf/4.1.2/../../../../nios2-elf/lib/libc.a(lib_a-int_errno.o)
 .debug_abbrev  0x000039a9       0x7c /opt/altera/altera12.1/nios2eds/bin/gnu/H-i686-pc-linux-gnu/bin/../lib/gcc/nios2-elf/4.1.2/../../../../nios2-elf/lib/libc.a(lib_a-memcmp.o)
 .debug_abbrev  0x00003a25       0xb5 /opt/altera/altera12.1/nios2eds/bin/gnu/H-i686-pc-linux-gnu/bin/../lib/gcc/nios2-elf/4.1.2/../../../../nios2-elf/lib/libc.a(lib_a-memcpy.o)
 .debug_abbrev  0x00003ada       0x8b /opt/altera/altera12.1/nios2eds/bin/gnu/H-i686-pc-linux-gnu/bin/../lib/gcc/nios2-elf/4.1.2/../../../../nios2-elf/lib/libc.a(lib_a-strlen.o)
 .debug_abbrev  0x00003b65      0x1ae /opt/altera/altera12.1/nios2eds/bin/gnu/H-i686-pc-linux-gnu/bin/../lib/gcc/nios2-elf/4.1.2/../../../../nios2-elf/lib/libc.a(lib_a-__atexit.o)
 .debug_abbrev  0x00003d13      0x1de /opt/altera/altera12.1/nios2eds/bin/gnu/H-i686-pc-linux-gnu/bin/../lib/gcc/nios2-elf/4.1.2/../../../../nios2-elf/lib/libc.a(lib_a-__call_atexit.o)
 .debug_abbrev  0x00003ef1       0x72 ../CUDoom_2_bsp//libhal_bsp.a(alt_exit.o)

.debug_line     0x00000000     0xa671
 *(.debug_line)
 .debug_line    0x00000000       0x6c ../CUDoom_2_bsp//obj/HAL/src/crt0.o
 .debug_line    0x0000006c      0x5ec obj/default/hello_world.o
 .debug_line    0x00000658      0x299 /opt/altera/altera12.1/nios2eds/bin/gnu/H-i686-pc-linux-gnu/bin/../lib/gcc/nios2-elf/4.1.2/../../../../nios2-elf/lib/libm.a(lib_a-s_cos.o)
 .debug_line    0x000008f1      0x299 /opt/altera/altera12.1/nios2eds/bin/gnu/H-i686-pc-linux-gnu/bin/../lib/gcc/nios2-elf/4.1.2/../../../../nios2-elf/lib/libm.a(lib_a-s_sin.o)
 .debug_line    0x00000b8a      0x652 /opt/altera/altera12.1/nios2eds/bin/gnu/H-i686-pc-linux-gnu/bin/../lib/gcc/nios2-elf/4.1.2/../../../../nios2-elf/lib/libm.a(lib_a-e_rem_pio2.o)
 .debug_line    0x000011dc      0x2bd /opt/altera/altera12.1/nios2eds/bin/gnu/H-i686-pc-linux-gnu/bin/../lib/gcc/nios2-elf/4.1.2/../../../../nios2-elf/lib/libm.a(lib_a-k_cos.o)
 .debug_line    0x00001499      0x8d2 /opt/altera/altera12.1/nios2eds/bin/gnu/H-i686-pc-linux-gnu/bin/../lib/gcc/nios2-elf/4.1.2/../../../../nios2-elf/lib/libm.a(lib_a-k_rem_pio2.o)
 .debug_line    0x00001d6b      0x2a9 /opt/altera/altera12.1/nios2eds/bin/gnu/H-i686-pc-linux-gnu/bin/../lib/gcc/nios2-elf/4.1.2/../../../../nios2-elf/lib/libm.a(lib_a-k_sin.o)
 .debug_line    0x00002014      0x222 /opt/altera/altera12.1/nios2eds/bin/gnu/H-i686-pc-linux-gnu/bin/../lib/gcc/nios2-elf/4.1.2/../../../../nios2-elf/lib/libm.a(lib_a-s_fabs.o)
 .debug_line    0x00002236      0x301 /opt/altera/altera12.1/nios2eds/bin/gnu/H-i686-pc-linux-gnu/bin/../lib/gcc/nios2-elf/4.1.2/../../../../nios2-elf/lib/libm.a(lib_a-s_floor.o)
 .debug_line    0x00002537      0x328 /opt/altera/altera12.1/nios2eds/bin/gnu/H-i686-pc-linux-gnu/bin/../lib/gcc/nios2-elf/4.1.2/../../../../nios2-elf/lib/libm.a(lib_a-s_scalbn.o)
 .debug_line    0x0000285f      0x226 /opt/altera/altera12.1/nios2eds/bin/gnu/H-i686-pc-linux-gnu/bin/../lib/gcc/nios2-elf/4.1.2/../../../../nios2-elf/lib/libm.a(lib_a-s_copysign.o)
 .debug_line    0x00002a85      0x430 /opt/altera/altera12.1/nios2eds/bin/gnu/H-i686-pc-linux-gnu/bin/../lib/gcc/nios2-elf/4.1.2/libgcc.a(_addsub_df.o)
 .debug_line    0x00002eb5      0x3e5 /opt/altera/altera12.1/nios2eds/bin/gnu/H-i686-pc-linux-gnu/bin/../lib/gcc/nios2-elf/4.1.2/libgcc.a(_mul_df.o)
 .debug_line    0x0000329a      0x129 /opt/altera/altera12.1/nios2eds/bin/gnu/H-i686-pc-linux-gnu/bin/../lib/gcc/nios2-elf/4.1.2/libgcc.a(_eq_df.o)
 .debug_line    0x000033c3      0x129 /opt/altera/altera12.1/nios2eds/bin/gnu/H-i686-pc-linux-gnu/bin/../lib/gcc/nios2-elf/4.1.2/libgcc.a(_gt_df.o)
 .debug_line    0x000034ec      0x129 /opt/altera/altera12.1/nios2eds/bin/gnu/H-i686-pc-linux-gnu/bin/../lib/gcc/nios2-elf/4.1.2/libgcc.a(_ge_df.o)
 .debug_line    0x00003615      0x175 /opt/altera/altera12.1/nios2eds/bin/gnu/H-i686-pc-linux-gnu/bin/../lib/gcc/nios2-elf/4.1.2/libgcc.a(_si_to_df.o)
 .debug_line    0x0000378a      0x149 /opt/altera/altera12.1/nios2eds/bin/gnu/H-i686-pc-linux-gnu/bin/../lib/gcc/nios2-elf/4.1.2/libgcc.a(_df_to_si.o)
 .debug_line    0x000038d3       0x94 /opt/altera/altera12.1/nios2eds/bin/gnu/H-i686-pc-linux-gnu/bin/../lib/gcc/nios2-elf/4.1.2/libgcc.a(_thenan_df.o)
 .debug_line    0x00003967      0x2c3 /opt/altera/altera12.1/nios2eds/bin/gnu/H-i686-pc-linux-gnu/bin/../lib/gcc/nios2-elf/4.1.2/libgcc.a(lib2-divmod.o)
 .debug_line    0x00003c2a      0x193 /opt/altera/altera12.1/nios2eds/bin/gnu/H-i686-pc-linux-gnu/bin/../lib/gcc/nios2-elf/4.1.2/libgcc.a(_muldi3.o)
 .debug_line    0x00003dbd      0x179 /opt/altera/altera12.1/nios2eds/bin/gnu/H-i686-pc-linux-gnu/bin/../lib/gcc/nios2-elf/4.1.2/libgcc.a(_clzsi2.o)
 .debug_line    0x00003f36      0x222 /opt/altera/altera12.1/nios2eds/bin/gnu/H-i686-pc-linux-gnu/bin/../lib/gcc/nios2-elf/4.1.2/libgcc.a(_pack_df.o)
 .debug_line    0x00004158      0x1e4 /opt/altera/altera12.1/nios2eds/bin/gnu/H-i686-pc-linux-gnu/bin/../lib/gcc/nios2-elf/4.1.2/libgcc.a(_unpack_df.o)
 .debug_line    0x0000433c      0x187 /opt/altera/altera12.1/nios2eds/bin/gnu/H-i686-pc-linux-gnu/bin/../lib/gcc/nios2-elf/4.1.2/libgcc.a(_fpcmp_parts_df.o)
 .debug_line    0x000044c3      0x11e /opt/altera/altera12.1/nios2eds/bin/gnu/H-i686-pc-linux-gnu/bin/../lib/gcc/nios2-elf/4.1.2/libgcc.a(_clz.o)
 .debug_line    0x000045e1      0x22b ../CUDoom_2_bsp//libhal_bsp.a(alt_load.o)
 .debug_line    0x0000480c      0x2de ../CUDoom_2_bsp//libhal_bsp.a(alt_main.o)
 .debug_line    0x00004aea      0x2ba ../CUDoom_2_bsp//libhal_bsp.a(alt_sys_init.o)
 .debug_line    0x00004da4      0x221 ../CUDoom_2_bsp//libhal_bsp.a(altera_avalon_jtag_uart_fd.o)
 .debug_line    0x00004fc5      0x4bf ../CUDoom_2_bsp//libhal_bsp.a(altera_avalon_jtag_uart_init.o)
 .debug_line    0x00005484      0x32b ../CUDoom_2_bsp//libhal_bsp.a(altera_avalon_jtag_uart_ioctl.o)
 .debug_line    0x000057af      0x40b ../CUDoom_2_bsp//libhal_bsp.a(altera_avalon_jtag_uart_read.o)
 .debug_line    0x00005bba      0x419 ../CUDoom_2_bsp//libhal_bsp.a(altera_avalon_jtag_uart_write.o)
 .debug_line    0x00005fd3      0x2f0 ../CUDoom_2_bsp//libhal_bsp.a(alt_alarm_start.o)
 .debug_line    0x000062c3      0x2ad ../CUDoom_2_bsp//libhal_bsp.a(alt_close.o)
 .debug_line    0x00006570      0x1c9 ../CUDoom_2_bsp//libhal_bsp.a(alt_dcache_flush_all.o)
 .debug_line    0x00006739      0x268 ../CUDoom_2_bsp//libhal_bsp.a(alt_dev.o)
 .debug_line    0x000069a1      0x26e ../CUDoom_2_bsp//libhal_bsp.a(alt_dev_llist_insert.o)
 .debug_line    0x00006c0f       0x83 ../CUDoom_2_bsp//libhal_bsp.a(alt_do_ctors.o)
 .debug_line    0x00006c92       0x83 ../CUDoom_2_bsp//libhal_bsp.a(alt_do_dtors.o)
 .debug_line    0x00006d15      0x1be ../CUDoom_2_bsp//libhal_bsp.a(alt_errno.o)
 .debug_line    0x00006ed3      0x1d1 ../CUDoom_2_bsp//libhal_bsp.a(alt_icache_flush_all.o)
 .debug_line    0x000070a4      0x2dc ../CUDoom_2_bsp//libhal_bsp.a(alt_iic.o)
 .debug_line    0x00007380      0x25d ../CUDoom_2_bsp//libhal_bsp.a(alt_iic_isr_register.o)
 .debug_line    0x000075dd      0x2c8 ../CUDoom_2_bsp//libhal_bsp.a(alt_io_redirect.o)
 .debug_line    0x000078a5       0x6b ../CUDoom_2_bsp//libhal_bsp.a(alt_irq_entry.o)
 .debug_line    0x00007910      0x25c ../CUDoom_2_bsp//libhal_bsp.a(alt_irq_handler.o)
 .debug_line    0x00007b6c       0x72 ../CUDoom_2_bsp//libhal_bsp.a(alt_irq_vars.o)
 .debug_line    0x00007bde      0x313 ../CUDoom_2_bsp//libhal_bsp.a(alt_open.o)