Archive member included because of file (symbol)

/opt/altera/altera12.1/nios2eds/bin/gnu/H-i686-pc-linux-gnu/bin/../lib/gcc/nios2-elf/4.1.2/../../../../nios2-elf/lib/libm.a(lib_a-s_cos.o)
                              obj/default/hello_world.o (cos)
/opt/altera/altera12.1/nios2eds/bin/gnu/H-i686-pc-linux-gnu/bin/../lib/gcc/nios2-elf/4.1.2/../../../../nios2-elf/lib/libm.a(lib_a-s_sin.o)
                              obj/default/hello_world.o (sin)
/opt/altera/altera12.1/nios2eds/bin/gnu/H-i686-pc-linux-gnu/bin/../lib/gcc/nios2-elf/4.1.2/../../../../nios2-elf/lib/libm.a(lib_a-e_rem_pio2.o)
                              /opt/altera/altera12.1/nios2eds/bin/gnu/H-i686-pc-linux-gnu/bin/../lib/gcc/nios2-elf/4.1.2/../../../../nios2-elf/lib/libm.a(lib_a-s_cos.o) (__ieee754_rem_pio2)
/opt/altera/altera12.1/nios2eds/bin/gnu/H-i686-pc-linux-gnu/bin/../lib/gcc/nios2-elf/4.1.2/../../../../nios2-elf/lib/libm.a(lib_a-k_cos.o)
                              /opt/altera/altera12.1/nios2eds/bin/gnu/H-i686-pc-linux-gnu/bin/../lib/gcc/nios2-elf/4.1.2/../../../../nios2-elf/lib/libm.a(lib_a-s_cos.o) (__kernel_cos)
/opt/altera/altera12.1/nios2eds/bin/gnu/H-i686-pc-linux-gnu/bin/../lib/gcc/nios2-elf/4.1.2/../../../../nios2-elf/lib/libm.a(lib_a-k_rem_pio2.o)
                              /opt/altera/altera12.1/nios2eds/bin/gnu/H-i686-pc-linux-gnu/bin/../lib/gcc/nios2-elf/4.1.2/../../../../nios2-elf/lib/libm.a(lib_a-e_rem_pio2.o) (__kernel_rem_pio2)
/opt/altera/altera12.1/nios2eds/bin/gnu/H-i686-pc-linux-gnu/bin/../lib/gcc/nios2-elf/4.1.2/../../../../nios2-elf/lib/libm.a(lib_a-k_sin.o)
                              /opt/altera/altera12.1/nios2eds/bin/gnu/H-i686-pc-linux-gnu/bin/../lib/gcc/nios2-elf/4.1.2/../../../../nios2-elf/lib/libm.a(lib_a-s_cos.o) (__kernel_sin)
/opt/altera/altera12.1/nios2eds/bin/gnu/H-i686-pc-linux-gnu/bin/../lib/gcc/nios2-elf/4.1.2/../../../../nios2-elf/lib/libm.a(lib_a-s_fabs.o)
                              /opt/altera/altera12.1/nios2eds/bin/gnu/H-i686-pc-linux-gnu/bin/../lib/gcc/nios2-elf/4.1.2/../../../../nios2-elf/lib/libm.a(lib_a-e_rem_pio2.o) (fabs)
/opt/altera/altera12.1/nios2eds/bin/gnu/H-i686-pc-linux-gnu/bin/../lib/gcc/nios2-elf/4.1.2/../../../../nios2-elf/lib/libm.a(lib_a-s_floor.o)
                              /opt/altera/altera12.1/nios2eds/bin/gnu/H-i686-pc-linux-gnu/bin/../lib/gcc/nios2-elf/4.1.2/../../../../nios2-elf/lib/libm.a(lib_a-k_rem_pio2.o) (floor)
/opt/altera/altera12.1/nios2eds/bin/gnu/H-i686-pc-linux-gnu/bin/../lib/gcc/nios2-elf/4.1.2/../../../../nios2-elf/lib/libm.a(lib_a-s_scalbn.o)
                              /opt/altera/altera12.1/nios2eds/bin/gnu/H-i686-pc-linux-gnu/bin/../lib/gcc/nios2-elf/4.1.2/../../../../nios2-elf/lib/libm.a(lib_a-k_rem_pio2.o) (scalbn)
/opt/altera/altera12.1/nios2eds/bin/gnu/H-i686-pc-linux-gnu/bin/../lib/gcc/nios2-elf/4.1.2/../../../../nios2-elf/lib/libm.a(lib_a-s_copysign.o)
                              /opt/altera/altera12.1/nios2eds/bin/gnu/H-i686-pc-linux-gnu/bin/../lib/gcc/nios2-elf/4.1.2/../../../../nios2-elf/lib/libm.a(lib_a-s_scalbn.o) (copysign)
/opt/altera/altera12.1/nios2eds/bin/gnu/H-i686-pc-linux-gnu/bin/../lib/gcc/nios2-elf/4.1.2/libgcc.a(_addsub_df.o)
                              /opt/altera/altera12.1/nios2eds/bin/gnu/H-i686-pc-linux-gnu/bin/../lib/gcc/nios2-elf/4.1.2/../../../../nios2-elf/lib/libm.a(lib_a-s_cos.o) (__subdf3)
/opt/altera/altera12.1/nios2eds/bin/gnu/H-i686-pc-linux-gnu/bin/../lib/gcc/nios2-elf/4.1.2/libgcc.a(_mul_df.o)
                              obj/default/hello_world.o (__muldf3)
/opt/altera/altera12.1/nios2eds/bin/gnu/H-i686-pc-linux-gnu/bin/../lib/gcc/nios2-elf/4.1.2/libgcc.a(_eq_df.o)
                              /opt/altera/altera12.1/nios2eds/bin/gnu/H-i686-pc-linux-gnu/bin/../lib/gcc/nios2-elf/4.1.2/../../../../nios2-elf/lib/libm.a(lib_a-e_rem_pio2.o) (__eqdf2)
/opt/altera/altera12.1/nios2eds/bin/gnu/H-i686-pc-linux-gnu/bin/../lib/gcc/nios2-elf/4.1.2/libgcc.a(_gt_df.o)
                              /opt/altera/altera12.1/nios2eds/bin/gnu/H-i686-pc-linux-gnu/bin/../lib/gcc/nios2-elf/4.1.2/../../../../nios2-elf/lib/libm.a(lib_a-s_floor.o) (__gtdf2)
/opt/altera/altera12.1/nios2eds/bin/gnu/H-i686-pc-linux-gnu/bin/../lib/gcc/nios2-elf/4.1.2/libgcc.a(_ge_df.o)
                              /opt/altera/altera12.1/nios2eds/bin/gnu/H-i686-pc-linux-gnu/bin/../lib/gcc/nios2-elf/4.1.2/../../../../nios2-elf/lib/libm.a(lib_a-k_rem_pio2.o) (__gedf2)
/opt/altera/altera12.1/nios2eds/bin/gnu/H-i686-pc-linux-gnu/bin/../lib/gcc/nios2-elf/4.1.2/libgcc.a(_si_to_df.o)
                              obj/default/hello_world.o (__floatsidf)
/opt/altera/altera12.1/nios2eds/bin/gnu/H-i686-pc-linux-gnu/bin/../lib/gcc/nios2-elf/4.1.2/libgcc.a(_df_to_si.o)
                              obj/default/hello_world.o (__fixdfsi)
/opt/altera/altera12.1/nios2eds/bin/gnu/H-i686-pc-linux-gnu/bin/../lib/gcc/nios2-elf/4.1.2/libgcc.a(_thenan_df.o)
[...]
Memory Configuration

Name             Origin             Length             Attributes
reset            0x00800000         0x00000020
sdram_0          0x00800020         0x007fffe0
*default*        0x00000000         0xffffffff

Linker script and memory map

LOAD ../akaho_66_bsp//obj/HAL/src/crt0.o
LOAD obj/default/hello_world.o
LOAD /opt/altera/altera12.1/nios2eds/bin/gnu/H-i686-pc-linux-gnu/bin/../lib/gcc/nios2-elf/4.1.2/../../../../nios2-elf/lib/libstdc++.a
LOAD /opt/altera/altera12.1/nios2eds/bin/gnu/H-i686-pc-linux-gnu/bin/../lib/gcc/nios2-elf/4.1.2/../../../../nios2-elf/lib/libm.a
LOAD /opt/altera/altera12.1/nios2eds/bin/gnu/H-i686-pc-linux-gnu/bin/../lib/gcc/nios2-elf/4.1.2/libgcc.a
START GROUP
LOAD /opt/altera/altera12.1/nios2eds/bin/gnu/H-i686-pc-linux-gnu/bin/../lib/gcc/nios2-elf/4.1.2/../../../../nios2-elf/lib/libc.a
LOAD /opt/altera/altera12.1/nios2eds/bin/gnu/H-i686-pc-linux-gnu/bin/../lib/gcc/nios2-elf/4.1.2/libgcc.a
LOAD ../akaho_66_bsp//libhal_bsp.a
END GROUP
LOAD /opt/altera/altera12.1/nios2eds/bin/gnu/H-i686-pc-linux-gnu/bin/../lib/gcc/nios2-elf/4.1.2/libgcc.a
                0x00800000                __alt_mem_sdram_0 = 0x800000

.entry          0x00800000       0x20
 *(.entry)
 .entry         0x00800000       0x20 ../akaho_66_bsp//obj/HAL/src/crt0.o
                0x00800000                __reset

.exceptions     0x00800020      0x194
                0x00800020                PROVIDE (__ram_exceptions_start, ABSOLUTE (.))
                0x00800020                . = ALIGN (0x20)
 *(.irq)
 *(.exceptions.entry.label)
 .exceptions.entry.label
                0x00800020        0x0 ../akaho_66_bsp//libhal_bsp.a(alt_irq_entry.o)
                0x00800020                alt_irq_entry
 .exceptions.entry.label
                0x00800020        0x0 ../akaho_66_bsp//libhal_bsp.a(alt_exception_entry.o)
                0x00800020                alt_exception
 *(.exceptions.entry.user)
 *(.exceptions.entry)
 .exceptions.entry
                0x00800020       0x54 ../akaho_66_bsp//libhal_bsp.a(alt_exception_entry.o)
 *(.exceptions.irqtest.user)
 *(.exceptions.irqtest)
 .exceptions.irqtest
                0x00800074       0x10 ../akaho_66_bsp//libhal_bsp.a(alt_irq_entry.o)
 *(.exceptions.irqhandler.user)
 *(.exceptions.irqhandler)
 .exceptions.irqhandler
                0x00800084        0x4 ../akaho_66_bsp//libhal_bsp.a(alt_irq_entry.o)
 *(.exceptions.irqreturn.user)
 *(.exceptions.irqreturn)
 .exceptions.irqreturn
                0x00800088        0x4 ../akaho_66_bsp//libhal_bsp.a(alt_irq_entry.o)
 *(.exceptions.notirq.label)
 .exceptions.notirq.label
                0x0080008c        0x0 ../akaho_66_bsp//libhal_bsp.a(alt_irq_entry.o)
 *(.exceptions.notirq.user)
 *(.exceptions.notirq)
 .exceptions.notirq
                0x0080008c        0x8 ../akaho_66_bsp//libhal_bsp.a(alt_exception_entry.o)
 *(.exceptions.soft.user)
 *(.exceptions.soft)
 *(.exceptions.unknown.user)
 *(.exceptions.unknown)
 .exceptions.unknown
                0x00800094        0x4 ../akaho_66_bsp//libhal_bsp.a(alt_exception_entry.o)
 *(.exceptions.exit.label)
 .exceptions.exit.label
                0x00800098        0x0 ../akaho_66_bsp//libhal_bsp.a(alt_irq_entry.o)
 .exceptions.exit.label
                0x00800098        0x0 ../akaho_66_bsp//libhal_bsp.a(alt_exception_entry.o)
 *(.exceptions.exit.user)
 *(.exceptions.exit)
 .exceptions.exit
                0x00800098       0x54 ../akaho_66_bsp//libhal_bsp.a(alt_exception_entry.o)
 *(.exceptions)
 .exceptions    0x008000ec       0xc8 ../akaho_66_bsp//libhal_bsp.a(alt_irq_handler.o)
                0x008000ec                alt_irq_handler
                0x008001b4                PROVIDE (__ram_exceptions_end, ABSOLUTE (.))
                0x00800020                PROVIDE (__flash_exceptions_start, LOADADDR (.exceptions))

.text           0x008001b4     0x65f8
                0x008001b4                PROVIDE (stext, ABSOLUTE (.))
 *(.interp)
 *(.hash)
 *(.dynsym)
 *(.dynstr)
 *(.gnu.version)
 *(.gnu.version_d)
 *(.gnu.version_r)
 *(.rel.init)
 *(.rela.init)
 *(.rel.text .rel.text.* .rel.gnu.linkonce.t.*)
 *(.rela.text .rela.text.* .rela.gnu.linkonce.t.*)
 *(.rel.fini)
 *(.rela.fini)
 *(.rel.rodata .rel.rodata.* .rel.gnu.linkonce.r.*)
 *(.rela.rodata .rela.rodata.* .rela.gnu.linkonce.r.*)
 *(.rel.data .rel.data.* .rel.gnu.linkonce.d.*)
 *(.rela.data .rela.data.* .rela.gnu.linkonce.d.*)
 *(.rel.tdata .rel.tdata.* .rel.gnu.linkonce.td.*)
 *(.rela.tdata .rela.tdata.* .rela.gnu.linkonce.td.*)
 *(.rel.tbss .rel.tbss.* .rel.gnu.linkonce.tb.*)
 *(.rela.tbss .rela.tbss.* .rela.gnu.linkonce.tb.*)
 *(.rel.ctors)
 *(.rela.ctors)
 *(.rel.dtors)
 *(.rela.dtors)
 *(.rel.got)
 *(.rela.got)
 *(.rel.sdata .rel.sdata.* .rel.gnu.linkonce.s.*)
 *(.rela.sdata .rela.sdata.* .rela.gnu.linkonce.s.*)
 *(.rel.sbss .rel.sbss.* .rel.gnu.linkonce.sb.*)
 *(.rela.sbss .rela.sbss.* .rela.gnu.linkonce.sb.*)
 *(.rel.sdata2 .rel.sdata2.* .rel.gnu.linkonce.s2.*)
 *(.rela.sdata2 .rela.sdata2.* .rela.gnu.linkonce.s2.*)
 *(.rel.sbss2 .rel.sbss2.* .rel.gnu.linkonce.sb2.*)
 *(.rela.sbss2 .rela.sbss2.* .rela.gnu.linkonce.sb2.*)
 *(.rel.bss .rel.bss.* .rel.gnu.linkonce.b.*)
 *(.rela.bss .rela.bss.* .rela.gnu.linkonce.b.*)
 *(.rel.plt)
 *(.rela.plt)
 *(.rel.dyn)
 *(.init)
 *(.plt)
 *(.text .stub .text.* .gnu.linkonce.t.*)
 .text          0x008001b4       0x4c ../akaho_66_bsp//obj/HAL/src/crt0.o
                0x008001b4                _start
 .text          0x00800200      0x91c obj/default/hello_world.o
                0x00800200                main
                0x008008b4                absVal
                0x008008f0                intToDouble
                0x00800918                doubleToInt
                0x00800974                DrawTexture
                0x00800a6c                DrawAccelerate
 .text          0x00800b1c      0x168 /opt/altera/altera12.1/nios2eds/bin/gnu/H-i686-pc-linux-gnu/bin/../lib/gcc/nios2-elf/4.1.2/../../../../nios2-elf/lib/libm.a(lib_a-s_cos.o)
                0x00800b1c                cos
 .text          0x00800c84      0x16c /opt/altera/altera12.1/nios2eds/bin/gnu/H-i686-pc-linux-gnu/bin/../lib/gcc/nios2-elf/4.1.2/../../../../nios2-elf/lib/libm.a(lib_a-s_sin.o)
                0x00800c84                sin
 .text          0x00800df0      0x828 /opt/altera/altera12.1/nios2eds/bin/gnu/H-i686-pc-linux-gnu/bin/../lib/gcc/nios2-elf/4.1.2/../../../../nios2-elf/lib/libm.a(lib_a-e_rem_pio2.o)
                0x00800df0                __ieee754_rem_pio2
 .text          0x00801618      0x52c /opt/altera/altera12.1/nios2eds/bin/gnu/H-i686-pc-linux-gnu/bin/../lib/gcc/nios2-elf/4.1.2/../../../../nios2-elf/lib/libm.a(lib_a-k_cos.o)
                0x00801618                __kernel_cos
 .text          0x00801b44      0xe7c /opt/altera/altera12.1/nios2eds/bin/gnu/H-i686-pc-linux-gnu/bin/../lib/gcc/nios2-elf/4.1.2/../../../../nios2-elf/lib/libm.a(lib_a-k_rem_pio2.o)
                0x00801b44                __kernel_rem_pio2
 .text          0x008029c0      0x318 /opt/altera/altera12.1/nios2eds/bin/gnu/H-i686-pc-linux-gnu/bin/../lib/gcc/nios2-elf/4.1.2/../../../../nios2-elf/lib/libm.a(lib_a-k_sin.o)
                0x008029c0                __kernel_sin
 .text          0x00802cd8       0x18 /opt/altera/altera12.1/nios2eds/bin/gnu/H-i686-pc-linux-gnu/bin/../lib/gcc/nios2-elf/4.1.2/../../../../nios2-elf/lib/libm.a(lib_a-s_fabs.o)
                0x00802cd8                fabs
 .text          0x00802cf0      0x224 /opt/altera/altera12.1/nios2eds/bin/gnu/H-i686-pc-linux-gnu/bin/../lib/gcc/nios2-elf/4.1.2/../../../../nios2-elf/lib/libm.a(lib_a-s_floor.o)
                0x00802cf0                floor
 .text          0x00802f14      0x1e0 /opt/altera/altera12.1/nios2eds/bin/gnu/H-i686-pc-linux-gnu/bin/../lib/gcc/nios2-elf/4.1.2/../../../../nios2-elf/lib/libm.a(lib_a-s_scalbn.o)
                0x00802f14                scalbn
 .text          0x008030f4       0x24 /opt/altera/altera12.1/nios2eds/bin/gnu/H-i686-pc-linux-gnu/bin/../lib/gcc/nios2-elf/4.1.2/../../../../nios2-elf/lib/libm.a(lib_a-s_copysign.o)
                0x008030f4                copysign
 .text          0x00803118      0x504 /opt/altera/altera12.1/nios2eds/bin/gnu/H-i686-pc-linux-gnu/bin/../lib/gcc/nios2-elf/4.1.2/libgcc.a(_addsub_df.o)
                0x00803528                __subdf3
                0x008035a8                __adddf3
 .text          0x0080361c      0x3c4 /opt/altera/altera12.1/nios2eds/bin/gnu/H-i686-pc-linux-gnu/bin/../lib/gcc/nios2-elf/4.1.2/libgcc.a(_mul_df.o)
                0x0080361c                __muldf3
 .text          0x008039e0       0x88 /opt/altera/altera12.1/nios2eds/bin/gnu/H-i686-pc-linux-gnu/bin/../lib/gcc/nios2-elf/4.1.2/libgcc.a(_eq_df.o)
                0x008039e0                __eqdf2
 .text          0x00803a68       0x88 /opt/altera/altera12.1/nios2eds/bin/gnu/H-i686-pc-linux-gnu/bin/../lib/gcc/nios2-elf/4.1.2/libgcc.a(_gt_df.o)
                0x00803a68                __gtdf2
 .text          0x00803af0       0x88 /opt/altera/altera12.1/nios2eds/bin/gnu/H-i686-pc-linux-gnu/bin/../lib/gcc/nios2-elf/4.1.2/libgcc.a(_ge_df.o)
                0x00803af0                __gedf2
 .text          0x00803b78       0xf8 /opt/altera/altera12.1/nios2eds/bin/gnu/H-i686-pc-linux-gnu/bin/../lib/gcc/nios2-elf/4.1.2/libgcc.a(_si_to_df.o)
                0x00803b78                __floatsidf
 .text          0x00803c70       0xd8 /opt/altera/altera12.1/nios2eds/bin/gnu/H-i686-pc-linux-gnu/bin/../lib/gcc/nios2-elf/4.1.2/libgcc.a(_df_to_si.o)
                0x00803c70                __fixdfsi
 .text          0x00803d48        0x0 /opt/altera/altera12.1/nios2eds/bin/gnu/H-i686-pc-linux-gnu/bin/../lib/gcc/nios2-elf/4.1.2/libgcc.a(_thenan_df.o)
 .text          0x00803d48      0x14c /opt/altera/altera12.1/nios2eds/bin/gnu/H-i686-pc-linux-gnu/bin/../lib/gcc/nios2-elf/4.1.2/libgcc.a(lib2-divmod.o)
                0x00803dc4                __divsi3
                0x00803e24                __modsi3
                0x00803e84                __udivsi3
                0x00803e8c                __umodsi3
 .text          0x00803e94       0x98 /opt/altera/altera12.1/nios2eds/bin/gnu/H-i686-pc-linux-gnu/bin/../lib/gcc/nios2-elf/4.1.2/libgcc.a(_muldi3.o)
                0x00803e94                __muldi3
 .text          0x00803f2c       0x80 /opt/altera/altera12.1/nios2eds/bin/gnu/H-i686-pc-linux-gnu/bin/../lib/gcc/nios2-elf/4.1.2/libgcc.a(_clzsi2.o)
                0x00803f2c                __clzsi2
 .text          0x00803fac      0x314 /opt/altera/altera12.1/nios2eds/bin/gnu/H-i686-pc-linux-gnu/bin/../lib/gcc/nios2-elf/4.1.2/libgcc.a(_pack_df.o)
                0x00803fac                __pack_d
 .text          0x008042c0      0x138 /opt/altera/altera12.1/nios2eds/bin/gnu/H-i686-pc-linux-gnu/bin/../lib/gcc/nios2-elf/4.1.2/libgcc.a(_unpack_df.o)
                0x008042c0                __unpack_d
 .text          0x008043f8       0xc8 /opt/altera/altera12.1/nios2eds/bin/gnu/H-i686-pc-linux-gnu/bin/../lib/gcc/nios2-elf/4.1.2/libgcc.a(_fpcmp_parts_df.o)
                0x008043f8                __fpcmp_parts_d
 .text          0x008044c0        0x0 /opt/altera/altera12.1/nios2eds/bin/gnu/H-i686-pc-linux-gnu/bin/../lib/gcc/nios2-elf/4.1.2/libgcc.a(_clz.o)
 .text          0x008044c0       0xec ../akaho_66_bsp//libhal_bsp.a(alt_load.o)
                0x008044c0                alt_load
 .text          0x008045ac       0x6c ../akaho_66_bsp//libhal_bsp.a(alt_main.o)
                0x008045ac                alt_main
 .text          0x00804618       0xb0 ../akaho_66_bsp//libhal_bsp.a(alt_sys_init.o)
                0x00804618                alt_irq_init
                0x0080464c                alt_sys_init
 .text          0x008046c8      0x148 ../akaho_66_bsp//libhal_bsp.a(altera_avalon_jtag_uart_fd.o)
                0x008046c8                altera_avalon_jtag_uart_read_fd
                0x00804720                altera_avalon_jtag_uart_write_fd
                0x00804778                altera_avalon_jtag_uart_close_fd
                0x008047c0                altera_avalon_jtag_uart_ioctl_fd
 .text          0x00804810      0x40c ../akaho_66_bsp//libhal_bsp.a(altera_avalon_jtag_uart_init.o)
                0x00804810                altera_avalon_jtag_uart_init
                0x00804ba8                altera_avalon_jtag_uart_close
 .text          0x00804c1c       0xf4 ../akaho_66_bsp//libhal_bsp.a(altera_avalon_jtag_uart_ioctl.o)
                0x00804c1c                altera_avalon_jtag_uart_ioctl
 .text          0x00804d10      0x224 ../akaho_66_bsp//libhal_bsp.a(altera_avalon_jtag_uart_read.o)
                0x00804d10                altera_avalon_jtag_uart_read
 .text          0x00804f34      0x240 ../akaho_66_bsp//libhal_bsp.a(altera_avalon_jtag_uart_write.o)
                0x00804f34                altera_avalon_jtag_uart_write
 .text          0x00805174      0x154 ../akaho_66_bsp//libhal_bsp.a(alt_alarm_start.o)
                0x00805174                alt_alarm_start
 .text          0x008052c8      0x15c ../akaho_66_bsp//libhal_bsp.a(alt_close.o)
                0x008052c8                close
 .text          0x00805424       0x44 ../akaho_66_bsp//libhal_bsp.a(alt_dcache_flush_all.o)
                0x00805424                alt_dcache_flush_all
 .text          0x00805468       0x2c ../akaho_66_bsp//libhal_bsp.a(alt_dev.o)
 .text          0x00805494      0x114 ../akaho_66_bsp//libhal_bsp.a(alt_dev_llist_insert.o)
                0x00805494                alt_dev_llist_insert
 .text          0x008055a8       0x64 ../akaho_66_bsp//libhal_bsp.a(alt_do_ctors.o)
                0x008055a8                _do_ctors
 .text          0x0080560c       0x64 ../akaho_66_bsp//libhal_bsp.a(alt_do_dtors.o)
                0x0080560c                _do_dtors
 .text          0x00805670        0x0 ../akaho_66_bsp//libhal_bsp.a(alt_errno.o)
 .text          0x00805670       0x30 ../akaho_66_bsp//libhal_bsp.a(alt_icache_flush_all.o)
                0x00805670                alt_icache_flush_all
 .text          0x008056a0      0x1d4 ../akaho_66_bsp//libhal_bsp.a(alt_iic.o)
                0x008056a0                alt_ic_isr_register
                0x008056f0                alt_ic_irq_enable
                0x0080578c                alt_ic_irq_disable
                0x0080582c                alt_ic_irq_enabled
 .text          0x00805874       0xf8 ../akaho_66_bsp//libhal_bsp.a(alt_iic_isr_register.o)
                0x00805874                alt_iic_isr_register
 .text          0x0080596c      0x13c ../akaho_66_bsp//libhal_bsp.a(alt_io_redirect.o)
                0x00805a30                alt_io_redirect
 .text          0x00805aa8        0x0 ../akaho_66_bsp//libhal_bsp.a(alt_irq_entry.o)
 .text          0x00805aa8        0x0 ../akaho_66_bsp//libhal_bsp.a(alt_irq_handler.o)
 .text          0x00805aa8        0x0 ../akaho_66_bsp//libhal_bsp.a(alt_irq_vars.o)
 .text          0x00805aa8      0x2c4 ../akaho_66_bsp//libhal_bsp.a(alt_open.o)
                0x00805b84                open
 .text          0x00805d6c       0x60 ../akaho_66_bsp//libhal_bsp.a(alt_release_fd.o)
                0x00805d6c                alt_release_fd
 .text          0x00805dcc      0x1a4 ../akaho_66_bsp//libhal_bsp.a(alt_tick.o)
                0x00805dcc                alt_alarm_stop
                0x00805e64                alt_tick
 .text          0x00805f70       0x20 ../akaho_66_bsp//libhal_bsp.a(altera_nios2_irq.o)
                0x00805f70                altera_nios2_irq_init
 .text          0x00805f90        0x0 ../akaho_66_bsp//libhal_bsp.a(alt_exception_entry.o)
 .text          0x00805f90       0x94 ../akaho_66_bsp//libhal_bsp.a(alt_find_dev.o)
                0x00805f90                alt_find_dev
 .text          0x00806024      0x120 ../akaho_66_bsp//libhal_bsp.a(alt_find_file.o)
                0x00806024                alt_find_file
 .text          0x00806144       0xb8 ../akaho_66_bsp//libhal_bsp.a(alt_get_fd.o)
                0x00806144                alt_get_fd
 .text          0x008061fc       0x90 ../akaho_66_bsp//libhal_bsp.a(alt_icache_flush.o)
                0x008061fc                alt_icache_flush
 .text          0x0080628c       0x14 /opt/altera/altera12.1/nios2eds/bin/gnu/H-i686-pc-linux-gnu/bin/../lib/gcc/nios2-elf/4.1.2/../../../../nios2-elf/lib/libc.a(lib_a-atexit.o)
                0x0080628c                atexit
 .text          0x008062a0       0x38 /opt/altera/altera12.1/nios2eds/bin/gnu/H-i686-pc-linux-gnu/bin/../lib/gcc/nios2-elf/4.1.2/../../../../nios2-elf/lib/libc.a(lib_a-exit.o)
                0x008062a0                exit
 .text          0x008062d8        0x0 /opt/altera/altera12.1/nios2eds/bin/gnu/H-i686-pc-linux-gnu/bin/../lib/gcc/nios2-elf/4.1.2/../../../../nios2-elf/lib/libc.a(lib_a-impure.o)
 .text          0x008062d8        0x0 /opt/altera/altera12.1/nios2eds/bin/gnu/H-i686-pc-linux-gnu/bin/../lib/gcc/nios2-elf/4.1.2/../../../../nios2-elf/lib/libc.a(lib_a-int_errno.o)
 .text          0x008062d8       0x74 /opt/altera/altera12.1/nios2eds/bin/gnu/H-i686-pc-linux-gnu/bin/../lib/gcc/nios2-elf/4.1.2/../../../../nios2-elf/lib/libc.a(lib_a-memcmp.o)
                0x008062d8                memcmp
 .text          0x0080634c       0xa0 /opt/altera/altera12.1/nios2eds/bin/gnu/H-i686-pc-linux-gnu/bin/../lib/gcc/nios2-elf/4.1.2/../../../../nios2-elf/lib/libc.a(lib_a-memcpy.o)
                0x0080634c                memcpy
 .text          0x008063ec       0x74 /opt/altera/altera12.1/nios2eds/bin/gnu/H-i686-pc-linux-gnu/bin/../lib/gcc/nios2-elf/4.1.2/../../../../nios2-elf/lib/libc.a(lib_a-strlen.o)
                0x008063ec                strlen
 .text          0x00806460      0x134 /opt/altera/altera12.1/nios2eds/bin/gnu/H-i686-pc-linux-gnu/bin/../lib/gcc/nios2-elf/4.1.2/../../../../nios2-elf/lib/libc.a(lib_a-__atexit.o)
                0x00806460                __register_exitproc
 .text          0x00806594      0x1b4 /opt/altera/altera12.1/nios2eds/bin/gnu/H-i686-pc-linux-gnu/bin/../lib/gcc/nios2-elf/4.1.2/../../../../nios2-elf/lib/libc.a(lib_a-__call_atexit.o)
                0x00806598                __call_exitprocs
 .text          0x00806748       0x60 ../akaho_66_bsp//libhal_bsp.a(alt_exit.o)
                0x00806788                _exit
 *(.gnu.warning.*)
 *(.fini)
                0x008067a8                PROVIDE (__etext, ABSOLUTE (.))
                0x008067a8                PROVIDE (_etext, ABSOLUTE (.))
                0x008067a8                PROVIDE (etext, ABSOLUTE (.))
 *(.eh_frame_hdr)
                0x008067a8                . = ALIGN (0x4)
                0x008067a8                PROVIDE (__preinit_array_start, ABSOLUTE (.))
 *(.preinit_array)
                0x008067a8                PROVIDE (__preinit_array_end, ABSOLUTE (.))
                0x008067a8                PROVIDE (__init_array_start, ABSOLUTE (.))
 *(.init_array)
                0x008067a8                PROVIDE (__init_array_end, ABSOLUTE (.))
                0x008067a8                PROVIDE (__fini_array_start, ABSOLUTE (.))
 *(.fini_array)
                0x008067a8                PROVIDE (__fini_array_end, ABSOLUTE (.))
 *(.eh_frame)
 *(.gcc_except_table)
 *(.dynamic)
                0x008067a8                PROVIDE (__CTOR_LIST__, ABSOLUTE (.))
 *(.ctors)
 *(SORT(.ctors.*))
 .ctors.65535   0x008067a8        0x4 /opt/altera/altera12.1/nios2eds/bin/gnu/H-i686-pc-linux-gnu/bin/../lib/gcc/nios2-elf/4.1.2/../../../../nios2-elf/lib/libc.a(lib_a-__call_atexit.o)
                0x008067ac                PROVIDE (__CTOR_END__, ABSOLUTE (.))
                0x008067ac                PROVIDE (__DTOR_LIST__, ABSOLUTE (.))
 *(.dtors)
 *(SORT(.dtors.*))
                0x008067ac                PROVIDE (__DTOR_END__, ABSOLUTE (.))
 *(.jcr)
                0x008067ac                . = ALIGN (0x4)

.rodata         0x008067ac      0x324
                0x008067ac                PROVIDE (__ram_rodata_start, ABSOLUTE (.))
                0x008067ac                . = ALIGN (0x4)
 *(.rodata .rodata.* .gnu.linkonce.r.*)
 .rodata        0x008067ac      0x188 /opt/altera/altera12.1/nios2eds/bin/gnu/H-i686-pc-linux-gnu/bin/../lib/gcc/nios2-elf/4.1.2/../../../../nios2-elf/lib/libm.a(lib_a-e_rem_pio2.o)
 .rodata        0x00806934       0x50 /opt/altera/altera12.1/nios2eds/bin/gnu/H-i686-pc-linux-gnu/bin/../lib/gcc/nios2-elf/4.1.2/../../../../nios2-elf/lib/libm.a(lib_a-k_rem_pio2.o)
 .rodata        0x00806984       0x14 /opt/altera/altera12.1/nios2eds/bin/gnu/H-i686-pc-linux-gnu/bin/../lib/gcc/nios2-elf/4.1.2/libgcc.a(_thenan_df.o)
                0x00806984                __thenan_df
 .rodata        0x00806998      0x100 /opt/altera/altera12.1/nios2eds/bin/gnu/H-i686-pc-linux-gnu/bin/../lib/gcc/nios2-elf/4.1.2/libgcc.a(_clz.o)
                0x00806998                __clz_tab
 .rodata        0x00806a98       0x14 ../akaho_66_bsp//libhal_bsp.a(alt_main.o)
 .rodata        0x00806aac       0x14 ../akaho_66_bsp//libhal_bsp.a(alt_sys_init.o)
 .rodata        0x00806ac0        0xc ../akaho_66_bsp//libhal_bsp.a(alt_dev.o)
 .rodata.str1.4
                0x00806acc        0x4 /opt/altera/altera12.1/nios2eds/bin/gnu/H-i686-pc-linux-gnu/bin/../lib/gcc/nios2-elf/4.1.2/../../../../nios2-elf/lib/libc.a(lib_a-impure.o)
 *(.rodata1)
                0x00806ad0                . = ALIGN (0x4)
                0x00806ad0                PROVIDE (__ram_rodata_end, ABSOLUTE (.))
                0x008067ac                PROVIDE (__flash_rodata_start, LOADADDR (.rodata))

.rwdata         0x00806ad0     0x1874 load address 0x00808344
                0x00806ad0                PROVIDE (__ram_rwdata_start, ABSOLUTE (.))
                0x00806ad0                . = ALIGN (0x4)
 *(.got.plt)
 *(.got)
 *(.data1)
 *(.data .data.* .gnu.linkonce.d.*)
 .data          0x00806ad0        0x0 ../akaho_66_bsp//obj/HAL/src/crt0.o
 .data          0x00806ad0      0x240 obj/default/hello_world.o
                0x00806ad0                worldMap
 .data          0x00806d10        0x0 /opt/altera/altera12.1/nios2eds/bin/gnu/H-i686-pc-linux-gnu/bin/../lib/gcc/nios2-elf/4.1.2/../../../../nios2-elf/lib/libm.a(lib_a-s_cos.o)
 .data          0x00806d10        0x0 /opt/altera/altera12.1/nios2eds/bin/gnu/H-i686-pc-linux-gnu/bin/../lib/gcc/nios2-elf/4.1.2/../../../../nios2-elf/lib/libm.a(lib_a-s_sin.o)
 .data          0x00806d10        0x0 /opt/altera/altera12.1/nios2eds/bin/gnu/H-i686-pc-linux-gnu/bin/../lib/gcc/nios2-elf/4.1.2/../../../../nios2-elf/lib/libm.a(lib_a-e_rem_pio2.o)
 .data          0x00806d10        0x0 /opt/altera/altera12.1/nios2eds/bin/gnu/H-i686-pc-linux-gnu/bin/../lib/gcc/nios2-elf/4.1.2/../../../../nios2-elf/lib/libm.a(lib_a-k_cos.o)
 .data          0x00806d10        0x0 /opt/altera/altera12.1/nios2eds/bin/gnu/H-i686-pc-linux-gnu/bin/../lib/gcc/nios2-elf/4.1.2/../../../../nios2-elf/lib/libm.a(lib_a-k_rem_pio2.o)
 .data          0x00806d10        0x0 /opt/altera/altera12.1/nios2eds/bin/gnu/H-i686-pc-linux-gnu/bin/../lib/gcc/nios2-elf/4.1.2/../../../../nios2-elf/lib/libm.a(lib_a-k_sin.o)
 .data          0x00806d10        0x0 /opt/altera/altera12.1/nios2eds/bin/gnu/H-i686-pc-linux-gnu/bin/../lib/gcc/nios2-elf/4.1.2/../../../../nios2-elf/lib/libm.a(lib_a-s_fabs.o)
 .data          0x00806d10        0x0 /opt/altera/altera12.1/nios2eds/bin/gnu/H-i686-pc-linux-gnu/bin/../lib/gcc/nios2-elf/4.1.2/../../../../nios2-elf/lib/libm.a(lib_a-s_floor.o)
 .data          0x00806d10        0x0 /opt/altera/altera12.1/nios2eds/bin/gnu/H-i686-pc-linux-gnu/bin/../lib/gcc/nios2-elf/4.1.2/../../../../nios2-elf/lib/libm.a(lib_a-s_scalbn.o)
 .data          0x00806d10        0x0 /opt/altera/altera12.1/nios2eds/bin/gnu/H-i686-pc-linux-gnu/bin/../lib/gcc/nios2-elf/4.1.2/../../../../nios2-elf/lib/libm.a(lib_a-s_copysign.o)
 .data          0x00806d10        0x0 /opt/altera/altera12.1/nios2eds/bin/gnu/H-i686-pc-linux-gnu/bin/../lib/gcc/nios2-elf/4.1.2/libgcc.a(_addsub_df.o)
 .data          0x00806d10        0x0 /opt/altera/altera12.1/nios2eds/bin/gnu/H-i686-pc-linux-gnu/bin/../lib/gcc/nios2-elf/4.1.2/libgcc.a(_mul_df.o)
 .data          0x00806d10        0x0 /opt/altera/altera12.1/nios2eds/bin/gnu/H-i686-pc-linux-gnu/bin/../lib/gcc/nios2-elf/4.1.2/libgcc.a(_eq_df.o)
 .data          0x00806d10        0x0 /opt/altera/altera12.1/nios2eds/bin/gnu/H-i686-pc-linux-gnu/bin/../lib/gcc/nios2-elf/4.1.2/libgcc.a(_gt_df.o)
 .data          0x00806d10        0x0 /opt/altera/altera12.1/nios2eds/bin/gnu/H-i686-pc-linux-gnu/bin/../lib/gcc/nios2-elf/4.1.2/libgcc.a(_ge_df.o)
 .data          0x00806d10        0x0 /opt/altera/altera12.1/nios2eds/bin/gnu/H-i686-pc-linux-gnu/bin/../lib/gcc/nios2-elf/4.1.2/libgcc.a(_si_to_df.o)
 .data          0x00806d10        0x0 /opt/altera/altera12.1/nios2eds/bin/gnu/H-i686-pc-linux-gnu/bin/../lib/gcc/nios2-elf/4.1.2/libgcc.a(_df_to_si.o)
 .data          0x00806d10        0x0 /opt/altera/altera12.1/nios2eds/bin/gnu/H-i686-pc-linux-gnu/bin/../lib/gcc/nios2-elf/4.1.2/libgcc.a(_thenan_df.o)
 .data          0x00806d10        0x0 /opt/altera/altera12.1/nios2eds/bin/gnu/H-i686-pc-linux-gnu/bin/../lib/gcc/nios2-elf/4.1.2/libgcc.a(lib2-divmod.o)
 .data          0x00806d10        0x0 /opt/altera/altera12.1/nios2eds/bin/gnu/H-i686-pc-linux-gnu/bin/../lib/gcc/nios2-elf/4.1.2/libgcc.a(_muldi3.o)
 .data          0x00806d10        0x0 /opt/altera/altera12.1/nios2eds/bin/gnu/H-i686-pc-linux-gnu/bin/../lib/gcc/nios2-elf/4.1.2/libgcc.a(_clzsi2.o)
 .data          0x00806d10        0x0 /opt/altera/altera12.1/nios2eds/bin/gnu/H-i686-pc-linux-gnu/bin/../lib/gcc/nios2-elf/4.1.2/libgcc.a(_pack_df.o)
 .data          0x00806d10        0x0 /opt/altera/altera12.1/nios2eds/bin/gnu/H-i686-pc-linux-gnu/bin/../lib/gcc/nios2-elf/4.1.2/libgcc.a(_unpack_df.o)
 .data          0x00806d10        0x0 /opt/altera/altera12.1/nios2eds/bin/gnu/H-i686-pc-linux-gnu/bin/../lib/gcc/nios2-elf/4.1.2/libgcc.a(_fpcmp_parts_df.o)
 .data          0x00806d10        0x0 /opt/altera/altera12.1/nios2eds/bin/gnu/H-i686-pc-linux-gnu/bin/../lib/gcc/nios2-elf/4.1.2/libgcc.a(_clz.o)
 .data          0x00806d10        0x0 ../akaho_66_bsp//libhal_bsp.a(alt_load.o)
 .data          0x00806d10        0x0 ../akaho_66_bsp//libhal_bsp.a(alt_main.o)
 .data          0x00806d10     0x1060 ../akaho_66_bsp//libhal_bsp.a(alt_sys_init.o)
 .data          0x00807d70        0x0 ../akaho_66_bsp//libhal_bsp.a(altera_avalon_jtag_uart_fd.o)
 .data          0x00807d70        0x0 ../akaho_66_bsp//libhal_bsp.a(altera_avalon_jtag_uart_init.o)
 .data          0x00807d70        0x0 ../akaho_66_bsp//libhal_bsp.a(altera_avalon_jtag_uart_ioctl.o)
 .data          0x00807d70        0x0 ../akaho_66_bsp//libhal_bsp.a(altera_avalon_jtag_uart_read.o)
 .data          0x00807d70        0x0 ../akaho_66_bsp//libhal_bsp.a(altera_avalon_jtag_uart_write.o)
 .data          0x00807d70        0x0 ../akaho_66_bsp//libhal_bsp.a(alt_alarm_start.o)
 .data          0x00807d70        0x0 ../akaho_66_bsp//libhal_bsp.a(alt_close.o)
 .data          0x00807d70        0x0 ../akaho_66_bsp//libhal_bsp.a(alt_dcache_flush_all.o)
 .data          0x00807d70      0x1a8 ../akaho_66_bsp//libhal_bsp.a(alt_dev.o)
                0x00807d70                alt_dev_null
                0x00807d98                alt_fd_list
 .data          0x00807f18        0x0 ../akaho_66_bsp//libhal_bsp.a(alt_dev_llist_insert.o)
 .data          0x00807f18        0x0 ../akaho_66_bsp//libhal_bsp.a(alt_do_ctors.o)
 .data          0x00807f18        0x0 ../akaho_66_bsp//libhal_bsp.a(alt_do_dtors.o)
 .data          0x00807f18        0x0 ../akaho_66_bsp//libhal_bsp.a(alt_errno.o)
 .data          0x00807f18        0x0 ../akaho_66_bsp//libhal_bsp.a(alt_icache_flush_all.o)
 .data          0x00807f18        0x0 ../akaho_66_bsp//libhal_bsp.a(alt_iic.o)
 .data          0x00807f18        0x0 ../akaho_66_bsp//libhal_bsp.a(alt_iic_isr_register.o)
 .data          0x00807f18        0x0 ../akaho_66_bsp//libhal_bsp.a(alt_io_redirect.o)
 .data          0x00807f18        0x0 ../akaho_66_bsp//libhal_bsp.a(alt_irq_entry.o)
 .data          0x00807f18        0x0 ../akaho_66_bsp//libhal_bsp.a(alt_irq_handler.o)
 .data          0x00807f18        0x0 ../akaho_66_bsp//libhal_bsp.a(alt_irq_vars.o)
 .data          0x00807f18        0x0 ../akaho_66_bsp//libhal_bsp.a(alt_open.o)
 .data          0x00807f18        0x0 ../akaho_66_bsp//libhal_bsp.a(alt_release_fd.o)
 .data          0x00807f18        0x0 ../akaho_66_bsp//libhal_bsp.a(alt_tick.o)
 .data          0x00807f18        0x0 ../akaho_66_bsp//libhal_bsp.a(altera_nios2_irq.o)
 .data          0x00807f18        0x0 ../akaho_66_bsp//libhal_bsp.a(alt_exception_entry.o)
 .data          0x00807f18        0x0 ../akaho_66_bsp//libhal_bsp.a(alt_find_dev.o)
 .data          0x00807f18        0x0 ../akaho_66_bsp//libhal_bsp.a(alt_find_file.o)
 .data          0x00807f18        0x0 ../akaho_66_bsp//libhal_bsp.a(alt_get_fd.o)
 .data          0x00807f18        0x0 ../akaho_66_bsp//libhal_bsp.a(alt_icache_flush.o)
 .data          0x00807f18        0x0 /opt/altera/altera12.1/nios2eds/bin/gnu/H-i686-pc-linux-gnu/bin/../lib/gcc/nios2-elf/4.1.2/../../../../nios2-elf/lib/libc.a(lib_a-atexit.o)
 .data          0x00807f18        0x0 /opt/altera/altera12.1/nios2eds/bin/gnu/H-i686-pc-linux-gnu/bin/../lib/gcc/nios2-elf/4.1.2/../../../../nios2-elf/lib/libc.a(lib_a-exit.o)
 .data          0x00807f18      0x400 /opt/altera/altera12.1/nios2eds/bin/gnu/H-i686-pc-linux-gnu/bin/../lib/gcc/nios2-elf/4.1.2/../../../../nios2-elf/lib/libc.a(lib_a-impure.o)
 .data          0x00808318        0x0 /opt/altera/altera12.1/nios2eds/bin/gnu/H-i686-pc-linux-gnu/bin/../lib/gcc/nios2-elf/4.1.2/../../../../nios2-elf/lib/libc.a(lib_a-int_errno.o)
 .data          0x00808318        0x0 /opt/altera/altera12.1/nios2eds/bin/gnu/H-i686-pc-linux-gnu/bin/../lib/gcc/nios2-elf/4.1.2/../../../../nios2-elf/lib/libc.a(lib_a-memcmp.o)
 .data          0x00808318        0x0 /opt/altera/altera12.1/nios2eds/bin/gnu/H-i686-pc-linux-gnu/bin/../lib/gcc/nios2-elf/4.1.2/../../../../nios2-elf/lib/libc.a(lib_a-memcpy.o)
 .data          0x00808318        0x0 /opt/altera/altera12.1/nios2eds/bin/gnu/H-i686-pc-linux-gnu/bin/../lib/gcc/nios2-elf/4.1.2/../../../../nios2-elf/lib/libc.a(lib_a-strlen.o)
 .data          0x00808318        0x0 /opt/altera/altera12.1/nios2eds/bin/gnu/H-i686-pc-linux-gnu/bin/../lib/gcc/nios2-elf/4.1.2/../../../../nios2-elf/lib/libc.a(lib_a-__atexit.o)
 .data          0x00808318        0x0 /opt/altera/altera12.1/nios2eds/bin/gnu/H-i686-pc-linux-gnu/bin/../lib/gcc/nios2-elf/4.1.2/../../../../nios2-elf/lib/libc.a(lib_a-__call_atexit.o)
 .data          0x00808318        0x0 ../akaho_66_bsp//libhal_bsp.a(alt_exit.o)
                0x00810318                _gp = ABSOLUTE ((. + 0x8000))
                0x00810318                PROVIDE (gp, _gp)
 *(.rwdata .rwdata.*)
 *(.sdata .sdata.* .gnu.linkonce.s.*)
 .sdata         0x00808318       0x14 ../akaho_66_bsp//libhal_bsp.a(alt_dev.o)
                0x00808318                alt_fs_list
                0x00808320                alt_dev_list
                0x00808328                alt_max_fd
 .sdata         0x0080832c        0x4 ../akaho_66_bsp//libhal_bsp.a(alt_errno.o)
                0x0080832c                alt_errno
 .sdata         0x00808330        0x4 ../akaho_66_bsp//libhal_bsp.a(alt_irq_vars.o)
                0x00808330                alt_priority_mask
 .sdata         0x00808334        0x8 ../akaho_66_bsp//libhal_bsp.a(alt_tick.o)
                0x00808334                alt_alarm_list
 .sdata         0x0080833c        0x8 /opt/altera/altera12.1/nios2eds/bin/gnu/H-i686-pc-linux-gnu/bin/../lib/gcc/nios2-elf/4.1.2/../../../../nios2-elf/lib/libc.a(lib_a-impure.o)
                0x0080833c                _impure_ptr
                0x00808340                _global_impure_ptr
 *(.sdata2 .sdata2.* .gnu.linkonce.s2.*)
                0x00808344                . = ALIGN (0x4)
                0x00808344                _edata = ABSOLUTE (.)
                0x00808344                PROVIDE (edata, ABSOLUTE (.))
                0x00808344                PROVIDE (__ram_rwdata_end, ABSOLUTE (.))
                0x00808344                PROVIDE (__flash_rwdata_start, LOADADDR (.rwdata))

.bss            0x00809bb8     0xf02c
                0x00809bb8                __bss_start = ABSOLUTE (.)
                0x00809bb8                PROVIDE (__sbss_start, ABSOLUTE (.))
                0x00809bb8                PROVIDE (___sbss_start, ABSOLUTE (.))
 *(.dynsbss)
 *(.sbss .sbss.* .gnu.linkonce.sb.*)
 .sbss          0x00809bb8        0xc ../akaho_66_bsp//libhal_bsp.a(alt_main.o)
                0x00809bb8                alt_argc
                0x00809bbc                alt_argv
                0x00809bc0                alt_envp
 .sbss          0x00809bc4        0x4 ../akaho_66_bsp//libhal_bsp.a(alt_irq_vars.o)
                0x00809bc4                alt_irq_active
 .sbss          0x00809bc8        0x8 ../akaho_66_bsp//libhal_bsp.a(alt_tick.o)
                0x00809bc8                _alt_tick_rate
                0x00809bcc                _alt_nticks
 .sbss          0x00809bd0        0x4 /opt/altera/altera12.1/nios2eds/bin/gnu/H-i686-pc-linux-gnu/bin/../lib/gcc/nios2-elf/4.1.2/../../../../nios2-elf/lib/libc.a(lib_a-int_errno.o)
                0x00809bd0                errno
 *(.sbss2 .sbss2.* .gnu.linkonce.sb2.*)
 *(.scommon)
                0x00809bd4                PROVIDE (__sbss_end, ABSOLUTE (.))
                0x00809bd4                PROVIDE (___sbss_end, ABSOLUTE (.))
 *(.dynbss)
 *(.bss .bss.* .gnu.linkonce.b.*)
 .bss           0x00809bd4        0x0 ../akaho_66_bsp//obj/HAL/src/crt0.o
 .bss           0x00809bd4        0x0 obj/default/hello_world.o
 .bss           0x00809bd4        0x0 /opt/altera/altera12.1/nios2eds/bin/gnu/H-i686-pc-linux-gnu/bin/../lib/gcc/nios2-elf/4.1.2/../../../../nios2-elf/lib/libm.a(lib_a-s_cos.o)
 .bss           0x00809bd4        0x0 /opt/altera/altera12.1/nios2eds/bin/gnu/H-i686-pc-linux-gnu/bin/../lib/gcc/nios2-elf/4.1.2/../../../../nios2-elf/lib/libm.a(lib_a-s_sin.o)
 .bss           0x00809bd4        0x0 /opt/altera/altera12.1/nios2eds/bin/gnu/H-i686-pc-linux-gnu/bin/../lib/gcc/nios2-elf/4.1.2/../../../../nios2-elf/lib/libm.a(lib_a-e_rem_pio2.o)
 .bss           0x00809bd4        0x0 /opt/altera/altera12.1/nios2eds/bin/gnu/H-i686-pc-linux-gnu/bin/../lib/gcc/nios2-elf/4.1.2/../../../../nios2-elf/lib/libm.a(lib_a-k_cos.o)
 .bss           0x00809bd4        0x0 /opt/altera/altera12.1/nios2eds/bin/gnu/H-i686-pc-linux-gnu/bin/../lib/gcc/nios2-elf/4.1.2/../../../../nios2-elf/lib/libm.a(lib_a-k_rem_pio2.o)
 .bss           0x00809bd4        0x0 /opt/altera/altera12.1/nios2eds/bin/gnu/H-i686-pc-linux-gnu/bin/../lib/gcc/nios2-elf/4.1.2/../../../../nios2-elf/lib/libm.a(lib_a-k_sin.o)
 .bss           0x00809bd4        0x0 /opt/altera/altera12.1/nios2eds/bin/gnu/H-i686-pc-linux-gnu/bin/../lib/gcc/nios2-elf/4.1.2/../../../../nios2-elf/lib/libm.a(lib_a-s_fabs.o)
 .bss           0x00809bd4        0x0 /opt/altera/altera12.1/nios2eds/bin/gnu/H-i686-pc-linux-gnu/bin/../lib/gcc/nios2-elf/4.1.2/../../../../nios2-elf/lib/libm.a(lib_a-s_floor.o)
 .bss           0x00809bd4        0x0 /opt/altera/altera12.1/nios2eds/bin/gnu/H-i686-pc-linux-gnu/bin/../lib/gcc/nios2-elf/4.1.2/../../../../nios2-elf/lib/libm.a(lib_a-s_scalbn.o)
 .bss           0x00809bd4        0x0 /opt/altera/altera12.1/nios2eds/bin/gnu/H-i686-pc-linux-gnu/bin/../lib/gcc/nios2-elf/4.1.2/../../../../nios2-elf/lib/libm.a(lib_a-s_copysign.o)
 .bss           0x00809bd4        0x0 /opt/altera/altera12.1/nios2eds/bin/gnu/H-i686-pc-linux-gnu/bin/../lib/gcc/nios2-elf/4.1.2/libgcc.a(_addsub_df.o)
 .bss           0x00809bd4        0x0 /opt/altera/altera12.1/nios2eds/bin/gnu/H-i686-pc-linux-gnu/bin/../lib/gcc/nios2-elf/4.1.2/libgcc.a(_mul_df.o)
 .bss           0x00809bd4        0x0 /opt/altera/altera12.1/nios2eds/bin/gnu/H-i686-pc-linux-gnu/bin/../lib/gcc/nios2-elf/4.1.2/libgcc.a(_eq_df.o)
 .bss           0x00809bd4        0x0 /opt/altera/altera12.1/nios2eds/bin/gnu/H-i686-pc-linux-gnu/bin/../lib/gcc/nios2-elf/4.1.2/libgcc.a(_gt_df.o)
 .bss           0x00809bd4        0x0 /opt/altera/altera12.1/nios2eds/bin/gnu/H-i686-pc-linux-gnu/bin/../lib/gcc/nios2-elf/4.1.2/libgcc.a(_ge_df.o)
 .bss           0x00809bd4        0x0 /opt/altera/altera12.1/nios2eds/bin/gnu/H-i686-pc-linux-gnu/bin/../lib/gcc/nios2-elf/4.1.2/libgcc.a(_si_to_df.o)
 .bss           0x00809bd4        0x0 /opt/altera/altera12.1/nios2eds/bin/gnu/H-i686-pc-linux-gnu/bin/../lib/gcc/nios2-elf/4.1.2/libgcc.a(_df_to_si.o)
 .bss           0x00809bd4        0x0 /opt/altera/altera12.1/nios2eds/bin/gnu/H-i686-pc-linux-gnu/bin/../lib/gcc/nios2-elf/4.1.2/libgcc.a(_thenan_df.o)
 .bss           0x00809bd4        0x0 /opt/altera/altera12.1/nios2eds/bin/gnu/H-i686-pc-linux-gnu/bin/../lib/gcc/nios2-elf/4.1.2/libgcc.a(lib2-divmod.o)
 .bss           0x00809bd4        0x0 /opt/altera/altera12.1/nios2eds/bin/gnu/H-i686-pc-linux-gnu/bin/../lib/gcc/nios2-elf/4.1.2/libgcc.a(_muldi3.o)
 .bss           0x00809bd4        0x0 /opt/altera/altera12.1/nios2eds/bin/gnu/H-i686-pc-linux-gnu/bin/../lib/gcc/nios2-elf/4.1.2/libgcc.a(_clzsi2.o)
 .bss           0x00809bd4        0x0 /opt/altera/altera12.1/nios2eds/bin/gnu/H-i686-pc-linux-gnu/bin/../lib/gcc/nios2-elf/4.1.2/libgcc.a(_pack_df.o)
 .bss           0x00809bd4        0x0 /opt/altera/altera12.1/nios2eds/bin/gnu/H-i686-pc-linux-gnu/bin/../lib/gcc/nios2-elf/4.1.2/libgcc.a(_unpack_df.o)
 .bss           0x00809bd4        0x0 /opt/altera/altera12.1/nios2eds/bin/gnu/H-i686-pc-linux-gnu/bin/../lib/gcc/nios2-elf/4.1.2/libgcc.a(_fpcmp_parts_df.o)
 .bss           0x00809bd4        0x0 /opt/altera/altera12.1/nios2eds/bin/gnu/H-i686-pc-linux-gnu/bin/../lib/gcc/nios2-elf/4.1.2/libgcc.a(_clz.o)
 .bss           0x00809bd4        0x0 ../akaho_66_bsp//libhal_bsp.a(alt_load.o)
 .bss           0x00809bd4        0x0 ../akaho_66_bsp//libhal_bsp.a(alt_main.o)
 .bss           0x00809bd4        0x0 ../akaho_66_bsp//libhal_bsp.a(alt_sys_init.o)
 .bss           0x00809bd4        0x0 ../akaho_66_bsp//libhal_bsp.a(altera_avalon_jtag_uart_fd.o)
 .bss           0x00809bd4        0x0 ../akaho_66_bsp//libhal_bsp.a(altera_avalon_jtag_uart_init.o)
 .bss           0x00809bd4        0x0 ../akaho_66_bsp//libhal_bsp.a(altera_avalon_jtag_uart_ioctl.o)
 .bss           0x00809bd4        0x0 ../akaho_66_bsp//libhal_bsp.a(altera_avalon_jtag_uart_read.o)
 .bss           0x00809bd4        0x0 ../akaho_66_bsp//libhal_bsp.a(altera_avalon_jtag_uart_write.o)
 .bss           0x00809bd4        0x0 ../akaho_66_bsp//libhal_bsp.a(alt_alarm_start.o)
 .bss           0x00809bd4        0x0 ../akaho_66_bsp//libhal_bsp.a(alt_close.o)
 .bss           0x00809bd4        0x0 ../akaho_66_bsp//libhal_bsp.a(alt_dcache_flush_all.o)
 .bss           0x00809bd4        0x0 ../akaho_66_bsp//libhal_bsp.a(alt_dev.o)
 .bss           0x00809bd4        0x0 ../akaho_66_bsp//libhal_bsp.a(alt_dev_llist_insert.o)
 .bss           0x00809bd4        0x0 ../akaho_66_bsp//libhal_bsp.a(alt_do_ctors.o)
 .bss           0x00809bd4        0x0 ../akaho_66_bsp//libhal_bsp.a(alt_do_dtors.o)
 .bss           0x00809bd4        0x0 ../akaho_66_bsp//libhal_bsp.a(alt_errno.o)
 .bss           0x00809bd4        0x0 ../akaho_66_bsp//libhal_bsp.a(alt_icache_flush_all.o)
 .bss           0x00809bd4        0x0 ../akaho_66_bsp//libhal_bsp.a(alt_iic.o)
 .bss           0x00809bd4        0x0 ../akaho_66_bsp//libhal_bsp.a(alt_iic_isr_register.o)
 .bss           0x00809bd4        0x0 ../akaho_66_bsp//libhal_bsp.a(alt_io_redirect.o)
 .bss           0x00809bd4        0x0 ../akaho_66_bsp//libhal_bsp.a(alt_irq_entry.o)
 .bss           0x00809bd4        0x0 ../akaho_66_bsp//libhal_bsp.a(alt_irq_handler.o)
 .bss           0x00809bd4        0x0 ../akaho_66_bsp//libhal_bsp.a(alt_irq_vars.o)
 .bss           0x00809bd4        0x0 ../akaho_66_bsp//libhal_bsp.a(alt_open.o)
 .bss           0x00809bd4        0x0 ../akaho_66_bsp//libhal_bsp.a(alt_release_fd.o)
 .bss           0x00809bd4        0x0 ../akaho_66_bsp//libhal_bsp.a(alt_tick.o)
 .bss           0x00809bd4        0x0 ../akaho_66_bsp//libhal_bsp.a(altera_nios2_irq.o)
 .bss           0x00809bd4        0x0 ../akaho_66_bsp//libhal_bsp.a(alt_exception_entry.o)
 .bss           0x00809bd4        0x0 ../akaho_66_bsp//libhal_bsp.a(alt_find_dev.o)
 .bss           0x00809bd4        0x0 ../akaho_66_bsp//libhal_bsp.a(alt_find_file.o)
 .bss           0x00809bd4        0x0 ../akaho_66_bsp//libhal_bsp.a(alt_get_fd.o)
 .bss           0x00809bd4        0x0 ../akaho_66_bsp//libhal_bsp.a(alt_icache_flush.o)
 .bss           0x00809bd4        0x0 /opt/altera/altera12.1/nios2eds/bin/gnu/H-i686-pc-linux-gnu/bin/../lib/gcc/nios2-elf/4.1.2/../../../../nios2-elf/lib/libc.a(lib_a-atexit.o)
 .bss           0x00809bd4        0x0 /opt/altera/altera12.1/nios2eds/bin/gnu/H-i686-pc-linux-gnu/bin/../lib/gcc/nios2-elf/4.1.2/../../../../nios2-elf/lib/libc.a(lib_a-exit.o)
 .bss           0x00809bd4        0x0 /opt/altera/altera12.1/nios2eds/bin/gnu/H-i686-pc-linux-gnu/bin/../lib/gcc/nios2-elf/4.1.2/../../../../nios2-elf/lib/libc.a(lib_a-impure.o)
 .bss           0x00809bd4        0x0 /opt/altera/altera12.1/nios2eds/bin/gnu/H-i686-pc-linux-gnu/bin/../lib/gcc/nios2-elf/4.1.2/../../../../nios2-elf/lib/libc.a(lib_a-int_errno.o)
 .bss           0x00809bd4        0x0 /opt/altera/altera12.1/nios2eds/bin/gnu/H-i686-pc-linux-gnu/bin/../lib/gcc/nios2-elf/4.1.2/../../../../nios2-elf/lib/libc.a(lib_a-memcmp.o)
 .bss           0x00809bd4        0x0 /opt/altera/altera12.1/nios2eds/bin/gnu/H-i686-pc-linux-gnu/bin/../lib/gcc/nios2-elf/4.1.2/../../../../nios2-elf/lib/libc.a(lib_a-memcpy.o)
 .bss           0x00809bd4        0x0 /opt/altera/altera12.1/nios2eds/bin/gnu/H-i686-pc-linux-gnu/bin/../lib/gcc/nios2-elf/4.1.2/../../../../nios2-elf/lib/libc.a(lib_a-strlen.o)
 .bss           0x00809bd4        0x0 /opt/altera/altera12.1/nios2eds/bin/gnu/H-i686-pc-linux-gnu/bin/../lib/gcc/nios2-elf/4.1.2/../../../../nios2-elf/lib/libc.a(lib_a-__atexit.o)
 .bss           0x00809bd4        0x0 /opt/altera/altera12.1/nios2eds/bin/gnu/H-i686-pc-linux-gnu/bin/../lib/gcc/nios2-elf/4.1.2/../../../../nios2-elf/lib/libc.a(lib_a-__call_atexit.o)
 .bss           0x00809bd4        0x0 ../akaho_66_bsp//libhal_bsp.a(alt_exit.o)
 *(COMMON)
 COMMON         0x00809bd4     0xed80 obj/default/hello_world.o
                0x00809bd4                dirsine
                0x0080d234                sine
                0x00810894                cosine
                0x00813ef4                stoparray
                0x008148f4                startarray
                0x008152f4                dircosine
 COMMON         0x00818954      0x100 ../akaho_66_bsp//libhal_bsp.a(alt_irq_handler.o)
                0x00818954                alt_irq
 COMMON         0x00818a54      0x190 /opt/altera/altera12.1/nios2eds/bin/gnu/H-i686-pc-linux-gnu/bin/../lib/gcc/nios2-elf/4.1.2/../../../../nios2-elf/lib/libc.a(lib_a-atexit.o)
                0x00818a54                _atexit0
                0x00818be4                . = ALIGN (0x4)
                0x00818be4                __bss_end = ABSOLUTE (.)

.sdram_0        0x00818be4        0x0
                0x00818be4                PROVIDE (_alt_partition_sdram_0_start, ABSOLUTE (.))
 *(.sdram_0. sdram_0.*)
                0x00818be4                . = ALIGN (0x4)
                0x00818be4                PROVIDE (_alt_partition_sdram_0_end, ABSOLUTE (.))
                0x00818be4                _end = ABSOLUTE (.)
                0x00818be4                end = ABSOLUTE (.)
                0x00818be4                __alt_stack_base = ABSOLUTE (.)
                0x00818be4                PROVIDE (_alt_partition_sdram_0_load_addr, LOADADDR (.sdram_0))

.stab
 *(.stab)

.stabstr
 *(.stabstr)

.stab.excl
 *(.stab.excl)

.stab.exclstr
 *(.stab.exclstr)

.stab.index
 *(.stab.index)

.stab.indexstr
 *(.stab.indexstr)

.comment        0x00000000       0x23
 *(.comment)
 .comment       0x00000000       0x23 obj/default/hello_world.o
                                 0x24 (size before relaxing)
 .comment       0x00000000       0x24 /opt/altera/altera12.1/nios2eds/bin/gnu/H-i686-pc-linux-gnu/bin/../lib/gcc/nios2-elf/4.1.2/../../../../nios2-elf/lib/libm.a(lib_a-s_cos.o)
 .comment       0x00000000       0x24 /opt/altera/altera12.1/nios2eds/bin/gnu/H-i686-pc-linux-gnu/bin/../lib/gcc/nios2-elf/4.1.2/../../../../nios2-elf/lib/libm.a(lib_a-s_sin.o)
 .comment       0x00000000       0x24 /opt/altera/altera12.1/nios2eds/bin/gnu/H-i686-pc-linux-gnu/bin/../lib/gcc/nios2-elf/4.1.2/../../../../nios2-elf/lib/libm.a(lib_a-e_rem_pio2.o)
 .comment       0x00000000       0x24 /opt/altera/altera12.1/nios2eds/bin/gnu/H-i686-pc-linux-gnu/bin/../lib/gcc/nios2-elf/4.1.2/../../../../nios2-elf/lib/libm.a(lib_a-k_cos.o)
 .comment       0x00000000       0x24 /opt/altera/altera12.1/nios2eds/bin/gnu/H-i686-pc-linux-gnu/bin/../lib/gcc/nios2-elf/4.1.2/../../../../nios2-elf/lib/libm.a(lib_a-k_rem_pio2.o)
 .comment       0x00000000       0x24 /opt/altera/altera12.1/nios2eds/bin/gnu/H-i686-pc-linux-gnu/bin/../lib/gcc/nios2-elf/4.1.2/../../../../nios2-elf/lib/libm.a(lib_a-k_sin.o)
 .comment       0x00000000       0x24 /opt/altera/altera12.1/nios2eds/bin/gnu/H-i686-pc-linux-gnu/bin/../lib/gcc/nios2-elf/4.1.2/../../../../nios2-elf/lib/libm.a(lib_a-s_fabs.o)
 .comment       0x00000000       0x24 /opt/altera/altera12.1/nios2eds/bin/gnu/H-i686-pc-linux-gnu/bin/../lib/gcc/nios2-elf/4.1.2/../../../../nios2-elf/lib/libm.a(lib_a-s_floor.o)
 .comment       0x00000000       0x24 /opt/altera/altera12.1/nios2eds/bin/gnu/H-i686-pc-linux-gnu/bin/../lib/gcc/nios2-elf/4.1.2/../../../../nios2-elf/lib/libm.a(lib_a-s_scalbn.o)
 .comment       0x00000000       0x24 /opt/altera/altera12.1/nios2eds/bin/gnu/H-i686-pc-linux-gnu/bin/../lib/gcc/nios2-elf/4.1.2/../../../../nios2-elf/lib/libm.a(lib_a-s_copysign.o)
 .comment       0x00000000       0x24 /opt/altera/altera12.1/nios2eds/bin/gnu/H-i686-pc-linux-gnu/bin/../lib/gcc/nios2-elf/4.1.2/libgcc.a(_addsub_df.o)
 .comment       0x00000000       0x24 /opt/altera/altera12.1/nios2eds/bin/gnu/H-i686-pc-linux-gnu/bin/../lib/gcc/nios2-elf/4.1.2/libgcc.a(_mul_df.o)
 .comment       0x00000000       0x24 /opt/altera/altera12.1/nios2eds/bin/gnu/H-i686-pc-linux-gnu/bin/../lib/gcc/nios2-elf/4.1.2/libgcc.a(_eq_df.o)
 .comment       0x00000000       0x24 /opt/altera/altera12.1/nios2eds/bin/gnu/H-i686-pc-linux-gnu/bin/../lib/gcc/nios2-elf/4.1.2/libgcc.a(_gt_df.o)
 .comment       0x00000000       0x24 /opt/altera/altera12.1/nios2eds/bin/gnu/H-i686-pc-linux-gnu/bin/../lib/gcc/nios2-elf/4.1.2/libgcc.a(_ge_df.o)
 .comment       0x00000000       0x24 /opt/altera/altera12.1/nios2eds/bin/gnu/H-i686-pc-linux-gnu/bin/../lib/gcc/nios2-elf/4.1.2/libgcc.a(_si_to_df.o)
 .comment       0x00000000       0x24 /opt/altera/altera12.1/nios2eds/bin/gnu/H-i686-pc-linux-gnu/bin/../lib/gcc/nios2-elf/4.1.2/libgcc.a(_df_to_si.o)
 .comment       0x00000000       0x24 /opt/altera/altera12.1/nios2eds/bin/gnu/H-i686-pc-linux-gnu/bin/../lib/gcc/nios2-elf/4.1.2/libgcc.a(_thenan_df.o)
 .comment       0x00000000       0x24 /opt/altera/altera12.1/nios2eds/bin/gnu/H-i686-pc-linux-gnu/bin/../lib/gcc/nios2-elf/4.1.2/libgcc.a(lib2-divmod.o)
 .comment       0x00000000       0x24 /opt/altera/altera12.1/nios2eds/bin/gnu/H-i686-pc-linux-gnu/bin/../lib/gcc/nios2-elf/4.1.2/libgcc.a(_muldi3.o)
 .comment       0x00000000       0x24 /opt/altera/altera12.1/nios2eds/bin/gnu/H-i686-pc-linux-gnu/bin/../lib/gcc/nios2-elf/4.1.2/libgcc.a(_clzsi2.o)
 .comment       0x00000000       0x24 /opt/altera/altera12.1/nios2eds/bin/gnu/H-i686-pc-linux-gnu/bin/../lib/gcc/nios2-elf/4.1.2/libgcc.a(_pack_df.o)
 .comment       0x00000000       0x24 /opt/altera/altera12.1/nios2eds/bin/gnu/H-i686-pc-linux-gnu/bin/../lib/gcc/nios2-elf/4.1.2/libgcc.a(_unpack_df.o)
 .comment       0x00000000       0x24 /opt/altera/altera12.1/nios2eds/bin/gnu/H-i686-pc-linux-gnu/bin/../lib/gcc/nios2-elf/4.1.2/libgcc.a(_fpcmp_parts_df.o)
 .comment       0x00000000       0x24 /opt/altera/altera12.1/nios2eds/bin/gnu/H-i686-pc-linux-gnu/bin/../lib/gcc/nios2-elf/4.1.2/libgcc.a(_clz.o)
 .comment       0x00000000       0x24 ../akaho_66_bsp//libhal_bsp.a(alt_load.o)
 .comment       0x00000000       0x24 ../akaho_66_bsp//libhal_bsp.a(alt_main.o)
 .comment       0x00000000       0x24 ../akaho_66_bsp//libhal_bsp.a(alt_sys_init.o)
 .comment       0x00000000       0x24 ../akaho_66_bsp//libhal_bsp.a(altera_avalon_jtag_uart_fd.o)
 .comment       0x00000000       0x24 ../akaho_66_bsp//libhal_bsp.a(altera_avalon_jtag_uart_init.o)
 .comment       0x00000000       0x24 ../akaho_66_bsp//libhal_bsp.a(altera_avalon_jtag_uart_ioctl.o)
 .comment       0x00000000       0x24 ../akaho_66_bsp//libhal_bsp.a(altera_avalon_jtag_uart_read.o)
 .comment       0x00000000       0x24 ../akaho_66_bsp//libhal_bsp.a(altera_avalon_jtag_uart_write.o)
 .comment       0x00000000       0x24 ../akaho_66_bsp//libhal_bsp.a(alt_alarm_start.o)
 .comment       0x00000000       0x24 ../akaho_66_bsp//libhal_bsp.a(alt_close.o)
 .comment       0x00000000       0x24 ../akaho_66_bsp//libhal_bsp.a(alt_dcache_flush_all.o)
 .comment       0x00000000       0x24 ../akaho_66_bsp//libhal_bsp.a(alt_dev.o)
 .comment       0x00000000       0x24 ../akaho_66_bsp//libhal_bsp.a(alt_dev_llist_insert.o)
 .comment       0x00000000       0x24 ../akaho_66_bsp//libhal_bsp.a(alt_do_ctors.o)
 .comment       0x00000000       0x24 ../akaho_66_bsp//libhal_bsp.a(alt_do_dtors.o)
 .comment       0x00000000       0x24 ../akaho_66_bsp//libhal_bsp.a(alt_errno.o)
 .comment       0x00000000       0x24 ../akaho_66_bsp//libhal_bsp.a(alt_icache_flush_all.o)
 .comment       0x00000000       0x24 ../akaho_66_bsp//libhal_bsp.a(alt_iic.o)
 .comment       0x00000000       0x24 ../akaho_66_bsp//libhal_bsp.a(alt_iic_isr_register.o)
 .comment       0x00000000       0x24 ../akaho_66_bsp//libhal_bsp.a(alt_io_redirect.o)
 .comment       0x00000000       0x24 ../akaho_66_bsp//libhal_bsp.a(alt_irq_handler.o)
 .comment       0x00000000       0x24 ../akaho_66_bsp//libhal_bsp.a(alt_irq_vars.o)
 .comment       0x00000000       0x24 ../akaho_66_bsp//libhal_bsp.a(alt_open.o)
 .comment       0x00000000       0x24 ../akaho_66_bsp//libhal_bsp.a(alt_release_fd.o)
 .comment       0x00000000       0x24 ../akaho_66_bsp//libhal_bsp.a(alt_tick.o)
 .comment       0x00000000       0x24 ../akaho_66_bsp//libhal_bsp.a(altera_nios2_irq.o)
 .comment       0x00000000       0x24 ../akaho_66_bsp//libhal_bsp.a(alt_find_dev.o)
 .comment       0x00000000       0x24 ../akaho_66_bsp//libhal_bsp.a(alt_find_file.o)
 .comment       0x00000000       0x24 ../akaho_66_bsp//libhal_bsp.a(alt_get_fd.o)
 .comment       0x00000000       0x24 ../akaho_66_bsp//libhal_bsp.a(alt_icache_flush.o)
 .comment       0x00000000       0x24 /opt/altera/altera12.1/nios2eds/bin/gnu/H-i686-pc-linux-gnu/bin/../lib/gcc/nios2-elf/4.1.2/../../../../nios2-elf/lib/libc.a(lib_a-atexit.o)
 .comment       0x00000000       0x24 /opt/altera/altera12.1/nios2eds/bin/gnu/H-i686-pc-linux-gnu/bin/../lib/gcc/nios2-elf/4.1.2/../../../../nios2-elf/lib/libc.a(lib_a-exit.o)
 .comment       0x00000000       0x24 /opt/altera/altera12.1/nios2eds/bin/gnu/H-i686-pc-linux-gnu/bin/../lib/gcc/nios2-elf/4.1.2/../../../../nios2-elf/lib/libc.a(lib_a-impure.o)
 .comment       0x00000000       0x24 /opt/altera/altera12.1/nios2eds/bin/gnu/H-i686-pc-linux-gnu/bin/../lib/gcc/nios2-elf/4.1.2/../../../../nios2-elf/lib/libc.a(lib_a-int_errno.o)
 .comment       0x00000000       0x24 /opt/altera/altera12.1/nios2eds/bin/gnu/H-i686-pc-linux-gnu/bin/../lib/gcc/nios2-elf/4.1.2/../../../../nios2-elf/lib/libc.a(lib_a-memcmp.o)
 .comment       0x00000000       0x24 /opt/altera/altera12.1/nios2eds/bin/gnu/H-i686-pc-linux-gnu/bin/../lib/gcc/nios2-elf/4.1.2/../../../../nios2-elf/lib/libc.a(lib_a-memcpy.o)
 .comment       0x00000000       0x24 /opt/altera/altera12.1/nios2eds/bin/gnu/H-i686-pc-linux-gnu/bin/../lib/gcc/nios2-elf/4.1.2/../../../../nios2-elf/lib/libc.a(lib_a-strlen.o)
 .comment       0x00000000       0x24 /opt/altera/altera12.1/nios2eds/bin/gnu/H-i686-pc-linux-gnu/bin/../lib/gcc/nios2-elf/4.1.2/../../../../nios2-elf/lib/libc.a(lib_a-__atexit.o)
 .comment       0x00000000       0x24 /opt/altera/altera12.1/nios2eds/bin/gnu/H-i686-pc-linux-gnu/bin/../lib/gcc/nios2-elf/4.1.2/../../../../nios2-elf/lib/libc.a(lib_a-__call_atexit.o)
 .comment       0x00000000       0x24 ../akaho_66_bsp//libhal_bsp.a(alt_exit.o)

.debug
 *(.debug)

.line
 *(.line)

.debug_srcinfo
 *(.debug_srcinfo)

.debug_sfnames
 *(.debug_sfnames)

.debug_aranges  0x00000000      0x818
 *(.debug_aranges)
 .debug_aranges
                0x00000000       0x28 ../akaho_66_bsp//obj/HAL/src/crt0.o
 .debug_aranges
                0x00000028       0x20 obj/default/hello_world.o
 .debug_aranges
                0x00000048       0x20 /opt/altera/altera12.1/nios2eds/bin/gnu/H-i686-pc-linux-gnu/bin/../lib/gcc/nios2-elf/4.1.2/../../../../nios2-elf/lib/libm.a(lib_a-s_cos.o)
 .debug_aranges
                0x00000068       0x20 /opt/altera/altera12.1/nios2eds/bin/gnu/H-i686-pc-linux-gnu/bin/../lib/gcc/nios2-elf/4.1.2/../../../../nios2-elf/lib/libm.a(lib_a-s_sin.o)
 .debug_aranges
                0x00000088       0x20 /opt/altera/altera12.1/nios2eds/bin/gnu/H-i686-pc-linux-gnu/bin/../lib/gcc/nios2-elf/4.1.2/../../../../nios2-elf/lib/libm.a(lib_a-e_rem_pio2.o)
 .debug_aranges
                0x000000a8       0x20 /opt/altera/altera12.1/nios2eds/bin/gnu/H-i686-pc-linux-gnu/bin/../lib/gcc/nios2-elf/4.1.2/../../../../nios2-elf/lib/libm.a(lib_a-k_cos.o)
 .debug_aranges
                0x000000c8       0x20 /opt/altera/altera12.1/nios2eds/bin/gnu/H-i686-pc-linux-gnu/bin/../lib/gcc/nios2-elf/4.1.2/../../../../nios2-elf/lib/libm.a(lib_a-k_rem_pio2.o)
 .debug_aranges
                0x000000e8       0x20 /opt/altera/altera12.1/nios2eds/bin/gnu/H-i686-pc-linux-gnu/bin/../lib/gcc/nios2-elf/4.1.2/../../../../nios2-elf/lib/libm.a(lib_a-k_sin.o)
 .debug_aranges
                0x00000108       0x20 /opt/altera/altera12.1/nios2eds/bin/gnu/H-i686-pc-linux-gnu/bin/../lib/gcc/nios2-elf/4.1.2/../../../../nios2-elf/lib/libm.a(lib_a-s_fabs.o)
 .debug_aranges
                0x00000128       0x20 /opt/altera/altera12.1/nios2eds/bin/gnu/H-i686-pc-linux-gnu/bin/../lib/gcc/nios2-elf/4.1.2/../../../../nios2-elf/lib/libm.a(lib_a-s_floor.o)
 .debug_aranges
                0x00000148       0x20 /opt/altera/altera12.1/nios2eds/bin/gnu/H-i686-pc-linux-gnu/bin/../lib/gcc/nios2-elf/4.1.2/../../../../nios2-elf/lib/libm.a(lib_a-s_scalbn.o)
 .debug_aranges
                0x00000168       0x20 /opt/altera/altera12.1/nios2eds/bin/gnu/H-i686-pc-linux-gnu/bin/../lib/gcc/nios2-elf/4.1.2/../../../../nios2-elf/lib/libm.a(lib_a-s_copysign.o)
 .debug_aranges
                0x00000188       0x20 /opt/altera/altera12.1/nios2eds/bin/gnu/H-i686-pc-linux-gnu/bin/../lib/gcc/nios2-elf/4.1.2/libgcc.a(_addsub_df.o)
 .debug_aranges
                0x000001a8       0x20 /opt/altera/altera12.1/nios2eds/bin/gnu/H-i686-pc-linux-gnu/bin/../lib/gcc/nios2-elf/4.1.2/libgcc.a(_mul_df.o)
 .debug_aranges
                0x000001c8       0x20 /opt/altera/altera12.1/nios2eds/bin/gnu/H-i686-pc-linux-gnu/bin/../lib/gcc/nios2-elf/4.1.2/libgcc.a(_eq_df.o)
 .debug_aranges
                0x000001e8       0x20 /opt/altera/altera12.1/nios2eds/bin/gnu/H-i686-pc-linux-gnu/bin/../lib/gcc/nios2-elf/4.1.2/libgcc.a(_gt_df.o)
 .debug_aranges
                0x00000208       0x20 /opt/altera/altera12.1/nios2eds/bin/gnu/H-i686-pc-linux-gnu/bin/../lib/gcc/nios2-elf/4.1.2/libgcc.a(_ge_df.o)
 .debug_aranges
                0x00000228       0x20 /opt/altera/altera12.1/nios2eds/bin/gnu/H-i686-pc-linux-gnu/bin/../lib/gcc/nios2-elf/4.1.2/libgcc.a(_si_to_df.o)
 .debug_aranges
                0x00000248       0x20 /opt/altera/altera12.1/nios2eds/bin/gnu/H-i686-pc-linux-gnu/bin/../lib/gcc/nios2-elf/4.1.2/libgcc.a(_df_to_si.o)
 .debug_aranges
                0x00000268       0x20 /opt/altera/altera12.1/nios2eds/bin/gnu/H-i686-pc-linux-gnu/bin/../lib/gcc/nios2-elf/4.1.2/libgcc.a(lib2-divmod.o)
 .debug_aranges
                0x00000288       0x20 /opt/altera/altera12.1/nios2eds/bin/gnu/H-i686-pc-linux-gnu/bin/../lib/gcc/nios2-elf/4.1.2/libgcc.a(_muldi3.o)
 .debug_aranges
                0x000002a8       0x20 /opt/altera/altera12.1/nios2eds/bin/gnu/H-i686-pc-linux-gnu/bin/../lib/gcc/nios2-elf/4.1.2/libgcc.a(_clzsi2.o)
 .debug_aranges
                0x000002c8       0x20 /opt/altera/altera12.1/nios2eds/bin/gnu/H-i686-pc-linux-gnu/bin/../lib/gcc/nios2-elf/4.1.2/libgcc.a(_pack_df.o)
 .debug_aranges
                0x000002e8       0x20 /opt/altera/altera12.1/nios2eds/bin/gnu/H-i686-pc-linux-gnu/bin/../lib/gcc/nios2-elf/4.1.2/libgcc.a(_unpack_df.o)
 .debug_aranges
                0x00000308       0x20 /opt/altera/altera12.1/nios2eds/bin/gnu/H-i686-pc-linux-gnu/bin/../lib/gcc/nios2-elf/4.1.2/libgcc.a(_fpcmp_parts_df.o)
 .debug_aranges
                0x00000328       0x20 ../akaho_66_bsp//libhal_bsp.a(alt_load.o)
 .debug_aranges
                0x00000348       0x20 ../akaho_66_bsp//libhal_bsp.a(alt_main.o)
 .debug_aranges
                0x00000368       0x20 ../akaho_66_bsp//libhal_bsp.a(alt_sys_init.o)
 .debug_aranges
                0x00000388       0x20 ../akaho_66_bsp//libhal_bsp.a(altera_avalon_jtag_uart_fd.o)
 .debug_aranges
                0x000003a8       0x20 ../akaho_66_bsp//libhal_bsp.a(altera_avalon_jtag_uart_init.o)
 .debug_aranges
                0x000003c8       0x20 ../akaho_66_bsp//libhal_bsp.a(altera_avalon_jtag_uart_ioctl.o)
 .debug_aranges
                0x000003e8       0x20 ../akaho_66_bsp//libhal_bsp.a(altera_avalon_jtag_uart_read.o)
 .debug_aranges
                0x00000408       0x20 ../akaho_66_bsp//libhal_bsp.a(altera_avalon_jtag_uart_write.o)
 .debug_aranges
                0x00000428       0x20 ../akaho_66_bsp//libhal_bsp.a(alt_alarm_start.o)
 .debug_aranges
                0x00000448       0x20 ../akaho_66_bsp//libhal_bsp.a(alt_close.o)
 .debug_aranges
                0x00000468       0x20 ../akaho_66_bsp//libhal_bsp.a(alt_dcache_flush_all.o)
 .debug_aranges
                0x00000488       0x20 ../akaho_66_bsp//libhal_bsp.a(alt_dev.o)
 .debug_aranges
                0x000004a8       0x20 ../akaho_66_bsp//libhal_bsp.a(alt_dev_llist_insert.o)
 .debug_aranges
                0x000004c8       0x20 ../akaho_66_bsp//libhal_bsp.a(alt_do_ctors.o)
 .debug_aranges
                0x000004e8       0x20 ../akaho_66_bsp//libhal_bsp.a(alt_do_dtors.o)
 .debug_aranges
                0x00000508       0x20 ../akaho_66_bsp//libhal_bsp.a(alt_icache_flush_all.o)
 .debug_aranges
                0x00000528       0x20 ../akaho_66_bsp//libhal_bsp.a(alt_iic.o)
 .debug_aranges
                0x00000548       0x20 ../akaho_66_bsp//libhal_bsp.a(alt_iic_isr_register.o)
 .debug_aranges
                0x00000568       0x20 ../akaho_66_bsp//libhal_bsp.a(alt_io_redirect.o)
 .debug_aranges
                0x00000588       0x30 ../akaho_66_bsp//libhal_bsp.a(alt_irq_entry.o)
 .debug_aranges
                0x000005b8       0x28 ../akaho_66_bsp//libhal_bsp.a(alt_irq_handler.o)
 .debug_aranges
                0x000005e0       0x20 ../akaho_66_bsp//libhal_bsp.a(alt_open.o)
 .debug_aranges
                0x00000600       0x20 ../akaho_66_bsp//libhal_bsp.a(alt_release_fd.o)
 .debug_aranges
                0x00000620       0x20 ../akaho_66_bsp//libhal_bsp.a(alt_tick.o)
 .debug_aranges
                0x00000640       0x20 ../akaho_66_bsp//libhal_bsp.a(altera_nios2_irq.o)
 .debug_aranges
                0x00000660       0x38 ../akaho_66_bsp//libhal_bsp.a(alt_exception_entry.o)
 .debug_aranges
                0x00000698       0x20 ../akaho_66_bsp//libhal_bsp.a(alt_find_dev.o)
 .debug_aranges
                0x000006b8       0x20 ../akaho_66_bsp//libhal_bsp.a(alt_find_file.o)
 .debug_aranges
                0x000006d8       0x20 ../akaho_66_bsp//libhal_bsp.a(alt_get_fd.o)
 .debug_aranges
                0x000006f8       0x20 ../akaho_66_bsp//libhal_bsp.a(alt_icache_flush.o)
 .debug_aranges
                0x00000718       0x20 /opt/altera/altera12.1/nios2eds/bin/gnu/H-i686-pc-linux-gnu/bin/../lib/gcc/nios2-elf/4.1.2/../../../../nios2-elf/lib/libc.a(lib_a-atexit.o)
 .debug_aranges
                0x00000738       0x20 /opt/altera/altera12.1/nios2eds/bin/gnu/H-i686-pc-linux-gnu/bin/../lib/gcc/nios2-elf/4.1.2/../../../../nios2-elf/lib/libc.a(lib_a-exit.o)
 .debug_aranges
                0x00000758       0x20 /opt/altera/altera12.1/nios2eds/bin/gnu/H-i686-pc-linux-gnu/bin/../lib/gcc/nios2-elf/4.1.2/../../../../nios2-elf/lib/libc.a(lib_a-memcmp.o)
 .debug_aranges
                0x00000778       0x20 /opt/altera/altera12.1/nios2eds/bin/gnu/H-i686-pc-linux-gnu/bin/../lib/gcc/nios2-elf/4.1.2/../../../../nios2-elf/lib/libc.a(lib_a-memcpy.o)
 .debug_aranges
                0x00000798       0x20 /opt/altera/altera12.1/nios2eds/bin/gnu/H-i686-pc-linux-gnu/bin/../lib/gcc/nios2-elf/4.1.2/../../../../nios2-elf/lib/libc.a(lib_a-strlen.o)
 .debug_aranges
                0x000007b8       0x20 /opt/altera/altera12.1/nios2eds/bin/gnu/H-i686-pc-linux-gnu/bin/../lib/gcc/nios2-elf/4.1.2/../../../../nios2-elf/lib/libc.a(lib_a-__atexit.o)
 .debug_aranges
                0x000007d8       0x20 /opt/altera/altera12.1/nios2eds/bin/gnu/H-i686-pc-linux-gnu/bin/../lib/gcc/nios2-elf/4.1.2/../../../../nios2-elf/lib/libc.a(lib_a-__call_atexit.o)
 .debug_aranges
                0x000007f8       0x20 ../akaho_66_bsp//libhal_bsp.a(alt_exit.o)

.debug_pubnames
                0x00000000      0xbb5
 *(.debug_pubnames)
 .debug_pubnames
                0x00000000       0xc1 obj/default/hello_world.o
 .debug_pubnames
                0x000000c1       0x1a /opt/altera/altera12.1/nios2eds/bin/gnu/H-i686-pc-linux-gnu/bin/../lib/gcc/nios2-elf/4.1.2/../../../../nios2-elf/lib/libm.a(lib_a-s_cos.o)
 .debug_pubnames
                0x000000db       0x1a /opt/altera/altera12.1/nios2eds/bin/gnu/H-i686-pc-linux-gnu/bin/../lib/gcc/nios2-elf/4.1.2/../../../../nios2-elf/lib/libm.a(lib_a-s_sin.o)
 .debug_pubnames
                0x000000f5       0x29 /opt/altera/altera12.1/nios2eds/bin/gnu/H-i686-pc-linux-gnu/bin/../lib/gcc/nios2-elf/4.1.2/../../../../nios2-elf/lib/libm.a(lib_a-e_rem_pio2.o)
 .debug_pubnames
                0x0000011e       0x23 /opt/altera/altera12.1/nios2eds/bin/gnu/H-i686-pc-linux-gnu/bin/../lib/gcc/nios2-elf/4.1.2/../../../../nios2-elf/lib/libm.a(lib_a-k_cos.o)
 .debug_pubnames
                0x00000141       0x28 /opt/altera/altera12.1/nios2eds/bin/gnu/H-i686-pc-linux-gnu/bin/../lib/gcc/nios2-elf/4.1.2/../../../../nios2-elf/lib/libm.a(lib_a-k_rem_pio2.o)
 .debug_pubnames
                0x00000169       0x23 /opt/altera/altera12.1/nios2eds/bin/gnu/H-i686-pc-linux-gnu/bin/../lib/gcc/nios2-elf/4.1.2/../../../../nios2-elf/lib/libm.a(lib_a-k_sin.o)
 .debug_pubnames
                0x0000018c       0x1b /opt/altera/altera12.1/nios2eds/bin/gnu/H-i686-pc-linux-gnu/bin/../lib/gcc/nios2-elf/4.1.2/../../../../nios2-elf/lib/libm.a(lib_a-s_fabs.o)
 .debug_pubnames
                0x000001a7       0x1c /opt/altera/altera12.1/nios2eds/bin/gnu/H-i686-pc-linux-gnu/bin/../lib/gcc/nios2-elf/4.1.2/../../../../nios2-elf/lib/libm.a(lib_a-s_floor.o)
 .debug_pubnames
                0x000001c3       0x1d /opt/altera/altera12.1/nios2eds/bin/gnu/H-i686-pc-linux-gnu/bin/../lib/gcc/nios2-elf/4.1.2/../../../../nios2-elf/lib/libm.a(lib_a-s_scalbn.o)
 .debug_pubnames
                0x000001e0       0x1f /opt/altera/altera12.1/nios2eds/bin/gnu/H-i686-pc-linux-gnu/bin/../lib/gcc/nios2-elf/4.1.2/../../../../nios2-elf/lib/libm.a(lib_a-s_copysign.o)
 .debug_pubnames
                0x000001ff       0x2c /opt/altera/altera12.1/nios2eds/bin/gnu/H-i686-pc-linux-gnu/bin/../lib/gcc/nios2-elf/4.1.2/libgcc.a(_addsub_df.o)
 .debug_pubnames
                0x0000022b       0x1f /opt/altera/altera12.1/nios2eds/bin/gnu/H-i686-pc-linux-gnu/bin/../lib/gcc/nios2-elf/4.1.2/libgcc.a(_mul_df.o)
 .debug_pubnames
                0x0000024a       0x1e /opt/altera/altera12.1/nios2eds/bin/gnu/H-i686-pc-linux-gnu/bin/../lib/gcc/nios2-elf/4.1.2/libgcc.a(_eq_df.o)
 .debug_pubnames
                0x00000268       0x1e /opt/altera/altera12.1/nios2eds/bin/gnu/H-i686-pc-linux-gnu/bin/../lib/gcc/nios2-elf/4.1.2/libgcc.a(_gt_df.o)
 .debug_pubnames
                0x00000286       0x1e /opt/altera/altera12.1/nios2eds/bin/gnu/H-i686-pc-linux-gnu/bin/../lib/gcc/nios2-elf/4.1.2/libgcc.a(_ge_df.o)
 .debug_pubnames
                0x000002a4       0x22 /opt/altera/altera12.1/nios2eds/bin/gnu/H-i686-pc-linux-gnu/bin/../lib/gcc/nios2-elf/4.1.2/libgcc.a(_si_to_df.o)
 .debug_pubnames
                0x000002c6       0x20 /opt/altera/altera12.1/nios2eds/bin/gnu/H-i686-pc-linux-gnu/bin/../lib/gcc/nios2-elf/4.1.2/libgcc.a(_df_to_si.o)
 .debug_pubnames
                0x000002e6       0x22 /opt/altera/altera12.1/nios2eds/bin/gnu/H-i686-pc-linux-gnu/bin/../lib/gcc/nios2-elf/4.1.2/libgcc.a(_thenan_df.o)
 .debug_pubnames
                0x00000308       0x48 /opt/altera/altera12.1/nios2eds/bin/gnu/H-i686-pc-linux-gnu/bin/../lib/gcc/nios2-elf/4.1.2/libgcc.a(lib2-divmod.o)
 .debug_pubnames
                0x00000350       0x1f /opt/altera/altera12.1/nios2eds/bin/gnu/H-i686-pc-linux-gnu/bin/../lib/gcc/nios2-elf/4.1.2/libgcc.a(_muldi3.o)
 .debug_pubnames
                0x0000036f       0x1f /opt/altera/altera12.1/nios2eds/bin/gnu/H-i686-pc-linux-gnu/bin/../lib/gcc/nios2-elf/4.1.2/libgcc.a(_clzsi2.o)
 .debug_pubnames
                0x0000038e       0x1f /opt/altera/altera12.1/nios2eds/bin/gnu/H-i686-pc-linux-gnu/bin/../lib/gcc/nios2-elf/4.1.2/libgcc.a(_pack_df.o)
 .debug_pubnames
                0x000003ad       0x21 /opt/altera/altera12.1/nios2eds/bin/gnu/H-i686-pc-linux-gnu/bin/../lib/gcc/nios2-elf/4.1.2/libgcc.a(_unpack_df.o)
 .debug_pubnames
                0x000003ce       0x26 /opt/altera/altera12.1/nios2eds/bin/gnu/H-i686-pc-linux-gnu/bin/../lib/gcc/nios2-elf/4.1.2/libgcc.a(_fpcmp_parts_df.o)
 .debug_pubnames
                0x000003f4       0x20 /opt/altera/altera12.1/nios2eds/bin/gnu/H-i686-pc-linux-gnu/bin/../lib/gcc/nios2-elf/4.1.2/libgcc.a(_clz.o)
 .debug_pubnames
                0x00000414       0x1f ../akaho_66_bsp//libhal_bsp.a(alt_load.o)
 .debug_pubnames
                0x00000433       0x46 ../akaho_66_bsp//libhal_bsp.a(alt_main.o)
 .debug_pubnames
                0x00000479       0x34 ../akaho_66_bsp//libhal_bsp.a(alt_sys_init.o)
 .debug_pubnames
                0x000004ad       0xa5 ../akaho_66_bsp//libhal_bsp.a(altera_avalon_jtag_uart_fd.o)
 .debug_pubnames
                0x00000552       0x55 ../akaho_66_bsp//libhal_bsp.a(altera_avalon_jtag_uart_init.o)
 .debug_pubnames
                0x000005a7       0x34 ../akaho_66_bsp//libhal_bsp.a(altera_avalon_jtag_uart_ioctl.o)
 .debug_pubnames
                0x000005db       0x33 ../akaho_66_bsp//libhal_bsp.a(altera_avalon_jtag_uart_read.o)
 .debug_pubnames
                0x0000060e       0x34 ../akaho_66_bsp//libhal_bsp.a(altera_avalon_jtag_uart_write.o)
 .debug_pubnames
                0x00000642       0x26 ../akaho_66_bsp//libhal_bsp.a(alt_alarm_start.o)
 .debug_pubnames
                0x00000668       0x1c ../akaho_66_bsp//libhal_bsp.a(alt_close.o)
 .debug_pubnames
                0x00000684       0x2b ../akaho_66_bsp//libhal_bsp.a(alt_dcache_flush_all.o)
 .debug_pubnames
                0x000006af       0x63 ../akaho_66_bsp//libhal_bsp.a(alt_dev.o)
 .debug_pubnames
                0x00000712       0x2b ../akaho_66_bsp//libhal_bsp.a(alt_dev_llist_insert.o)
 .debug_pubnames
                0x0000073d       0x20 ../akaho_66_bsp//libhal_bsp.a(alt_do_ctors.o)
 .debug_pubnames
                0x0000075d       0x20 ../akaho_66_bsp//libhal_bsp.a(alt_do_dtors.o)
 .debug_pubnames
                0x0000077d       0x20 ../akaho_66_bsp//libhal_bsp.a(alt_errno.o)
 .debug_pubnames
                0x0000079d       0x2b ../akaho_66_bsp//libhal_bsp.a(alt_icache_flush_all.o)
 .debug_pubnames
                0x000007c8       0x6e ../akaho_66_bsp//libhal_bsp.a(alt_iic.o)
 .debug_pubnames
                0x00000836       0x2b ../akaho_66_bsp//libhal_bsp.a(alt_iic_isr_register.o)
 .debug_pubnames
                0x00000861       0x26 ../akaho_66_bsp//libhal_bsp.a(alt_io_redirect.o)
 .debug_pubnames
                0x00000887       0x32 ../akaho_66_bsp//libhal_bsp.a(alt_irq_handler.o)
 .debug_pubnames
                0x000008b9       0x3b ../akaho_66_bsp//libhal_bsp.a(alt_irq_vars.o)
 .debug_pubnames
                0x000008f4       0x1b ../akaho_66_bsp//libhal_bsp.a(alt_open.o)
 .debug_pubnames
                0x0000090f       0x25 ../akaho_66_bsp//libhal_bsp.a(alt_release_fd.o)
 .debug_pubnames
                0x00000934       0x68 ../akaho_66_bsp//libhal_bsp.a(alt_tick.o)
 .debug_pubnames
                0x0000099c       0x2c ../akaho_66_bsp//libhal_bsp.a(altera_nios2_irq.o)
 .debug_pubnames
                0x000009c8       0x23 ../akaho_66_bsp//libhal_bsp.a(alt_find_dev.o)
 .debug_pubnames
                0x000009eb       0x24 ../akaho_66_bsp//libhal_bsp.a(alt_find_file.o)
 .debug_pubnames
                0x00000a0f       0x21 ../akaho_66_bsp//libhal_bsp.a(alt_get_fd.o)
 .debug_pubnames
                0x00000a30       0x27 ../akaho_66_bsp//libhal_bsp.a(alt_icache_flush.o)
 .debug_pubnames
                0x00000a57       0x2a /opt/altera/altera12.1/nios2eds/bin/gnu/H-i686-pc-linux-gnu/bin/../lib/gcc/nios2-elf/4.1.2/../../../../nios2-elf/lib/libc.a(lib_a-atexit.o)
 .debug_pubnames
                0x00000a81       0x1b /opt/altera/altera12.1/nios2eds/bin/gnu/H-i686-pc-linux-gnu/bin/../lib/gcc/nios2-elf/4.1.2/../../../../nios2-elf/lib/libc.a(lib_a-exit.o)
 .debug_pubnames
                0x00000a9c       0x39 /opt/altera/altera12.1/nios2eds/bin/gnu/H-i686-pc-linux-gnu/bin/../lib/gcc/nios2-elf/4.1.2/../../../../nios2-elf/lib/libc.a(lib_a-impure.o)
 .debug_pubnames
                0x00000ad5       0x1c /opt/altera/altera12.1/nios2eds/bin/gnu/H-i686-pc-linux-gnu/bin/../lib/gcc/nios2-elf/4.1.2/../../../../nios2-elf/lib/libc.a(lib_a-int_errno.o)
 .debug_pubnames
                0x00000af1       0x1d /opt/altera/altera12.1/nios2eds/bin/gnu/H-i686-pc-linux-gnu/bin/../lib/gcc/nios2-elf/4.1.2/../../../../nios2-elf/lib/libc.a(lib_a-memcmp.o)
 .debug_pubnames
                0x00000b0e       0x1d /opt/altera/altera12.1/nios2eds/bin/gnu/H-i686-pc-linux-gnu/bin/../lib/gcc/nios2-elf/4.1.2/../../../../nios2-elf/lib/libc.a(lib_a-memcpy.o)
 .debug_pubnames
                0x00000b2b       0x1d /opt/altera/altera12.1/nios2eds/bin/gnu/H-i686-pc-linux-gnu/bin/../lib/gcc/nios2-elf/4.1.2/../../../../nios2-elf/lib/libc.a(lib_a-strlen.o)
 .debug_pubnames
                0x00000b48       0x2a /opt/altera/altera12.1/nios2eds/bin/gnu/H-i686-pc-linux-gnu/bin/../lib/gcc/nios2-elf/4.1.2/../../../../nios2-elf/lib/libc.a(lib_a-__atexit.o)
 .debug_pubnames
                0x00000b72       0x27 /opt/altera/altera12.1/nios2eds/bin/gnu/H-i686-pc-linux-gnu/bin/../lib/gcc/nios2-elf/4.1.2/../../../../nios2-elf/lib/libc.a(lib_a-__call_atexit.o)
 .debug_pubnames
                0x00000b99       0x1c ../akaho_66_bsp//libhal_bsp.a(alt_exit.o)

.debug_info     0x00000000     0xd9f3
 *(.debug_info .gnu.linkonce.wi.*)
 .debug_info    0x00000000       0x7c ../akaho_66_bsp//obj/HAL/src/crt0.o
 .debug_info    0x0000007c      0x54f obj/default/hello_world.o
 .debug_info    0x000005cb       0xfd /opt/altera/altera12.1/nios2eds/bin/gnu/H-i686-pc-linux-gnu/bin/../lib/gcc/nios2-elf/4.1.2/../../../../nios2-elf/lib/libm.a(lib_a-s_cos.o)
 .debug_info    0x000006c8       0xfd /opt/altera/altera12.1/nios2eds/bin/gnu/H-i686-pc-linux-gnu/bin/../lib/gcc/nios2-elf/4.1.2/../../../../nios2-elf/lib/libm.a(lib_a-s_sin.o)
 .debug_info    0x000007c5      0x364 /opt/altera/altera12.1/nios2eds/bin/gnu/H-i686-pc-linux-gnu/bin/../lib/gcc/nios2-elf/4.1.2/../../../../nios2-elf/lib/libm.a(lib_a-e_rem_pio2.o)
 .debug_info    0x00000b29      0x21f /opt/altera/altera12.1/nios2eds/bin/gnu/H-i686-pc-linux-gnu/bin/../lib/gcc/nios2-elf/4.1.2/../../../../nios2-elf/lib/libm.a(lib_a-k_cos.o)
 .debug_info    0x00000d48      0x2e6 /opt/altera/altera12.1/nios2eds/bin/gnu/H-i686-pc-linux-gnu/bin/../lib/gcc/nios2-elf/4.1.2/../../../../nios2-elf/lib/libm.a(lib_a-k_rem_pio2.o)
 .debug_info    0x0000102e      0x19e /opt/altera/altera12.1/nios2eds/bin/gnu/H-i686-pc-linux-gnu/bin/../lib/gcc/nios2-elf/4.1.2/../../../../nios2-elf/lib/libm.a(lib_a-k_sin.o)
 .debug_info    0x000011cc      0x13b /opt/altera/altera12.1/nios2eds/bin/gnu/H-i686-pc-linux-gnu/bin/../lib/gcc/nios2-elf/4.1.2/../../../../nios2-elf/lib/libm.a(lib_a-s_fabs.o)
 .debug_info    0x00001307      0x1bf /opt/altera/altera12.1/nios2eds/bin/gnu/H-i686-pc-linux-gnu/bin/../lib/gcc/nios2-elf/4.1.2/../../../../nios2-elf/lib/libm.a(lib_a-s_floor.o)
 .debug_info    0x000014c6      0x225 /opt/altera/altera12.1/nios2eds/bin/gnu/H-i686-pc-linux-gnu/bin/../lib/gcc/nios2-elf/4.1.2/../../../../nios2-elf/lib/libm.a(lib_a-s_scalbn.o)
 .debug_info    0x000016eb      0x154 /opt/altera/altera12.1/nios2eds/bin/gnu/H-i686-pc-linux-gnu/bin/../lib/gcc/nios2-elf/4.1.2/../../../../nios2-elf/lib/libm.a(lib_a-s_copysign.o)
 .debug_info    0x0000183f      0x493 /opt/altera/altera12.1/nios2eds/bin/gnu/H-i686-pc-linux-gnu/bin/../lib/gcc/nios2-elf/4.1.2/libgcc.a(_addsub_df.o)
 .debug_info    0x00001cd2      0x488 /opt/altera/altera12.1/nios2eds/bin/gnu/H-i686-pc-linux-gnu/bin/../lib/gcc/nios2-elf/4.1.2/libgcc.a(_mul_df.o)
 .debug_info    0x0000215a      0x29d /opt/altera/altera12.1/nios2eds/bin/gnu/H-i686-pc-linux-gnu/bin/../lib/gcc/nios2-elf/4.1.2/libgcc.a(_eq_df.o)
 .debug_info    0x000023f7      0x29d /opt/altera/altera12.1/nios2eds/bin/gnu/H-i686-pc-linux-gnu/bin/../lib/gcc/nios2-elf/4.1.2/libgcc.a(_gt_df.o)
 .debug_info    0x00002694      0x29d /opt/altera/altera12.1/nios2eds/bin/gnu/H-i686-pc-linux-gnu/bin/../lib/gcc/nios2-elf/4.1.2/libgcc.a(_ge_df.o)
 .debug_info    0x00002931      0x218 /opt/altera/altera12.1/nios2eds/bin/gnu/H-i686-pc-linux-gnu/bin/../lib/gcc/nios2-elf/4.1.2/libgcc.a(_si_to_df.o)
 .debug_info    0x00002b49      0x2cd /opt/altera/altera12.1/nios2eds/bin/gnu/H-i686-pc-linux-gnu/bin/../lib/gcc/nios2-elf/4.1.2/libgcc.a(_df_to_si.o)
 .debug_info    0x00002e16      0x164 /opt/altera/altera12.1/nios2eds/bin/gnu/H-i686-pc-linux-gnu/bin/../lib/gcc/nios2-elf/4.1.2/libgcc.a(_thenan_df.o)
 .debug_info    0x00002f7a      0x21c /opt/altera/altera12.1/nios2eds/bin/gnu/H-i686-pc-linux-gnu/bin/../lib/gcc/nios2-elf/4.1.2/libgcc.a(lib2-divmod.o)
 .debug_info    0x00003196      0x215 /opt/altera/altera12.1/nios2eds/bin/gnu/H-i686-pc-linux-gnu/bin/../lib/gcc/nios2-elf/4.1.2/libgcc.a(_muldi3.o)
 .debug_info    0x000033ab      0x130 /opt/altera/altera12.1/nios2eds/bin/gnu/H-i686-pc-linux-gnu/bin/../lib/gcc/nios2-elf/4.1.2/libgcc.a(_clzsi2.o)
 .debug_info    0x000034db      0x2fc /opt/altera/altera12.1/nios2eds/bin/gnu/H-i686-pc-linux-gnu/bin/../lib/gcc/nios2-elf/4.1.2/libgcc.a(_pack_df.o)
 .debug_info    0x000037d7      0x268 /opt/altera/altera12.1/nios2eds/bin/gnu/H-i686-pc-linux-gnu/bin/../lib/gcc/nios2-elf/4.1.2/libgcc.a(_unpack_df.o)
 .debug_info    0x00003a3f      0x21b /opt/altera/altera12.1/nios2eds/bin/gnu/H-i686-pc-linux-gnu/bin/../lib/gcc/nios2-elf/4.1.2/libgcc.a(_fpcmp_parts_df.o)
 .debug_info    0x00003c5a       0xc9 /opt/altera/altera12.1/nios2eds/bin/gnu/H-i686-pc-linux-gnu/bin/../lib/gcc/nios2-elf/4.1.2/libgcc.a(_clz.o)
 .debug_info    0x00003d23      0x28e ../akaho_66_bsp//libhal_bsp.a(alt_load.o)
 .debug_info    0x00003fb1      0x226 ../akaho_66_bsp//libhal_bsp.a(alt_main.o)
 .debug_info    0x000041d7      0x6d9 ../akaho_66_bsp//libhal_bsp.a(alt_sys_init.o)
 .debug_info    0x000048b0      0x7da ../akaho_66_bsp//libhal_bsp.a(altera_avalon_jtag_uart_fd.o)
 .debug_info    0x0000508a      0x602 ../akaho_66_bsp//libhal_bsp.a(altera_avalon_jtag_uart_init.o)
 .debug_info    0x0000568c      0x444 ../akaho_66_bsp//libhal_bsp.a(altera_avalon_jtag_uart_ioctl.o)
 .debug_info    0x00005ad0      0x547 ../akaho_66_bsp//libhal_bsp.a(altera_avalon_jtag_uart_read.o)
 .debug_info    0x00006017      0x53f ../akaho_66_bsp//libhal_bsp.a(altera_avalon_jtag_uart_write.o)
 .debug_info    0x00006556      0x443 ../akaho_66_bsp//libhal_bsp.a(alt_alarm_start.o)
 .debug_info    0x00006999      0x468 ../akaho_66_bsp//libhal_bsp.a(alt_close.o)
 .debug_info    0x00006e01      0x170 ../akaho_66_bsp//libhal_bsp.a(alt_dcache_flush_all.o)
 .debug_info    0x00006f71      0x680 ../akaho_66_bsp//libhal_bsp.a(alt_dev.o)
 .debug_info    0x000075f1      0x2b8 ../akaho_66_bsp//libhal_bsp.a(alt_dev_llist_insert.o)
 .debug_info    0x000078a9      0x110 ../akaho_66_bsp//libhal_bsp.a(alt_do_ctors.o)
 .debug_info    0x000079b9      0x10f ../akaho_66_bsp//libhal_bsp.a(alt_do_dtors.o)
 .debug_info    0x00007ac8      0x165 ../akaho_66_bsp//libhal_bsp.a(alt_errno.o)
 .debug_info    0x00007c2d      0x15d ../akaho_66_bsp//libhal_bsp.a(alt_icache_flush_all.o)
 .debug_info    0x00007d8a      0x494 ../akaho_66_bsp//libhal_bsp.a(alt_iic.o)
 .debug_info    0x0000821e      0x315 ../akaho_66_bsp//libhal_bsp.a(alt_iic_isr_register.o)
 .debug_info    0x00008533      0x696 ../akaho_66_bsp//libhal_bsp.a(alt_io_redirect.o)
 .debug_info    0x00008bc9       0x85 ../akaho_66_bsp//libhal_bsp.a(alt_irq_entry.o)
 .debug_info    0x00008c4e      0x276 ../akaho_66_bsp//libhal_bsp.a(alt_irq_handler.o)
 .debug_info    0x00008ec4      0x168 ../akaho_66_bsp//libhal_bsp.a(alt_irq_vars.o)
 .debug_info    0x0000902c      0x526 ../akaho_66_bsp//libhal_bsp.a(alt_open.o)
 .debug_info    0x00009552      0x3f3 ../akaho_66_bsp//libhal_bsp.a(alt_release_fd.o)
 .debug_info    0x00009945      0x3ff ../akaho_66_bsp//libhal_bsp.a(alt_tick.o)
 .debug_info    0x00009d44      0x15a ../akaho_66_bsp//libhal_bsp.a(altera_nios2_irq.o)
 .debug_info    0x00009e9e       0x8b ../akaho_66_bsp//libhal_bsp.a(alt_exception_entry.o)
 .debug_info    0x00009f29      0x419 ../akaho_66_bsp//libhal_bsp.a(alt_find_dev.o)
 .debug_info    0x0000a342      0x420 ../akaho_66_bsp//libhal_bsp.a(alt_find_file.o)
 .debug_info    0x0000a762      0x461 ../akaho_66_bsp//libhal_bsp.a(alt_get_fd.o)
 .debug_info    0x0000abc3      0x1a5 ../akaho_66_bsp//libhal_bsp.a(alt_icache_flush.o)
 .debug_info    0x0000ad68      0x181 /opt/altera/altera12.1/nios2eds/bin/gnu/H-i686-pc-linux-gnu/bin/../lib/gcc/nios2-elf/4.1.2/../../../../nios2-elf/lib/libc.a(lib_a-atexit.o)
 .debug_info    0x0000aee9      0x93f /opt/altera/altera12.1/nios2eds/bin/gnu/H-i686-pc-linux-gnu/bin/../lib/gcc/nios2-elf/4.1.2/../../../../nios2-elf/lib/libc.a(lib_a-exit.o)
 .debug_info    0x0000b828      0x93d /opt/altera/altera12.1/nios2eds/bin/gnu/H-i686-pc-linux-gnu/bin/../lib/gcc/nios2-elf/4.1.2/../../../../nios2-elf/lib/libc.a(lib_a-impure.o)
 .debug_info    0x0000c165       0x8c /opt/altera/altera12.1/nios2eds/bin/gnu/H-i686-pc-linux-gnu/bin/../lib/gcc/nios2-elf/4.1.2/../../../../nios2-elf/lib/libc.a(lib_a-int_errno.o)
 .debug_info    0x0000c1f1      0x115 /opt/altera/altera12.1/nios2eds/bin/gnu/H-i686-pc-linux-gnu/bin/../lib/gcc/nios2-elf/4.1.2/../../../../nios2-elf/lib/libc.a(lib_a-memcmp.o)
 .debug_info    0x0000c306      0x106 /opt/altera/altera12.1/nios2eds/bin/gnu/H-i686-pc-linux-gnu/bin/../lib/gcc/nios2-elf/4.1.2/../../../../nios2-elf/lib/libc.a(lib_a-memcpy.o)
 .debug_info    0x0000c40c       0xdb /opt/altera/altera12.1/nios2eds/bin/gnu/H-i686-pc-linux-gnu/bin/../lib/gcc/nios2-elf/4.1.2/../../../../nios2-elf/lib/libc.a(lib_a-strlen.o)
 .debug_info    0x0000c4e7      0x99c /opt/altera/altera12.1/nios2eds/bin/gnu/H-i686-pc-linux-gnu/bin/../lib/gcc/nios2-elf/4.1.2/../../../../nios2-elf/lib/libc.a(lib_a-__atexit.o)
 .debug_info    0x0000ce83      0x9e2 /opt/altera/altera12.1/nios2eds/bin/gnu/H-i686-pc-linux-gnu/bin/../lib/gcc/nios2-elf/4.1.2/../../../../nios2-elf/lib/libc.a(lib_a-__call_atexit.o)
 .debug_info    0x0000d865      0x18e ../akaho_66_bsp//libhal_bsp.a(alt_exit.o)

.debug_abbrev   0x00000000     0x3f67
 *(.debug_abbrev)
 .debug_abbrev  0x00000000       0x12 ../akaho_66_bsp//obj/HAL/src/crt0.o
 .debug_abbrev  0x00000012       0xd3 obj/default/hello_world.o
 .debug_abbrev  0x000000e5       0x9a /opt/altera/altera12.1/nios2eds/bin/gnu/H-i686-pc-linux-gnu/bin/../lib/gcc/nios2-elf/4.1.2/../../../../nios2-elf/lib/libm.a(lib_a-s_cos.o)
 .debug_abbrev  0x0000017f       0x9a /opt/altera/altera12.1/nios2eds/bin/gnu/H-i686-pc-linux-gnu/bin/../lib/gcc/nios2-elf/4.1.2/../../../../nios2-elf/lib/libm.a(lib_a-s_sin.o)
 .debug_abbrev  0x00000219      0x135 /opt/altera/altera12.1/nios2eds/bin/gnu/H-i686-pc-linux-gnu/bin/../lib/gcc/nios2-elf/4.1.2/../../../../nios2-elf/lib/libm.a(lib_a-e_rem_pio2.o)
 .debug_abbrev  0x0000034e       0xec /opt/altera/altera12.1/nios2eds/bin/gnu/H-i686-pc-linux-gnu/bin/../lib/gcc/nios2-elf/4.1.2/../../../../nios2-elf/lib/libm.a(lib_a-k_cos.o)
 .debug_abbrev  0x0000043a      0x104 /opt/altera/altera12.1/nios2eds/bin/gnu/H-i686-pc-linux-gnu/bin/../lib/gcc/nios2-elf/4.1.2/../../../../nios2-elf/lib/libm.a(lib_a-k_rem_pio2.o)
 .debug_abbrev  0x0000053e       0xa0 /opt/altera/altera12.1/nios2eds/bin/gnu/H-i686-pc-linux-gnu/bin/../lib/gcc/nios2-elf/4.1.2/../../../../nios2-elf/lib/libm.a(lib_a-k_sin.o)
 .debug_abbrev  0x000005de       0xc3 /opt/altera/altera12.1/nios2eds/bin/gnu/H-i686-pc-linux-gnu/bin/../lib/gcc/nios2-elf/4.1.2/../../../../nios2-elf/lib/libm.a(lib_a-s_fabs.o)
 .debug_abbrev  0x000006a1       0xea /opt/altera/altera12.1/nios2eds/bin/gnu/H-i686-pc-linux-gnu/bin/../lib/gcc/nios2-elf/4.1.2/../../../../nios2-elf/lib/libm.a(lib_a-s_floor.o)
 .debug_abbrev  0x0000078b       0xf5 /opt/altera/altera12.1/nios2eds/bin/gnu/H-i686-pc-linux-gnu/bin/../lib/gcc/nios2-elf/4.1.2/../../../../nios2-elf/lib/libm.a(lib_a-s_scalbn.o)
 .debug_abbrev  0x00000880       0xc3 /opt/altera/altera12.1/nios2eds/bin/gnu/H-i686-pc-linux-gnu/bin/../lib/gcc/nios2-elf/4.1.2/../../../../nios2-elf/lib/libm.a(lib_a-s_copysign.o)
 .debug_abbrev  0x00000943      0x1d2 /opt/altera/altera12.1/nios2eds/bin/gnu/H-i686-pc-linux-gnu/bin/../lib/gcc/nios2-elf/4.1.2/libgcc.a(_addsub_df.o)
 .debug_abbrev  0x00000b15      0x204 /opt/altera/altera12.1/nios2eds/bin/gnu/H-i686-pc-linux-gnu/bin/../lib/gcc/nios2-elf/4.1.2/libgcc.a(_mul_df.o)
 .debug_abbrev  0x00000d19      0x151 /opt/altera/altera12.1/nios2eds/bin/gnu/H-i686-pc-linux-gnu/bin/../lib/gcc/nios2-elf/4.1.2/libgcc.a(_eq_df.o)
 .debug_abbrev  0x00000e6a      0x151 /opt/altera/altera12.1/nios2eds/bin/gnu/H-i686-pc-linux-gnu/bin/../lib/gcc/nios2-elf/4.1.2/libgcc.a(_gt_df.o)
 .debug_abbrev  0x00000fbb      0x151 /opt/altera/altera12.1/nios2eds/bin/gnu/H-i686-pc-linux-gnu/bin/../lib/gcc/nios2-elf/4.1.2/libgcc.a(_ge_df.o)
 .debug_abbrev  0x0000110c      0x13f /opt/altera/altera12.1/nios2eds/bin/gnu/H-i686-pc-linux-gnu/bin/../lib/gcc/nios2-elf/4.1.2/libgcc.a(_si_to_df.o)
 .debug_abbrev  0x0000124b      0x176 /opt/altera/altera12.1/nios2eds/bin/gnu/H-i686-pc-linux-gnu/bin/../lib/gcc/nios2-elf/4.1.2/libgcc.a(_df_to_si.o)
 .debug_abbrev  0x000013c1       0xba /opt/altera/altera12.1/nios2eds/bin/gnu/H-i686-pc-linux-gnu/bin/../lib/gcc/nios2-elf/4.1.2/libgcc.a(_thenan_df.o)
 .debug_abbrev  0x0000147b       0xe0 /opt/altera/altera12.1/nios2eds/bin/gnu/H-i686-pc-linux-gnu/bin/../lib/gcc/nios2-elf/4.1.2/libgcc.a(lib2-divmod.o)
 .debug_abbrev  0x0000155b       0xee /opt/altera/altera12.1/nios2eds/bin/gnu/H-i686-pc-linux-gnu/bin/../lib/gcc/nios2-elf/4.1.2/libgcc.a(_muldi3.o)
 .debug_abbrev  0x00001649       0xb9 /opt/altera/altera12.1/nios2eds/bin/gnu/H-i686-pc-linux-gnu/bin/../lib/gcc/nios2-elf/4.1.2/libgcc.a(_clzsi2.o)
 .debug_abbrev  0x00001702      0x1b1 /opt/altera/altera12.1/nios2eds/bin/gnu/H-i686-pc-linux-gnu/bin/../lib/gcc/nios2-elf/4.1.2/libgcc.a(_pack_df.o)
 .debug_abbrev  0x000018b3      0x149 /opt/altera/altera12.1/nios2eds/bin/gnu/H-i686-pc-linux-gnu/bin/../lib/gcc/nios2-elf/4.1.2/libgcc.a(_unpack_df.o)
 .debug_abbrev  0x000019fc      0x132 /opt/altera/altera12.1/nios2eds/bin/gnu/H-i686-pc-linux-gnu/bin/../lib/gcc/nios2-elf/4.1.2/libgcc.a(_fpcmp_parts_df.o)
 .debug_abbrev  0x00001b2e       0x61 /opt/altera/altera12.1/nios2eds/bin/gnu/H-i686-pc-linux-gnu/bin/../lib/gcc/nios2-elf/4.1.2/libgcc.a(_clz.o)
 .debug_abbrev  0x00001b8f       0x88 ../akaho_66_bsp//libhal_bsp.a(alt_load.o)
 .debug_abbrev  0x00001c17       0xb7 ../akaho_66_bsp//libhal_bsp.a(alt_main.o)
 .debug_abbrev  0x00001cce      0x142 ../akaho_66_bsp//libhal_bsp.a(alt_sys_init.o)
 .debug_abbrev  0x00001e10       0xf7 ../akaho_66_bsp//libhal_bsp.a(altera_avalon_jtag_uart_fd.o)
 .debug_abbrev  0x00001f07      0x17c ../akaho_66_bsp//libhal_bsp.a(altera_avalon_jtag_uart_init.o)
 .debug_abbrev  0x00002083       0xf0 ../akaho_66_bsp//libhal_bsp.a(altera_avalon_jtag_uart_ioctl.o)
 .debug_abbrev  0x00002173      0x191 ../akaho_66_bsp//libhal_bsp.a(altera_avalon_jtag_uart_read.o)
 .debug_abbrev  0x00002304      0x18d ../akaho_66_bsp//libhal_bsp.a(altera_avalon_jtag_uart_write.o)
 .debug_abbrev  0x00002491      0x172 ../akaho_66_bsp//libhal_bsp.a(alt_alarm_start.o)
 .debug_abbrev  0x00002603       0xfb ../akaho_66_bsp//libhal_bsp.a(alt_close.o)
 .debug_abbrev  0x000026fe       0x57 ../akaho_66_bsp//libhal_bsp.a(alt_dcache_flush_all.o)
 .debug_abbrev  0x00002755       0xc7 ../akaho_66_bsp//libhal_bsp.a(alt_dev.o)
 .debug_abbrev  0x0000281c       0xf6 ../akaho_66_bsp//libhal_bsp.a(alt_dev_llist_insert.o)
 .debug_abbrev  0x00002912       0x76 ../akaho_66_bsp//libhal_bsp.a(alt_do_ctors.o)
 .debug_abbrev  0x00002988       0x76 ../akaho_66_bsp//libhal_bsp.a(alt_do_dtors.o)
 .debug_abbrev  0x000029fe       0x5e ../akaho_66_bsp//libhal_bsp.a(alt_errno.o)
 .debug_abbrev  0x00002a5c       0x3f ../akaho_66_bsp//libhal_bsp.a(alt_icache_flush_all.o)
 .debug_abbrev  0x00002a9b      0x134 ../akaho_66_bsp//libhal_bsp.a(alt_iic.o)
 .debug_abbrev  0x00002bcf      0x14e ../akaho_66_bsp//libhal_bsp.a(alt_iic_isr_register.o)
 .debug_abbrev  0x00002d1d       0xf0 ../akaho_66_bsp//libhal_bsp.a(alt_io_redirect.o)
 .debug_abbrev  0x00002e0d       0x12 ../akaho_66_bsp//libhal_bsp.a(alt_irq_entry.o)
 .debug_abbrev  0x00002e1f      0x10c ../akaho_66_bsp//libhal_bsp.a(alt_irq_handler.o)
 .debug_abbrev  0x00002f2b       0x44 ../akaho_66_bsp//libhal_bsp.a(alt_irq_vars.o)
 .debug_abbrev  0x00002f6f      0x112 ../akaho_66_bsp//libhal_bsp.a(alt_open.o)
 .debug_abbrev  0x00003081       0xc1 ../akaho_66_bsp//libhal_bsp.a(alt_release_fd.o)
 .debug_abbrev  0x00003142      0x150 ../akaho_66_bsp//libhal_bsp.a(alt_tick.o)
 .debug_abbrev  0x00003292       0x3f ../akaho_66_bsp//libhal_bsp.a(altera_nios2_irq.o)
 .debug_abbrev  0x000032d1       0x12 ../akaho_66_bsp//libhal_bsp.a(alt_exception_entry.o)
 .debug_abbrev  0x000032e3       0xcf ../akaho_66_bsp//libhal_bsp.a(alt_find_dev.o)
 .debug_abbrev  0x000033b2       0xcf ../akaho_66_bsp//libhal_bsp.a(alt_find_file.o)
 .debug_abbrev  0x00003481       0xfb ../akaho_66_bsp//libhal_bsp.a(alt_get_fd.o)
 .debug_abbrev  0x0000357c       0x7a ../akaho_66_bsp//libhal_bsp.a(alt_icache_flush.o)
 .debug_abbrev  0x000035f6       0xb7 /opt/altera/altera12.1/nios2eds/bin/gnu/H-i686-pc-linux-gnu/bin/../lib/gcc/nios2-elf/4.1.2/../../../../nios2-elf/lib/libc.a(lib_a-atexit.o)
 .debug_abbrev  0x000036ad      0x16e /opt/altera/altera12.1/nios2eds/bin/gnu/H-i686-pc-linux-gnu/bin/../lib/gcc/nios2-elf/4.1.2/../../../../nios2-elf/lib/libc.a(lib_a-exit.o)
 .debug_abbrev  0x0000381b      0x157 /opt/altera/altera12.1/nios2eds/bin/gnu/H-i686-pc-linux-gnu/bin/../lib/gcc/nios2-elf/4.1.2/../../../../nios2-elf/lib/libc.a(lib_a-impure.o)
 .debug_abbrev  0x00003972       0x3b /opt/altera/altera12.1/nios2eds/bin/gnu/H-i686-pc-linux-gnu/bin/../lib/gcc/nios2-elf/4.1.2/../../../../nios2-elf/lib/libc.a(lib_a-int_errno.o)
 .debug_abbrev  0x000039ad       0x7c /opt/altera/altera12.1/nios2eds/bin/gnu/H-i686-pc-linux-gnu/bin/../lib/gcc/nios2-elf/4.1.2/../../../../nios2-elf/lib/libc.a(lib_a-memcmp.o)
 .debug_abbrev  0x00003a29       0xb5 /opt/altera/altera12.1/nios2eds/bin/gnu/H-i686-pc-linux-gnu/bin/../lib/gcc/nios2-elf/4.1.2/../../../../nios2-elf/lib/libc.a(lib_a-memcpy.o)
 .debug_abbrev  0x00003ade       0x8b /opt/altera/altera12.1/nios2eds/bin/gnu/H-i686-pc-linux-gnu/bin/../lib/gcc/nios2-elf/4.1.2/../../../../nios2-elf/lib/libc.a(lib_a-strlen.o)
 .debug_abbrev  0x00003b69      0x1ae /opt/altera/altera12.1/nios2eds/bin/gnu/H-i686-pc-linux-gnu/bin/../lib/gcc/nios2-elf/4.1.2/../../../../nios2-elf/lib/libc.a(lib_a-__atexit.o)
 .debug_abbrev  0x00003d17      0x1de /opt/altera/altera12.1/nios2eds/bin/gnu/H-i686-pc-linux-gnu/bin/../lib/gcc/nios2-elf/4.1.2/../../../../nios2-elf/lib/libc.a(lib_a-__call_atexit.o)
 .debug_abbrev  0x00003ef5       0x72 ../akaho_66_bsp//libhal_bsp.a(alt_exit.o)

.debug_line     0x00000000     0xa561
 *(.debug_line)
 .debug_line    0x00000000       0x72 ../akaho_66_bsp//obj/HAL/src/crt0.o
 .debug_line    0x00000072      0x4be obj/default/hello_world.o
 .debug_line    0x00000530      0x299 /opt/altera/altera12.1/nios2eds/bin/gnu/H-i686-pc-linux-gnu/bin/../lib/gcc/nios2-elf/4.1.2/../../../../nios2-elf/lib/libm.a(lib_a-s_cos.o)
 .debug_line    0x000007c9      0x299 /opt/altera/altera12.1/nios2eds/bin/gnu/H-i686-pc-linux-gnu/bin/../lib/gcc/nios2-elf/4.1.2/../../../../nios2-elf/lib/libm.a(lib_a-s_sin.o)
 .debug_line    0x00000a62      0x652 /opt/altera/altera12.1/nios2eds/bin/gnu/H-i686-pc-linux-gnu/bin/../lib/gcc/nios2-elf/4.1.2/../../../../nios2-elf/lib/libm.a(lib_a-e_rem_pio2.o)
 .debug_line    0x000010b4      0x2bd /opt/altera/altera12.1/nios2eds/bin/gnu/H-i686-pc-linux-gnu/bin/../lib/gcc/nios2-elf/4.1.2/../../../../nios2-elf/lib/libm.a(lib_a-k_cos.o)
 .debug_line    0x00001371      0x8d2 /opt/altera/altera12.1/nios2eds/bin/gnu/H-i686-pc-linux-gnu/bin/../lib/gcc/nios2-elf/4.1.2/../../../../nios2-elf/lib/libm.a(lib_a-k_rem_pio2.o)
 .debug_line    0x00001c43      0x2a9 /opt/altera/altera12.1/nios2eds/bin/gnu/H-i686-pc-linux-gnu/bin/../lib/gcc/nios2-elf/4.1.2/../../../../nios2-elf/lib/libm.a(lib_a-k_sin.o)
 .debug_line    0x00001eec      0x222 /opt/altera/altera12.1/nios2eds/bin/gnu/H-i686-pc-linux-gnu/bin/../lib/gcc/nios2-elf/4.1.2/../../../../nios2-elf/lib/libm.a(lib_a-s_fabs.o)
 .debug_line    0x0000210e      0x301 /opt/altera/altera12.1/nios2eds/bin/gnu/H-i686-pc-linux-gnu/bin/../lib/gcc/nios2-elf/4.1.2/../../../../nios2-elf/lib/libm.a(lib_a-s_floor.o)
 .debug_line    0x0000240f      0x328 /opt/altera/altera12.1/nios2eds/bin/gnu/H-i686-pc-linux-gnu/bin/../lib/gcc/nios2-elf/4.1.2/../../../../nios2-elf/lib/libm.a(lib_a-s_scalbn.o)
 .debug_line    0x00002737      0x226 /opt/altera/altera12.1/nios2eds/bin/gnu/H-i686-pc-linux-gnu/bin/../lib/gcc/nios2-elf/4.1.2/../../../../nios2-elf/lib/libm.a(lib_a-s_copysign.o)
 .debug_line    0x0000295d      0x430 /opt/altera/altera12.1/nios2eds/bin/gnu/H-i686-pc-linux-gnu/bin/../lib/gcc/nios2-elf/4.1.2/libgcc.a(_addsub_df.o)
 .debug_line    0x00002d8d      0x3e5 /opt/altera/altera12.1/nios2eds/bin/gnu/H-i686-pc-linux-gnu/bin/../lib/gcc/nios2-elf/4.1.2/libgcc.a(_mul_df.o)
 .debug_line    0x00003172      0x129 /opt/altera/altera12.1/nios2eds/bin/gnu/H-i686-pc-linux-gnu/bin/../lib/gcc/nios2-elf/4.1.2/libgcc.a(_eq_df.o)
 .debug_line    0x0000329b      0x129 /opt/altera/altera12.1/nios2eds/bin/gnu/H-i686-pc-linux-gnu/bin/../lib/gcc/nios2-elf/4.1.2/libgcc.a(_gt_df.o)
 .debug_line    0x000033c4      0x129 /opt/altera/altera12.1/nios2eds/bin/gnu/H-i686-pc-linux-gnu/bin/../lib/gcc/nios2-elf/4.1.2/libgcc.a(_ge_df.o)
 .debug_line    0x000034ed      0x175 /opt/altera/altera12.1/nios2eds/bin/gnu/H-i686-pc-linux-gnu/bin/../lib/gcc/nios2-elf/4.1.2/libgcc.a(_si_to_df.o)
 .debug_line    0x00003662      0x149 /opt/altera/altera12.1/nios2eds/bin/gnu/H-i686-pc-linux-gnu/bin/../lib/gcc/nios2-elf/4.1.2/libgcc.a(_df_to_si.o)
 .debug_line    0x000037ab       0x94 /opt/altera/altera12.1/nios2eds/bin/gnu/H-i686-pc-linux-gnu/bin/../lib/gcc/nios2-elf/4.1.2/libgcc.a(_thenan_df.o)
 .debug_line    0x0000383f      0x2c3 /opt/altera/altera12.1/nios2eds/bin/gnu/H-i686-pc-linux-gnu/bin/../lib/gcc/nios2-elf/4.1.2/libgcc.a(lib2-divmod.o)
 .debug_line    0x00003b02      0x193 /opt/altera/altera12.1/nios2eds/bin/gnu/H-i686-pc-linux-gnu/bin/../lib/gcc/nios2-elf/4.1.2/libgcc.a(_muldi3.o)
 .debug_line    0x00003c95      0x179 /opt/altera/altera12.1/nios2eds/bin/gnu/H-i686-pc-linux-gnu/bin/../lib/gcc/nios2-elf/4.1.2/libgcc.a(_clzsi2.o)
 .debug_line    0x00003e0e      0x222 /opt/altera/altera12.1/nios2eds/bin/gnu/H-i686-pc-linux-gnu/bin/../lib/gcc/nios2-elf/4.1.2/libgcc.a(_pack_df.o)
 .debug_line    0x00004030      0x1e4 /opt/altera/altera12.1/nios2eds/bin/gnu/H-i686-pc-linux-gnu/bin/../lib/gcc/nios2-elf/4.1.2/libgcc.a(_unpack_df.o)
 .debug_line    0x00004214      0x187 /opt/altera/altera12.1/nios2eds/bin/gnu/H-i686-pc-linux-gnu/bin/../lib/gcc/nios2-elf/4.1.2/libgcc.a(_fpcmp_parts_df.o)
 .debug_line    0x0000439b      0x11e /opt/altera/altera12.1/nios2eds/bin/gnu/H-i686-pc-linux-gnu/bin/../lib/gcc/nios2-elf/4.1.2/libgcc.a(_clz.o)
 .debug_line    0x000044b9      0x22b ../akaho_66_bsp//libhal_bsp.a(alt_load.o)
 .debug_line    0x000046e4      0x2de ../akaho_66_bsp//libhal_bsp.a(alt_main.o)
 .debug_line    0x000049c2      0x2ba ../akaho_66_bsp//libhal_bsp.a(alt_sys_init.o)
 .debug_line    0x00004c7c      0x221 ../akaho_66_bsp//libhal_bsp.a(altera_avalon_jtag_uart_fd.o)
 .debug_line    0x00004e9d      0x4bf ../akaho_66_bsp//libhal_bsp.a(altera_avalon_jtag_uart_init.o)
 .debug_line    0x0000535c      0x32b ../akaho_66_bsp//libhal_bsp.a(altera_avalon_jtag_uart_ioctl.o)
 .debug_line    0x00005687      0x40b ../akaho_66_bsp//libhal_bsp.a(altera_avalon_jtag_uart_read.o)
 .debug_line    0x00005a92      0x419 ../akaho_66_bsp//libhal_bsp.a(altera_avalon_jtag_uart_write.o)
 .debug_line    0x00005eab      0x2f0 ../akaho_66_bsp//libhal_bsp.a(alt_alarm_start.o)
 .debug_line    0x0000619b      0x2ad ../akaho_66_bsp//libhal_bsp.a(alt_close.o)
 .debug_line    0x00006448      0x1e1 ../akaho_66_bsp//libhal_bsp.a(alt_dcache_flush_all.o)
 .debug_line    0x00006629      0x268 ../akaho_66_bsp//libhal_bsp.a(alt_dev.o)
 .debug_line    0x00006891      0x26e ../akaho_66_bsp//libhal_bsp.a(alt_dev_llist_insert.o)
 .debug_line    0x00006aff       0x83 ../akaho_66_bsp//libhal_bsp.a(alt_do_ctors.o)
 .debug_line    0x00006b82       0x83 ../akaho_66_bsp//libhal_bsp.a(alt_do_dtors.o)
 .debug_line    0x00006c05      0x1be ../akaho_66_bsp//libhal_bsp.a(alt_errno.o)
 .debug_line    0x00006dc3      0x1d1 ../akaho_66_bsp//libhal_bsp.a(alt_icache_flush_all.o)
 .debug_line    0x00006f94      0x2dc ../akaho_66_bsp//libhal_bsp.a(alt_iic.o)
 .debug_line    0x00007270      0x25d ../akaho_66_bsp//libhal_bsp.a(alt_iic_isr_register.o)
 .debug_line    0x000074cd      0x2c8 ../akaho_66_bsp//libhal_bsp.a(alt_io_redirect.o)
 .debug_line    0x00007795       0x6b ../akaho_66_bsp//libhal_bsp.a(alt_irq_entry.o)
 .debug_line    0x00007800      0x25c ../akaho_66_bsp//libhal_bsp.a(alt_irq_handler.o)
 .debug_line    0x00007a5c       0x72 ../akaho_66_bsp//libhal_bsp.a(alt_irq_vars.o)
 .debug_line    0x00007ace      0x313 ../akaho_66_bsp//libhal_bsp.a(alt_open.o)
 .debug_line    0x00007de1       0xed ../akaho_66_bsp//libhal_bsp.a(alt_release_fd.o)