------------------------------------------------------------
TimeQuest Timing Analyzer Summary
------------------------------------------------------------

Type  : Slow Model Setup 'V0|altpll_component|pll|clk[1]'
Slack : 5.598
TNS   : 0.000

Type  : Slow Model Hold 'V0|altpll_component|pll|clk[1]'
Slack : 0.391
TNS   : 0.000

Type  : Slow Model Recovery 'V0|altpll_component|pll|clk[1]'
Slack : 6.267
TNS   : 0.000

Type  : Slow Model Removal 'V0|altpll_component|pll|clk[1]'
Slack : 2.460
TNS   : 0.000

Type  : Slow Model Minimum Pulse Width 'V0|altpll_component|pll|clk[1]'
Slack : 7.873
TNS   : 0.000

Type  : Slow Model Minimum Pulse Width 'Clk_50'
Slack : 10.000
TNS   : 0.000

Type  : Slow Model Minimum Pulse Width 'altera_reserved_tck'
Slack : 97.778
TNS   : 0.000

Type  : Fast Model Setup 'V0|altpll_component|pll|clk[1]'
Slack : 8.165
TNS   : 0.000

Type  : Fast Model Hold 'V0|altpll_component|pll|clk[1]'
Slack : 0.215
TNS   : 0.000

Type  : Fast Model Recovery 'V0|altpll_component|pll|clk[1]'
Slack : 7.855
TNS   : 0.000

Type  : Fast Model Removal 'V0|altpll_component|pll|clk[1]'
Slack : 1.211
TNS   : 0.000

Type  : Fast Model Minimum Pulse Width 'V0|altpll_component|pll|clk[1]'
Slack : 7.873
TNS   : 0.000

Type  : Fast Model Minimum Pulse Width 'Clk_50'
Slack : 10.000
TNS   : 0.000

Type  : Fast Model Minimum Pulse Width 'altera_reserved_tck'
Slack : 97.778
TNS   : 0.000

------------------------------------------------------------
